Archive member included to satisfy reference by file (symbol)

C:/ST/STM32CubeIDE_1.13.0/STM32CubeIDE/plugins/com.st.stm32cube.ide.mcu.externaltools.gnu-tools-for-stm32.12.3.rel1.win32_1.0.100.202403111256/tools/bin/../lib/gcc/arm-none-eabi/12.3.1/../../../../arm-none-eabi/lib/thumb/v6-m/nofp\libc_nano.a(libc_a-exit.o)
                              C:/ST/STM32CubeIDE_1.13.0/STM32CubeIDE/plugins/com.st.stm32cube.ide.mcu.externaltools.gnu-tools-for-stm32.12.3.rel1.win32_1.0.100.202403111256/tools/bin/../lib/gcc/arm-none-eabi/12.3.1/../../../../arm-none-eabi/lib/thumb/v6-m/nofp/crt0.o (exit)
C:/ST/STM32CubeIDE_1.13.0/STM32CubeIDE/plugins/com.st.stm32cube.ide.mcu.externaltools.gnu-tools-for-stm32.12.3.rel1.win32_1.0.100.202403111256/tools/bin/../lib/gcc/arm-none-eabi/12.3.1/../../../../arm-none-eabi/lib/thumb/v6-m/nofp\libc_nano.a(libc_a-findfp.o)
                              C:/ST/STM32CubeIDE_1.13.0/STM32CubeIDE/plugins/com.st.stm32cube.ide.mcu.externaltools.gnu-tools-for-stm32.12.3.rel1.win32_1.0.100.202403111256/tools/bin/../lib/gcc/arm-none-eabi/12.3.1/../../../../arm-none-eabi/lib/thumb/v6-m/nofp\libc_nano.a(libc_a-exit.o) (__stdio_exit_handler)
C:/ST/STM32CubeIDE_1.13.0/STM32CubeIDE/plugins/com.st.stm32cube.ide.mcu.externaltools.gnu-tools-for-stm32.12.3.rel1.win32_1.0.100.202403111256/tools/bin/../lib/gcc/arm-none-eabi/12.3.1/../../../../arm-none-eabi/lib/thumb/v6-m/nofp\libc_nano.a(libc_a-fwalk.o)
                              C:/ST/STM32CubeIDE_1.13.0/STM32CubeIDE/plugins/com.st.stm32cube.ide.mcu.externaltools.gnu-tools-for-stm32.12.3.rel1.win32_1.0.100.202403111256/tools/bin/../lib/gcc/arm-none-eabi/12.3.1/../../../../arm-none-eabi/lib/thumb/v6-m/nofp\libc_nano.a(libc_a-findfp.o) (_fwalk_sglue)
C:/ST/STM32CubeIDE_1.13.0/STM32CubeIDE/plugins/com.st.stm32cube.ide.mcu.externaltools.gnu-tools-for-stm32.12.3.rel1.win32_1.0.100.202403111256/tools/bin/../lib/gcc/arm-none-eabi/12.3.1/../../../../arm-none-eabi/lib/thumb/v6-m/nofp\libc_nano.a(libc_a-stdio.o)
                              C:/ST/STM32CubeIDE_1.13.0/STM32CubeIDE/plugins/com.st.stm32cube.ide.mcu.externaltools.gnu-tools-for-stm32.12.3.rel1.win32_1.0.100.202403111256/tools/bin/../lib/gcc/arm-none-eabi/12.3.1/../../../../arm-none-eabi/lib/thumb/v6-m/nofp\libc_nano.a(libc_a-findfp.o) (__sread)
C:/ST/STM32CubeIDE_1.13.0/STM32CubeIDE/plugins/com.st.stm32cube.ide.mcu.externaltools.gnu-tools-for-stm32.12.3.rel1.win32_1.0.100.202403111256/tools/bin/../lib/gcc/arm-none-eabi/12.3.1/../../../../arm-none-eabi/lib/thumb/v6-m/nofp\libc_nano.a(libc_a-memset.o)
                              C:/ST/STM32CubeIDE_1.13.0/STM32CubeIDE/plugins/com.st.stm32cube.ide.mcu.externaltools.gnu-tools-for-stm32.12.3.rel1.win32_1.0.100.202403111256/tools/bin/../lib/gcc/arm-none-eabi/12.3.1/../../../../arm-none-eabi/lib/thumb/v6-m/nofp/crt0.o (memset)
C:/ST/STM32CubeIDE_1.13.0/STM32CubeIDE/plugins/com.st.stm32cube.ide.mcu.externaltools.gnu-tools-for-stm32.12.3.rel1.win32_1.0.100.202403111256/tools/bin/../lib/gcc/arm-none-eabi/12.3.1/../../../../arm-none-eabi/lib/thumb/v6-m/nofp\libc_nano.a(libc_a-closer.o)
                              C:/ST/STM32CubeIDE_1.13.0/STM32CubeIDE/plugins/com.st.stm32cube.ide.mcu.externaltools.gnu-tools-for-stm32.12.3.rel1.win32_1.0.100.202403111256/tools/bin/../lib/gcc/arm-none-eabi/12.3.1/../../../../arm-none-eabi/lib/thumb/v6-m/nofp\libc_nano.a(libc_a-stdio.o) (_close_r)
C:/ST/STM32CubeIDE_1.13.0/STM32CubeIDE/plugins/com.st.stm32cube.ide.mcu.externaltools.gnu-tools-for-stm32.12.3.rel1.win32_1.0.100.202403111256/tools/bin/../lib/gcc/arm-none-eabi/12.3.1/../../../../arm-none-eabi/lib/thumb/v6-m/nofp\libc_nano.a(libc_a-reent.o)
                              C:/ST/STM32CubeIDE_1.13.0/STM32CubeIDE/plugins/com.st.stm32cube.ide.mcu.externaltools.gnu-tools-for-stm32.12.3.rel1.win32_1.0.100.202403111256/tools/bin/../lib/gcc/arm-none-eabi/12.3.1/../../../../arm-none-eabi/lib/thumb/v6-m/nofp\libc_nano.a(libc_a-closer.o) (errno)
C:/ST/STM32CubeIDE_1.13.0/STM32CubeIDE/plugins/com.st.stm32cube.ide.mcu.externaltools.gnu-tools-for-stm32.12.3.rel1.win32_1.0.100.202403111256/tools/bin/../lib/gcc/arm-none-eabi/12.3.1/../../../../arm-none-eabi/lib/thumb/v6-m/nofp\libc_nano.a(libc_a-impure.o)
                              C:/ST/STM32CubeIDE_1.13.0/STM32CubeIDE/plugins/com.st.stm32cube.ide.mcu.externaltools.gnu-tools-for-stm32.12.3.rel1.win32_1.0.100.202403111256/tools/bin/../lib/gcc/arm-none-eabi/12.3.1/../../../../arm-none-eabi/lib/thumb/v6-m/nofp\libc_nano.a(libc_a-reent.o) (_impure_ptr)
C:/ST/STM32CubeIDE_1.13.0/STM32CubeIDE/plugins/com.st.stm32cube.ide.mcu.externaltools.gnu-tools-for-stm32.12.3.rel1.win32_1.0.100.202403111256/tools/bin/../lib/gcc/arm-none-eabi/12.3.1/../../../../arm-none-eabi/lib/thumb/v6-m/nofp\libc_nano.a(libc_a-lseekr.o)
[...]
Memory Configuration

Name             Origin             Length             Attributes
RAM              0x20000000         0x00004000         xrw
FLASH            0x08000000         0x00020000         xr
*default*        0x00000000         0xffffffff

Linker script and memory map

LOAD C:/ST/STM32CubeIDE_1.13.0/STM32CubeIDE/plugins/com.st.stm32cube.ide.mcu.externaltools.gnu-tools-for-stm32.12.3.rel1.win32_1.0.100.202403111256/tools/bin/../lib/gcc/arm-none-eabi/12.3.1/thumb/v6-m/nofp/crti.o
LOAD C:/ST/STM32CubeIDE_1.13.0/STM32CubeIDE/plugins/com.st.stm32cube.ide.mcu.externaltools.gnu-tools-for-stm32.12.3.rel1.win32_1.0.100.202403111256/tools/bin/../lib/gcc/arm-none-eabi/12.3.1/thumb/v6-m/nofp/crtbegin.o
LOAD C:/ST/STM32CubeIDE_1.13.0/STM32CubeIDE/plugins/com.st.stm32cube.ide.mcu.externaltools.gnu-tools-for-stm32.12.3.rel1.win32_1.0.100.202403111256/tools/bin/../lib/gcc/arm-none-eabi/12.3.1/../../../../arm-none-eabi/lib/thumb/v6-m/nofp/crt0.o
LOAD ./Core/Src/SOCtasks.o
LOAD ./Core/Src/bq76952.o
LOAD ./Core/Src/flash_072c8.o
LOAD ./Core/Src/main.o
LOAD ./Core/Src/stm32f0xx_hal_msp.o
LOAD ./Core/Src/stm32f0xx_it.o
LOAD ./Core/Src/syscalls.o
LOAD ./Core/Src/sysmem.o
LOAD ./Core/Src/system_stm32f0xx.o
LOAD ./Core/Src/watchdog.o
LOAD ./Core/Startup/startup_stm32f072cbtx.o
LOAD ./Drivers/STM32F0xx_HAL_Driver/Src/stm32f0xx_hal.o
LOAD ./Drivers/STM32F0xx_HAL_Driver/Src/stm32f0xx_hal_adc.o
LOAD ./Drivers/STM32F0xx_HAL_Driver/Src/stm32f0xx_hal_adc_ex.o
LOAD ./Drivers/STM32F0xx_HAL_Driver/Src/stm32f0xx_hal_can.o
LOAD ./Drivers/STM32F0xx_HAL_Driver/Src/stm32f0xx_hal_cortex.o
LOAD ./Drivers/STM32F0xx_HAL_Driver/Src/stm32f0xx_hal_dma.o
LOAD ./Drivers/STM32F0xx_HAL_Driver/Src/stm32f0xx_hal_exti.o
LOAD ./Drivers/STM32F0xx_HAL_Driver/Src/stm32f0xx_hal_flash.o
LOAD ./Drivers/STM32F0xx_HAL_Driver/Src/stm32f0xx_hal_flash_ex.o
LOAD ./Drivers/STM32F0xx_HAL_Driver/Src/stm32f0xx_hal_gpio.o
LOAD ./Drivers/STM32F0xx_HAL_Driver/Src/stm32f0xx_hal_i2c.o
LOAD ./Drivers/STM32F0xx_HAL_Driver/Src/stm32f0xx_hal_i2c_ex.o
LOAD ./Drivers/STM32F0xx_HAL_Driver/Src/stm32f0xx_hal_pwr.o
LOAD ./Drivers/STM32F0xx_HAL_Driver/Src/stm32f0xx_hal_pwr_ex.o
LOAD ./Drivers/STM32F0xx_HAL_Driver/Src/stm32f0xx_hal_rcc.o
LOAD ./Drivers/STM32F0xx_HAL_Driver/Src/stm32f0xx_hal_rcc_ex.o
LOAD ./Drivers/STM32F0xx_HAL_Driver/Src/stm32f0xx_hal_rtc.o
LOAD ./Drivers/STM32F0xx_HAL_Driver/Src/stm32f0xx_hal_rtc_ex.o
LOAD ./Drivers/STM32F0xx_HAL_Driver/Src/stm32f0xx_hal_tim.o
LOAD ./Drivers/STM32F0xx_HAL_Driver/Src/stm32f0xx_hal_tim_ex.o
LOAD ./Drivers/STM32F0xx_HAL_Driver/Src/stm32f0xx_hal_uart.o
LOAD ./Drivers/STM32F0xx_HAL_Driver/Src/stm32f0xx_hal_uart_ex.o
START GROUP
LOAD C:/ST/STM32CubeIDE_1.13.0/STM32CubeIDE/plugins/com.st.stm32cube.ide.mcu.externaltools.gnu-tools-for-stm32.12.3.rel1.win32_1.0.100.202403111256/tools/bin/../lib/gcc/arm-none-eabi/12.3.1/../../../../arm-none-eabi/lib/thumb/v6-m/nofp\libc_nano.a
LOAD C:/ST/STM32CubeIDE_1.13.0/STM32CubeIDE/plugins/com.st.stm32cube.ide.mcu.externaltools.gnu-tools-for-stm32.12.3.rel1.win32_1.0.100.202403111256/tools/bin/../lib/gcc/arm-none-eabi/12.3.1/../../../../arm-none-eabi/lib/thumb/v6-m/nofp\libm.a
END GROUP
START GROUP
LOAD C:/ST/STM32CubeIDE_1.13.0/STM32CubeIDE/plugins/com.st.stm32cube.ide.mcu.externaltools.gnu-tools-for-stm32.12.3.rel1.win32_1.0.100.202403111256/tools/bin/../lib/gcc/arm-none-eabi/12.3.1/thumb/v6-m/nofp\libgcc.a
LOAD C:/ST/STM32CubeIDE_1.13.0/STM32CubeIDE/plugins/com.st.stm32cube.ide.mcu.externaltools.gnu-tools-for-stm32.12.3.rel1.win32_1.0.100.202403111256/tools/bin/../lib/gcc/arm-none-eabi/12.3.1/../../../../arm-none-eabi/lib/thumb/v6-m/nofp\libc_nano.a
END GROUP
START GROUP
LOAD C:/ST/STM32CubeIDE_1.13.0/STM32CubeIDE/plugins/com.st.stm32cube.ide.mcu.externaltools.gnu-tools-for-stm32.12.3.rel1.win32_1.0.100.202403111256/tools/bin/../lib/gcc/arm-none-eabi/12.3.1/thumb/v6-m/nofp\libgcc.a
LOAD C:/ST/STM32CubeIDE_1.13.0/STM32CubeIDE/plugins/com.st.stm32cube.ide.mcu.externaltools.gnu-tools-for-stm32.12.3.rel1.win32_1.0.100.202403111256/tools/bin/../lib/gcc/arm-none-eabi/12.3.1/../../../../arm-none-eabi/lib/thumb/v6-m/nofp\libc_nano.a
LOAD C:/ST/STM32CubeIDE_1.13.0/STM32CubeIDE/plugins/com.st.stm32cube.ide.mcu.externaltools.gnu-tools-for-stm32.12.3.rel1.win32_1.0.100.202403111256/tools/bin/../lib/gcc/arm-none-eabi/12.3.1/../../../../arm-none-eabi/lib/thumb/v6-m/nofp\libnosys.a
END GROUP
START GROUP
LOAD C:/ST/STM32CubeIDE_1.13.0/STM32CubeIDE/plugins/com.st.stm32cube.ide.mcu.externaltools.gnu-tools-for-stm32.12.3.rel1.win32_1.0.100.202403111256/tools/bin/../lib/gcc/arm-none-eabi/12.3.1/thumb/v6-m/nofp\libgcc.a
LOAD C:/ST/STM32CubeIDE_1.13.0/STM32CubeIDE/plugins/com.st.stm32cube.ide.mcu.externaltools.gnu-tools-for-stm32.12.3.rel1.win32_1.0.100.202403111256/tools/bin/../lib/gcc/arm-none-eabi/12.3.1/../../../../arm-none-eabi/lib/thumb/v6-m/nofp\libc_nano.a
LOAD C:/ST/STM32CubeIDE_1.13.0/STM32CubeIDE/plugins/com.st.stm32cube.ide.mcu.externaltools.gnu-tools-for-stm32.12.3.rel1.win32_1.0.100.202403111256/tools/bin/../lib/gcc/arm-none-eabi/12.3.1/../../../../arm-none-eabi/lib/thumb/v6-m/nofp\libnosys.a
END GROUP
LOAD C:/ST/STM32CubeIDE_1.13.0/STM32CubeIDE/plugins/com.st.stm32cube.ide.mcu.externaltools.gnu-tools-for-stm32.12.3.rel1.win32_1.0.100.202403111256/tools/bin/../lib/gcc/arm-none-eabi/12.3.1/thumb/v6-m/nofp/crtend.o
LOAD C:/ST/STM32CubeIDE_1.13.0/STM32CubeIDE/plugins/com.st.stm32cube.ide.mcu.externaltools.gnu-tools-for-stm32.12.3.rel1.win32_1.0.100.202403111256/tools/bin/../lib/gcc/arm-none-eabi/12.3.1/thumb/v6-m/nofp/crtn.o
                0x20004000                        _estack = (ORIGIN (RAM) + LENGTH (RAM))
                0x00000200                        _Min_Heap_Size = 0x200
                0x00000400                        _Min_Stack_Size = 0x400

.isr_vector     0x08000000       0xc0
                0x08000000                        . = ALIGN (0x4)
 *(.isr_vector)
 .isr_vector    0x08000000       0xc0 ./Core/Startup/startup_stm32f072cbtx.o
                0x08000000                g_pfnVectors
                0x080000c0                        . = ALIGN (0x4)

.text           0x080000c0     0xee38
                0x080000c0                        . = ALIGN (0x4)
 *(.text)
 .text          0x080000c0       0x48 C:/ST/STM32CubeIDE_1.13.0/STM32CubeIDE/plugins/com.st.stm32cube.ide.mcu.externaltools.gnu-tools-for-stm32.12.3.rel1.win32_1.0.100.202403111256/tools/bin/../lib/gcc/arm-none-eabi/12.3.1/thumb/v6-m/nofp/crtbegin.o
 .text          0x08000108      0x114 C:/ST/STM32CubeIDE_1.13.0/STM32CubeIDE/plugins/com.st.stm32cube.ide.mcu.externaltools.gnu-tools-for-stm32.12.3.rel1.win32_1.0.100.202403111256/tools/bin/../lib/gcc/arm-none-eabi/12.3.1/thumb/v6-m/nofp\libgcc.a(_udivsi3.o)
                0x08000108                __aeabi_uidiv
                0x08000108                __udivsi3
                0x08000214                __aeabi_uidivmod
 .text          0x0800021c      0x1d4 C:/ST/STM32CubeIDE_1.13.0/STM32CubeIDE/plugins/com.st.stm32cube.ide.mcu.externaltools.gnu-tools-for-stm32.12.3.rel1.win32_1.0.100.202403111256/tools/bin/../lib/gcc/arm-none-eabi/12.3.1/thumb/v6-m/nofp\libgcc.a(_divsi3.o)
                0x0800021c                __divsi3
                0x0800021c                __aeabi_idiv
                0x080003e8                __aeabi_idivmod
 .text          0x080003f0        0x4 C:/ST/STM32CubeIDE_1.13.0/STM32CubeIDE/plugins/com.st.stm32cube.ide.mcu.externaltools.gnu-tools-for-stm32.12.3.rel1.win32_1.0.100.202403111256/tools/bin/../lib/gcc/arm-none-eabi/12.3.1/thumb/v6-m/nofp\libgcc.a(_dvmd_tls.o)
                0x080003f0                __aeabi_idiv0
                0x080003f0                __aeabi_ldiv0
 .text          0x080003f4       0x7c C:/ST/STM32CubeIDE_1.13.0/STM32CubeIDE/plugins/com.st.stm32cube.ide.mcu.externaltools.gnu-tools-for-stm32.12.3.rel1.win32_1.0.100.202403111256/tools/bin/../lib/gcc/arm-none-eabi/12.3.1/thumb/v6-m/nofp\libgcc.a(_arm_cmpdf2.o)
                0x080003f4                __aeabi_cdrcmple
                0x08000404                __aeabi_cdcmple
                0x08000404                __aeabi_cdcmpeq
                0x08000414                __aeabi_dcmpeq
                0x08000420                __aeabi_dcmplt
                0x08000434                __aeabi_dcmple
                0x08000448                __aeabi_dcmpgt
                0x0800045c                __aeabi_dcmpge
 .text          0x08000470       0x74 C:/ST/STM32CubeIDE_1.13.0/STM32CubeIDE/plugins/com.st.stm32cube.ide.mcu.externaltools.gnu-tools-for-stm32.12.3.rel1.win32_1.0.100.202403111256/tools/bin/../lib/gcc/arm-none-eabi/12.3.1/thumb/v6-m/nofp\libgcc.a(_arm_cmpsf2.o)
                0x08000470                __aeabi_cfrcmple
                0x08000478                __aeabi_cfcmpeq
                0x08000478                __aeabi_cfcmple
                0x08000488                __aeabi_fcmpeq
                0x08000494                __aeabi_fcmplt
                0x080004a8                __aeabi_fcmple
                0x080004bc                __aeabi_fcmpgt
                0x080004d0                __aeabi_fcmpge
 .text          0x080004e4      0x314 C:/ST/STM32CubeIDE_1.13.0/STM32CubeIDE/plugins/com.st.stm32cube.ide.mcu.externaltools.gnu-tools-for-stm32.12.3.rel1.win32_1.0.100.202403111256/tools/bin/../lib/gcc/arm-none-eabi/12.3.1/thumb/v6-m/nofp\libgcc.a(addsf3.o)
                0x080004e4                __aeabi_fadd
 .text          0x080007f8      0x240 C:/ST/STM32CubeIDE_1.13.0/STM32CubeIDE/plugins/com.st.stm32cube.ide.mcu.externaltools.gnu-tools-for-stm32.12.3.rel1.win32_1.0.100.202403111256/tools/bin/../lib/gcc/arm-none-eabi/12.3.1/thumb/v6-m/nofp\libgcc.a(divsf3.o)
                0x080007f8                __aeabi_fdiv
 .text          0x08000a38       0x50 C:/ST/STM32CubeIDE_1.13.0/STM32CubeIDE/plugins/com.st.stm32cube.ide.mcu.externaltools.gnu-tools-for-stm32.12.3.rel1.win32_1.0.100.202403111256/tools/bin/../lib/gcc/arm-none-eabi/12.3.1/thumb/v6-m/nofp\libgcc.a(eqsf2.o)
                0x08000a38                __eqsf2
                0x08000a38                __nesf2
 .text          0x08000a88       0xa0 C:/ST/STM32CubeIDE_1.13.0/STM32CubeIDE/plugins/com.st.stm32cube.ide.mcu.externaltools.gnu-tools-for-stm32.12.3.rel1.win32_1.0.100.202403111256/tools/bin/../lib/gcc/arm-none-eabi/12.3.1/thumb/v6-m/nofp\libgcc.a(gesf2.o)
                0x08000a88                __gesf2
                0x08000a88                __gtsf2
 .text          0x08000b28       0x9c C:/ST/STM32CubeIDE_1.13.0/STM32CubeIDE/plugins/com.st.stm32cube.ide.mcu.externaltools.gnu-tools-for-stm32.12.3.rel1.win32_1.0.100.202403111256/tools/bin/../lib/gcc/arm-none-eabi/12.3.1/thumb/v6-m/nofp\libgcc.a(lesf2.o)
                0x08000b28                __ltsf2
                0x08000b28                __lesf2
 .text          0x08000bc4      0x27c C:/ST/STM32CubeIDE_1.13.0/STM32CubeIDE/plugins/com.st.stm32cube.ide.mcu.externaltools.gnu-tools-for-stm32.12.3.rel1.win32_1.0.100.202403111256/tools/bin/../lib/gcc/arm-none-eabi/12.3.1/thumb/v6-m/nofp\libgcc.a(mulsf3.o)
                0x08000bc4                __aeabi_fmul
 .text          0x08000e40      0x348 C:/ST/STM32CubeIDE_1.13.0/STM32CubeIDE/plugins/com.st.stm32cube.ide.mcu.externaltools.gnu-tools-for-stm32.12.3.rel1.win32_1.0.100.202403111256/tools/bin/../lib/gcc/arm-none-eabi/12.3.1/thumb/v6-m/nofp\libgcc.a(subsf3.o)
                0x08000e40                __aeabi_fsub
 .text          0x08001188       0x40 C:/ST/STM32CubeIDE_1.13.0/STM32CubeIDE/plugins/com.st.stm32cube.ide.mcu.externaltools.gnu-tools-for-stm32.12.3.rel1.win32_1.0.100.202403111256/tools/bin/../lib/gcc/arm-none-eabi/12.3.1/thumb/v6-m/nofp\libgcc.a(fixsfsi.o)
                0x08001188                __aeabi_f2iz
 .text          0x080011c8       0x98 C:/ST/STM32CubeIDE_1.13.0/STM32CubeIDE/plugins/com.st.stm32cube.ide.mcu.externaltools.gnu-tools-for-stm32.12.3.rel1.win32_1.0.100.202403111256/tools/bin/../lib/gcc/arm-none-eabi/12.3.1/thumb/v6-m/nofp\libgcc.a(floatsisf.o)
                0x080011c8                __aeabi_i2f
 .text          0x08001260       0x84 C:/ST/STM32CubeIDE_1.13.0/STM32CubeIDE/plugins/com.st.stm32cube.ide.mcu.externaltools.gnu-tools-for-stm32.12.3.rel1.win32_1.0.100.202403111256/tools/bin/../lib/gcc/arm-none-eabi/12.3.1/thumb/v6-m/nofp\libgcc.a(floatunsisf.o)
                0x08001260                __aeabi_ui2f
 .text          0x080012e4      0x6c8 C:/ST/STM32CubeIDE_1.13.0/STM32CubeIDE/plugins/com.st.stm32cube.ide.mcu.externaltools.gnu-tools-for-stm32.12.3.rel1.win32_1.0.100.202403111256/tools/bin/../lib/gcc/arm-none-eabi/12.3.1/thumb/v6-m/nofp\libgcc.a(adddf3.o)
                0x080012e4                __aeabi_dadd
 .text          0x080019ac      0x634 C:/ST/STM32CubeIDE_1.13.0/STM32CubeIDE/plugins/com.st.stm32cube.ide.mcu.externaltools.gnu-tools-for-stm32.12.3.rel1.win32_1.0.100.202403111256/tools/bin/../lib/gcc/arm-none-eabi/12.3.1/thumb/v6-m/nofp\libgcc.a(divdf3.o)
                0x080019ac                __aeabi_ddiv
 .text          0x08001fe0       0x88 C:/ST/STM32CubeIDE_1.13.0/STM32CubeIDE/plugins/com.st.stm32cube.ide.mcu.externaltools.gnu-tools-for-stm32.12.3.rel1.win32_1.0.100.202403111256/tools/bin/../lib/gcc/arm-none-eabi/12.3.1/thumb/v6-m/nofp\libgcc.a(eqdf2.o)
                0x08001fe0                __nedf2
                0x08001fe0                __eqdf2
 .text          0x08002068       0xe8 C:/ST/STM32CubeIDE_1.13.0/STM32CubeIDE/plugins/com.st.stm32cube.ide.mcu.externaltools.gnu-tools-for-stm32.12.3.rel1.win32_1.0.100.202403111256/tools/bin/../lib/gcc/arm-none-eabi/12.3.1/thumb/v6-m/nofp\libgcc.a(gedf2.o)
                0x08002068                __gedf2
                0x08002068                __gtdf2
 .text          0x08002150       0xe4 C:/ST/STM32CubeIDE_1.13.0/STM32CubeIDE/plugins/com.st.stm32cube.ide.mcu.externaltools.gnu-tools-for-stm32.12.3.rel1.win32_1.0.100.202403111256/tools/bin/../lib/gcc/arm-none-eabi/12.3.1/thumb/v6-m/nofp\libgcc.a(ledf2.o)
                0x08002150                __ledf2
                0x08002150                __ltdf2
 .text          0x08002234      0x590 C:/ST/STM32CubeIDE_1.13.0/STM32CubeIDE/plugins/com.st.stm32cube.ide.mcu.externaltools.gnu-tools-for-stm32.12.3.rel1.win32_1.0.100.202403111256/tools/bin/../lib/gcc/arm-none-eabi/12.3.1/thumb/v6-m/nofp\libgcc.a(muldf3.o)
                0x08002234                __aeabi_dmul
 .text          0x080027c4      0x738 C:/ST/STM32CubeIDE_1.13.0/STM32CubeIDE/plugins/com.st.stm32cube.ide.mcu.externaltools.gnu-tools-for-stm32.12.3.rel1.win32_1.0.100.202403111256/tools/bin/../lib/gcc/arm-none-eabi/12.3.1/thumb/v6-m/nofp\libgcc.a(subdf3.o)
                0x080027c4                __aeabi_dsub
 .text          0x08002efc       0x5c C:/ST/STM32CubeIDE_1.13.0/STM32CubeIDE/plugins/com.st.stm32cube.ide.mcu.externaltools.gnu-tools-for-stm32.12.3.rel1.win32_1.0.100.202403111256/tools/bin/../lib/gcc/arm-none-eabi/12.3.1/thumb/v6-m/nofp\libgcc.a(floatsidf.o)
                0x08002efc                __aeabi_i2d
 .text          0x08002f58       0x90 C:/ST/STM32CubeIDE_1.13.0/STM32CubeIDE/plugins/com.st.stm32cube.ide.mcu.externaltools.gnu-tools-for-stm32.12.3.rel1.win32_1.0.100.202403111256/tools/bin/../lib/gcc/arm-none-eabi/12.3.1/thumb/v6-m/nofp\libgcc.a(extendsfdf2.o)
                0x08002f58                __aeabi_f2d
 .text          0x08002fe8      0x108 C:/ST/STM32CubeIDE_1.13.0/STM32CubeIDE/plugins/com.st.stm32cube.ide.mcu.externaltools.gnu-tools-for-stm32.12.3.rel1.win32_1.0.100.202403111256/tools/bin/../lib/gcc/arm-none-eabi/12.3.1/thumb/v6-m/nofp\libgcc.a(truncdfsf2.o)
                0x08002fe8                __aeabi_d2f
 .text          0x080030f0       0x3c C:/ST/STM32CubeIDE_1.13.0/STM32CubeIDE/plugins/com.st.stm32cube.ide.mcu.externaltools.gnu-tools-for-stm32.12.3.rel1.win32_1.0.100.202403111256/tools/bin/../lib/gcc/arm-none-eabi/12.3.1/thumb/v6-m/nofp\libgcc.a(_clzsi2.o)
                0x080030f0                __clzsi2
 *(.text*)
 .text.Compute_Cell_Average
                0x0800312c       0x50 ./Core/Src/SOCtasks.o
                0x0800312c                Compute_Cell_Average
 .text.estimate_ocv
                0x0800317c      0x108 ./Core/Src/SOCtasks.o
                0x0800317c                estimate_ocv
 .text.estimate_exp_term
                0x08003284       0x3e ./Core/Src/SOCtasks.o
                0x08003284                estimate_exp_term
 *fill*         0x080032c2        0x2 
 .text.init_filter_parameters
                0x080032c4       0x54 ./Core/Src/SOCtasks.o
                0x080032c4                init_filter_parameters
 .text.compute_soc
                0x08003318      0x204 ./Core/Src/SOCtasks.o
                0x08003318                compute_soc
 .text.chg_dsg_done
                0x0800351c       0x14 ./Core/Src/SOCtasks.o
                0x0800351c                chg_dsg_done
 .text.compute_soc_cc
                0x08003530       0xc4 ./Core/Src/SOCtasks.o
                0x08003530                compute_soc_cc
 .text.Checksum
                0x080035f4       0x68 ./Core/Src/bq76952.o
                0x080035f4                Checksum
 .text.I2C_WriteReg
                0x0800365c       0x58 ./Core/Src/bq76952.o
                0x0800365c                I2C_WriteReg
 .text.I2C_ReadReg
                0x080036b4       0x60 ./Core/Src/bq76952.o
                0x080036b4                I2C_ReadReg
 .text.BQ769x2_SetRegister
                0x08003714      0x160 ./Core/Src/bq76952.o
                0x08003714                BQ769x2_SetRegister
 .text.CommandSubcommands
                0x08003874       0x46 ./Core/Src/bq76952.o
                0x08003874                CommandSubcommands
 *fill*         0x080038ba        0x2 
 .text.BQ769x2_ReadRegister
                0x080038bc       0x6c ./Core/Src/bq76952.o
                0x080038bc                BQ769x2_ReadRegister
 .text.Subcommands
                0x08003928      0x134 ./Core/Src/bq76952.o
                0x08003928                Subcommands
 .text.DirectCommands
                0x08003a5c       0x84 ./Core/Src/bq76952.o
                0x08003a5c                DirectCommands
 .text.BQ769x2_Init
                0x08003ae0     0x1e44 ./Core/Src/bq76952.o
                0x08003ae0                BQ769x2_Init
 .text.PowerConfig_Charger
                0x08005924       0x38 ./Core/Src/bq76952.o
                0x08005924                PowerConfig_Charger
 .text.PowerConfig_FullCharge
                0x0800595c       0x38 ./Core/Src/bq76952.o
                0x0800595c                PowerConfig_FullCharge
 .text.BQ769x2_ReadAlarmStatus
                0x08005994       0x28 ./Core/Src/bq76952.o
                0x08005994                BQ769x2_ReadAlarmStatus
 .text.BQ769x2_ReadSafetyStatus
                0x080059bc       0xd0 ./Core/Src/bq76952.o
                0x080059bc                BQ769x2_ReadSafetyStatus
 .text.BQ769x2_ReadPFStatus
                0x08005a8c       0x78 ./Core/Src/bq76952.o
                0x08005a8c                BQ769x2_ReadPFStatus
 .text.BQ769x2_ReadVoltage
                0x08005b04       0x60 ./Core/Src/bq76952.o
                0x08005b04                BQ769x2_ReadVoltage
 .text.BQ769x2_ReadAllVoltages
                0x08005b64       0x94 ./Core/Src/bq76952.o
                0x08005b64                BQ769x2_ReadAllVoltages
 .text.BQ769x2_ReadCurrent
                0x08005bf8       0x28 ./Core/Src/bq76952.o
                0x08005bf8                BQ769x2_ReadCurrent
 .text.BQ769x2_BatStatus
                0x08005c20       0x28 ./Core/Src/bq76952.o
                0x08005c20                BQ769x2_BatStatus
 .text.BQ769x2_ReadDASTATUS5
                0x08005c48       0x34 ./Core/Src/bq76952.o
                0x08005c48                BQ769x2_ReadDASTATUS5
 .text.BQ769x2_ReadTemperature
                0x08005c7c       0x78 ./Core/Src/bq76952.o
                0x08005c7c                BQ769x2_ReadTemperature
 .text.BQ769x2_ReadPassQ
                0x08005cf4       0xb4 ./Core/Src/bq76952.o
                0x08005cf4                BQ769x2_ReadPassQ
 .text.BQ769x2_CB_Activecells
                0x08005da8       0x30 ./Core/Src/bq76952.o
                0x08005da8                BQ769x2_CB_Activecells
 .text.BQ769x2_ReadFETStatus
                0x08005dd8       0x78 ./Core/Src/bq76952.o
                0x08005dd8                BQ769x2_ReadFETStatus
 .text.U16x2toU32
                0x08005e50       0x2e ./Core/Src/flash_072c8.o
                0x08005e50                U16x2toU32
 .text.U8x4toU32
                0x08005e7e       0x52 ./Core/Src/flash_072c8.o
                0x08005e7e                U8x4toU32
 .text.U16x1U8x2toU32
                0x08005ed0       0x42 ./Core/Src/flash_072c8.o
                0x08005ed0                U16x1U8x2toU32
 .text.U8x2toU16
                0x08005f12       0x30 ./Core/Src/flash_072c8.o
                0x08005f12                U8x2toU16
 .text.U32toU16x1U8x2
                0x08005f42       0x5e ./Core/Src/flash_072c8.o
                0x08005f42                U32toU16x1U8x2
 .text.U32toU8x4
                0x08005fa0       0x5e ./Core/Src/flash_072c8.o
                0x08005fa0                U32toU8x4
 .text.U32toU16x2
                0x08005ffe       0x48 ./Core/Src/flash_072c8.o
                0x08005ffe                U32toU16x2
 *fill*         0x08006046        0x2 
 .text.Flash_Write_Data
                0x08006048       0xc4 ./Core/Src/flash_072c8.o
                0x08006048                Flash_Write_Data
 .text.Flash_Read_Data
                0x0800610c       0x3c ./Core/Src/flash_072c8.o
                0x0800610c                Flash_Read_Data
 .text.save_flash_reg
                0x08006148       0x3c ./Core/Src/flash_072c8.o
                0x08006148                save_flash_reg
 .text.GetPage  0x08006184       0x58 ./Core/Src/flash_072c8.o
                0x08006184                GetPage
 .text.Flash_Data_init
                0x080061dc      0x90c ./Core/Src/flash_072c8.o
                0x080061dc                Flash_Data_init
 .text.FLASH_COMMAND
                0x08006ae8      0xf28 ./Core/Src/flash_072c8.o
                0x08006ae8                FLASH_COMMAND
 .text.flash_update_config_status
                0x08007a10       0x14 ./Core/Src/flash_072c8.o
                0x08007a10                flash_update_config_status
 .text.flash_save_config_status
                0x08007a24       0x14 ./Core/Src/flash_072c8.o
                0x08007a24                flash_save_config_status
 .text.flash_save_config_reset
                0x08007a38       0x14 ./Core/Src/flash_072c8.o
                0x08007a38                flash_save_config_reset
 .text.flash_save_config_set
                0x08007a4c       0x14 ./Core/Src/flash_072c8.o
                0x08007a4c                flash_save_config_set
 .text.__NVIC_SystemReset
                0x08007a60       0x24 ./Core/Src/main.o
 .text.ADC_Channel1_Init
                0x08007a84       0x48 ./Core/Src/main.o
                0x08007a84                ADC_Channel1_Init
 .text.ADC_TempChannel_Init
                0x08007acc       0x48 ./Core/Src/main.o
                0x08007acc                ADC_TempChannel_Init
 .text.main     0x08007b14      0x810 ./Core/Src/main.o
                0x08007b14                main
 .text.SystemClock_Config
                0x08008324       0xd4 ./Core/Src/main.o
                0x08008324                SystemClock_Config
 .text.MX_ADC_Init
                0x080083f8       0xb8 ./Core/Src/main.o
 .text.MX_CAN_Init
                0x080084b0       0x94 ./Core/Src/main.o
 .text.MX_I2C1_Init
                0x08008544       0x80 ./Core/Src/main.o
 .text.MX_I2C2_Init
                0x080085c4       0x80 ./Core/Src/main.o
 .text.MX_RTC_Init
                0x08008644       0xc4 ./Core/Src/main.o
 .text.MX_TIM3_Init
                0x08008708       0xac ./Core/Src/main.o
 .text.MX_TIM15_Init
                0x080087b4       0xb4 ./Core/Src/main.o
 .text.MX_USART1_UART_Init
                0x08008868       0x80 ./Core/Src/main.o
 .text.MX_GPIO_Init
                0x080088e8      0x128 ./Core/Src/main.o
 .text.Calc_Delta
                0x08008a10      0x140 ./Core/Src/main.o
                0x08008a10                Calc_Delta
 .text.SafetyStatusActions
                0x08008b50       0xac ./Core/Src/main.o
                0x08008b50                SafetyStatusActions
 .text.configs  0x08008bfc       0x22 ./Core/Src/main.o
                0x08008bfc                configs
 *fill*         0x08008c1e        0x2 
 .text.state_management
                0x08008c20       0xbc ./Core/Src/main.o
                0x08008c20                state_management
 .text.HAL_TIM_PeriodElapsedCallback
                0x08008cdc       0x80 ./Core/Src/main.o
                0x08008cdc                HAL_TIM_PeriodElapsedCallback
 .text.CAN_Filter_config
                0x08008d5c       0x5c ./Core/Src/main.o
                0x08008d5c                CAN_Filter_config
 .text.HAL_CAN_RxFifo0MsgPendingCallback
                0x08008db8      0x1d0 ./Core/Src/main.o
                0x08008db8                HAL_CAN_RxFifo0MsgPendingCallback
 .text.HAL_CAN_Reset
                0x08008f88       0x48 ./Core/Src/main.o
                0x08008f88                HAL_CAN_Reset
 .text.HAL_CAN_ErrorCallback
                0x08008fd0       0x26 ./Core/Src/main.o
                0x08008fd0                HAL_CAN_ErrorCallback
 *fill*         0x08008ff6        0x2 
 .text.CAN_TX   0x08008ff8       0x80 ./Core/Src/main.o
                0x08008ff8                CAN_TX
 .text.switch_reset
                0x08009078       0x60 ./Core/Src/main.o
                0x08009078                switch_reset
 .text.update_message_buffer
                0x080090d8      0x56c ./Core/Src/main.o
                0x080090d8                update_message_buffer
 .text.LED_ON   0x08009644       0x28 ./Core/Src/main.o
                0x08009644                LED_ON
 .text.LED_OFF  0x0800966c       0x28 ./Core/Src/main.o
                0x0800966c                LED_OFF
 .text.pressure_value
                0x08009694       0xcc ./Core/Src/main.o
                0x08009694                pressure_value
 .text.GPIO_init
                0x08009760       0x70 ./Core/Src/main.o
                0x08009760                GPIO_init
 .text.Error_Handler
                0x080097d0       0x48 ./Core/Src/main.o
                0x080097d0                Error_Handler
 .text.HAL_MspInit
                0x08009818       0x48 ./Core/Src/stm32f0xx_hal_msp.o
                0x08009818                HAL_MspInit
 .text.HAL_ADC_MspInit
                0x08009860       0x8c ./Core/Src/stm32f0xx_hal_msp.o
                0x08009860                HAL_ADC_MspInit
 .text.HAL_CAN_MspInit
                0x080098ec       0xac ./Core/Src/stm32f0xx_hal_msp.o
                0x080098ec                HAL_CAN_MspInit
 .text.HAL_I2C_MspInit
                0x08009998      0x110 ./Core/Src/stm32f0xx_hal_msp.o
                0x08009998                HAL_I2C_MspInit
 .text.HAL_RTC_MspInit
                0x08009aa8       0x30 ./Core/Src/stm32f0xx_hal_msp.o
                0x08009aa8                HAL_RTC_MspInit
 .text.HAL_TIM_Base_MspInit
                0x08009ad8       0x88 ./Core/Src/stm32f0xx_hal_msp.o
                0x08009ad8                HAL_TIM_Base_MspInit
 .text.HAL_UART_MspInit
                0x08009b60       0x9c ./Core/Src/stm32f0xx_hal_msp.o
                0x08009b60                HAL_UART_MspInit
 .text.NMI_Handler
                0x08009bfc        0x8 ./Core/Src/stm32f0xx_it.o
                0x08009bfc                NMI_Handler
 .text.HardFault_Handler
                0x08009c04        0x8 ./Core/Src/stm32f0xx_it.o
                0x08009c04                HardFault_Handler
 .text.SVC_Handler
                0x08009c0c        0xa ./Core/Src/stm32f0xx_it.o
                0x08009c0c                SVC_Handler
 .text.PendSV_Handler
                0x08009c16        0xa ./Core/Src/stm32f0xx_it.o
                0x08009c16                PendSV_Handler
 .text.SysTick_Handler
                0x08009c20        0xe ./Core/Src/stm32f0xx_it.o
                0x08009c20                SysTick_Handler
 *fill*         0x08009c2e        0x2 
 .text.TIM3_IRQHandler
                0x08009c30       0x18 ./Core/Src/stm32f0xx_it.o
                0x08009c30                TIM3_IRQHandler
 .text.TIM15_IRQHandler
                0x08009c48       0x18 ./Core/Src/stm32f0xx_it.o
                0x08009c48                TIM15_IRQHandler
 .text.CEC_CAN_IRQHandler
                0x08009c60       0x18 ./Core/Src/stm32f0xx_it.o
                0x08009c60                CEC_CAN_IRQHandler
 .text.SystemInit
                0x08009c78        0xa ./Core/Src/system_stm32f0xx.o
                0x08009c78                SystemInit
 *fill*         0x08009c82        0x2 
 .text.Reset_Handler
                0x08009c84       0x50 ./Core/Startup/startup_stm32f072cbtx.o
                0x08009c84                Reset_Handler
 .text.Default_Handler
                0x08009cd4        0x2 ./Core/Startup/startup_stm32f072cbtx.o
                0x08009cd4                TIM1_CC_IRQHandler
                0x08009cd4                TSC_IRQHandler
                0x08009cd4                ADC1_COMP_IRQHandler
                0x08009cd4                I2C1_IRQHandler
                0x08009cd4                RCC_CRS_IRQHandler
                0x08009cd4                SPI1_IRQHandler
                0x08009cd4                TIM6_DAC_IRQHandler
                0x08009cd4                USART3_4_IRQHandler
                0x08009cd4                EXTI2_3_IRQHandler
                0x08009cd4                I2C2_IRQHandler
                0x08009cd4                TIM17_IRQHandler
                0x08009cd4                RTC_IRQHandler
                0x08009cd4                PVD_VDDIO2_IRQHandler
                0x08009cd4                DMA1_Channel4_5_6_7_IRQHandler
                0x08009cd4                TIM16_IRQHandler
                0x08009cd4                EXTI4_15_IRQHandler
                0x08009cd4                DMA1_Channel1_IRQHandler
                0x08009cd4                Default_Handler
                0x08009cd4                TIM14_IRQHandler
                0x08009cd4                TIM7_IRQHandler
                0x08009cd4                EXTI0_1_IRQHandler
                0x08009cd4                USB_IRQHandler
                0x08009cd4                SPI2_IRQHandler
                0x08009cd4                WWDG_IRQHandler
                0x08009cd4                TIM2_IRQHandler
                0x08009cd4                DMA1_Channel2_3_IRQHandler
                0x08009cd4                USART2_IRQHandler
                0x08009cd4                FLASH_IRQHandler
                0x08009cd4                USART1_IRQHandler
                0x08009cd4                TIM1_BRK_UP_TRG_COM_IRQHandler
 *fill*         0x08009cd6        0x2 
 .text.HAL_Init
                0x08009cd8       0x28 ./Drivers/STM32F0xx_HAL_Driver/Src/stm32f0xx_hal.o
                0x08009cd8                HAL_Init
 .text.HAL_InitTick
                0x08009d00       0x68 ./Drivers/STM32F0xx_HAL_Driver/Src/stm32f0xx_hal.o
                0x08009d00                HAL_InitTick
 .text.HAL_IncTick
                0x08009d68       0x24 ./Drivers/STM32F0xx_HAL_Driver/Src/stm32f0xx_hal.o
                0x08009d68                HAL_IncTick
 .text.HAL_GetTick
                0x08009d8c       0x14 ./Drivers/STM32F0xx_HAL_Driver/Src/stm32f0xx_hal.o
                0x08009d8c                HAL_GetTick
 .text.HAL_Delay
                0x08009da0       0x48 ./Drivers/STM32F0xx_HAL_Driver/Src/stm32f0xx_hal.o
                0x08009da0                HAL_Delay
 .text.HAL_ADC_Init
                0x08009de8      0x280 ./Drivers/STM32F0xx_HAL_Driver/Src/stm32f0xx_hal_adc.o
                0x08009de8                HAL_ADC_Init
 .text.HAL_ADC_Start
                0x0800a068       0xa8 ./Drivers/STM32F0xx_HAL_Driver/Src/stm32f0xx_hal_adc.o
                0x0800a068                HAL_ADC_Start
 .text.HAL_ADC_Stop
                0x0800a110       0x80 ./Drivers/STM32F0xx_HAL_Driver/Src/stm32f0xx_hal_adc.o
                0x0800a110                HAL_ADC_Stop
 .text.HAL_ADC_PollForConversion
                0x0800a190      0x130 ./Drivers/STM32F0xx_HAL_Driver/Src/stm32f0xx_hal_adc.o
                0x0800a190                HAL_ADC_PollForConversion
 .text.HAL_ADC_GetValue
                0x0800a2c0       0x16 ./Drivers/STM32F0xx_HAL_Driver/Src/stm32f0xx_hal_adc.o
                0x0800a2c0                HAL_ADC_GetValue
 *fill*         0x0800a2d6        0x2 
 .text.HAL_ADC_ConfigChannel
                0x0800a2d8      0x21c ./Drivers/STM32F0xx_HAL_Driver/Src/stm32f0xx_hal_adc.o
                0x0800a2d8                HAL_ADC_ConfigChannel
 .text.ADC_Enable
                0x0800a4f4      0x108 ./Drivers/STM32F0xx_HAL_Driver/Src/stm32f0xx_hal_adc.o
 .text.ADC_Disable
                0x0800a5fc       0xe2 ./Drivers/STM32F0xx_HAL_Driver/Src/stm32f0xx_hal_adc.o
 .text.ADC_ConversionStop
                0x0800a6de       0x98 ./Drivers/STM32F0xx_HAL_Driver/Src/stm32f0xx_hal_adc.o
 *fill*         0x0800a776        0x2 
 .text.HAL_ADCEx_Calibration_Start
                0x0800a778      0x150 ./Drivers/STM32F0xx_HAL_Driver/Src/stm32f0xx_hal_adc_ex.o
                0x0800a778                HAL_ADCEx_Calibration_Start
 .text.HAL_CAN_Init
                0x0800a8c8      0x1fc ./Drivers/STM32F0xx_HAL_Driver/Src/stm32f0xx_hal_can.o
                0x0800a8c8                HAL_CAN_Init
 .text.HAL_CAN_ConfigFilter
                0x0800aac4      0x1e4 ./Drivers/STM32F0xx_HAL_Driver/Src/stm32f0xx_hal_can.o
                0x0800aac4                HAL_CAN_ConfigFilter
 .text.HAL_CAN_Start
                0x0800aca8       0x8c ./Drivers/STM32F0xx_HAL_Driver/Src/stm32f0xx_hal_can.o
                0x0800aca8                HAL_CAN_Start
 .text.HAL_CAN_AddTxMessage
                0x0800ad34      0x1a4 ./Drivers/STM32F0xx_HAL_Driver/Src/stm32f0xx_hal_can.o
                0x0800ad34                HAL_CAN_AddTxMessage
 .text.HAL_CAN_GetRxMessage
                0x0800aed8      0x256 ./Drivers/STM32F0xx_HAL_Driver/Src/stm32f0xx_hal_can.o
                0x0800aed8                HAL_CAN_GetRxMessage
 .text.HAL_CAN_ActivateNotification
                0x0800b12e       0x54 ./Drivers/STM32F0xx_HAL_Driver/Src/stm32f0xx_hal_can.o
                0x0800b12e                HAL_CAN_ActivateNotification
 .text.HAL_CAN_IRQHandler
                0x0800b182      0x368 ./Drivers/STM32F0xx_HAL_Driver/Src/stm32f0xx_hal_can.o
                0x0800b182                HAL_CAN_IRQHandler
 .text.HAL_CAN_TxMailbox0CompleteCallback
                0x0800b4ea       0x10 ./Drivers/STM32F0xx_HAL_Driver/Src/stm32f0xx_hal_can.o
                0x0800b4ea                HAL_CAN_TxMailbox0CompleteCallback
 .text.HAL_CAN_TxMailbox1CompleteCallback
                0x0800b4fa       0x10 ./Drivers/STM32F0xx_HAL_Driver/Src/stm32f0xx_hal_can.o
                0x0800b4fa                HAL_CAN_TxMailbox1CompleteCallback
 .text.HAL_CAN_TxMailbox2CompleteCallback
                0x0800b50a       0x10 ./Drivers/STM32F0xx_HAL_Driver/Src/stm32f0xx_hal_can.o
                0x0800b50a                HAL_CAN_TxMailbox2CompleteCallback
 .text.HAL_CAN_TxMailbox0AbortCallback
                0x0800b51a       0x10 ./Drivers/STM32F0xx_HAL_Driver/Src/stm32f0xx_hal_can.o
                0x0800b51a                HAL_CAN_TxMailbox0AbortCallback
 .text.HAL_CAN_TxMailbox1AbortCallback
                0x0800b52a       0x10 ./Drivers/STM32F0xx_HAL_Driver/Src/stm32f0xx_hal_can.o
                0x0800b52a                HAL_CAN_TxMailbox1AbortCallback
 .text.HAL_CAN_TxMailbox2AbortCallback
                0x0800b53a       0x10 ./Drivers/STM32F0xx_HAL_Driver/Src/stm32f0xx_hal_can.o
                0x0800b53a                HAL_CAN_TxMailbox2AbortCallback
 .text.HAL_CAN_RxFifo0FullCallback
                0x0800b54a       0x10 ./Drivers/STM32F0xx_HAL_Driver/Src/stm32f0xx_hal_can.o
                0x0800b54a                HAL_CAN_RxFifo0FullCallback
 .text.HAL_CAN_RxFifo1MsgPendingCallback
                0x0800b55a       0x10 ./Drivers/STM32F0xx_HAL_Driver/Src/stm32f0xx_hal_can.o
                0x0800b55a                HAL_CAN_RxFifo1MsgPendingCallback
 .text.HAL_CAN_RxFifo1FullCallback
                0x0800b56a       0x10 ./Drivers/STM32F0xx_HAL_Driver/Src/stm32f0xx_hal_can.o
                0x0800b56a                HAL_CAN_RxFifo1FullCallback
 .text.HAL_CAN_SleepCallback
                0x0800b57a       0x10 ./Drivers/STM32F0xx_HAL_Driver/Src/stm32f0xx_hal_can.o
                0x0800b57a                HAL_CAN_SleepCallback
 .text.HAL_CAN_WakeUpFromRxMsgCallback
                0x0800b58a       0x10 ./Drivers/STM32F0xx_HAL_Driver/Src/stm32f0xx_hal_can.o
                0x0800b58a                HAL_CAN_WakeUpFromRxMsgCallback
 *fill*         0x0800b59a        0x2 
 .text.__NVIC_EnableIRQ
                0x0800b59c       0x34 ./Drivers/STM32F0xx_HAL_Driver/Src/stm32f0xx_hal_cortex.o
 .text.__NVIC_SetPriority
                0x0800b5d0       0xdc ./Drivers/STM32F0xx_HAL_Driver/Src/stm32f0xx_hal_cortex.o
 .text.SysTick_Config
                0x0800b6ac       0x48 ./Drivers/STM32F0xx_HAL_Driver/Src/stm32f0xx_hal_cortex.o
 .text.HAL_NVIC_SetPriority
                0x0800b6f4       0x2a ./Drivers/STM32F0xx_HAL_Driver/Src/stm32f0xx_hal_cortex.o
                0x0800b6f4                HAL_NVIC_SetPriority
 .text.HAL_NVIC_EnableIRQ
                0x0800b71e       0x20 ./Drivers/STM32F0xx_HAL_Driver/Src/stm32f0xx_hal_cortex.o
                0x0800b71e                HAL_NVIC_EnableIRQ
 .text.HAL_SYSTICK_Config
                0x0800b73e       0x1a ./Drivers/STM32F0xx_HAL_Driver/Src/stm32f0xx_hal_cortex.o
                0x0800b73e                HAL_SYSTICK_Config
 .text.HAL_FLASH_Program
                0x0800b758      0x12c ./Drivers/STM32F0xx_HAL_Driver/Src/stm32f0xx_hal_flash.o
                0x0800b758                HAL_FLASH_Program
 .text.HAL_FLASH_Unlock
                0x0800b884       0x4c ./Drivers/STM32F0xx_HAL_Driver/Src/stm32f0xx_hal_flash.o
                0x0800b884                HAL_FLASH_Unlock
 .text.HAL_FLASH_Lock
                0x0800b8d0       0x1c ./Drivers/STM32F0xx_HAL_Driver/Src/stm32f0xx_hal_flash.o
                0x0800b8d0                HAL_FLASH_Lock
 .text.HAL_FLASH_GetError
                0x0800b8ec       0x14 ./Drivers/STM32F0xx_HAL_Driver/Src/stm32f0xx_hal_flash.o
                0x0800b8ec                HAL_FLASH_GetError
 .text.FLASH_Program_HalfWord
                0x0800b900       0x38 ./Drivers/STM32F0xx_HAL_Driver/Src/stm32f0xx_hal_flash.o
 .text.FLASH_WaitForLastOperation
                0x0800b938       0x80 ./Drivers/STM32F0xx_HAL_Driver/Src/stm32f0xx_hal_flash.o
                0x0800b938                FLASH_WaitForLastOperation
 .text.FLASH_SetErrorCode
                0x0800b9b8       0x60 ./Drivers/STM32F0xx_HAL_Driver/Src/stm32f0xx_hal_flash.o
 .text.HAL_FLASHEx_Erase
                0x0800ba18       0xec ./Drivers/STM32F0xx_HAL_Driver/Src/stm32f0xx_hal_flash_ex.o
                0x0800ba18                HAL_FLASHEx_Erase
 .text.FLASH_MassErase
                0x0800bb04       0x30 ./Drivers/STM32F0xx_HAL_Driver/Src/stm32f0xx_hal_flash_ex.o
 .text.FLASH_PageErase
                0x0800bb34       0x3c ./Drivers/STM32F0xx_HAL_Driver/Src/stm32f0xx_hal_flash_ex.o
                0x0800bb34                FLASH_PageErase
 .text.HAL_GPIO_Init
                0x0800bb70      0x2f0 ./Drivers/STM32F0xx_HAL_Driver/Src/stm32f0xx_hal_gpio.o
                0x0800bb70                HAL_GPIO_Init
 .text.HAL_GPIO_ReadPin
                0x0800be60       0x3a ./Drivers/STM32F0xx_HAL_Driver/Src/stm32f0xx_hal_gpio.o
                0x0800be60                HAL_GPIO_ReadPin
 .text.HAL_GPIO_WritePin
                0x0800be9a       0x3a ./Drivers/STM32F0xx_HAL_Driver/Src/stm32f0xx_hal_gpio.o
                0x0800be9a                HAL_GPIO_WritePin
 .text.HAL_I2C_Init
                0x0800bed4      0x12c ./Drivers/STM32F0xx_HAL_Driver/Src/stm32f0xx_hal_i2c.o
                0x0800bed4                HAL_I2C_Init
 .text.HAL_I2C_Mem_Write
                0x0800c000      0x25c ./Drivers/STM32F0xx_HAL_Driver/Src/stm32f0xx_hal_i2c.o
                0x0800c000                HAL_I2C_Mem_Write
 .text.HAL_I2C_Mem_Read
                0x0800c25c      0x268 ./Drivers/STM32F0xx_HAL_Driver/Src/stm32f0xx_hal_i2c.o
                0x0800c25c                HAL_I2C_Mem_Read
 .text.I2C_RequestMemoryWrite
                0x0800c4c4       0xc8 ./Drivers/STM32F0xx_HAL_Driver/Src/stm32f0xx_hal_i2c.o
 .text.I2C_RequestMemoryRead
                0x0800c58c       0xc4 ./Drivers/STM32F0xx_HAL_Driver/Src/stm32f0xx_hal_i2c.o
 .text.I2C_Flush_TXDR
                0x0800c650       0x44 ./Drivers/STM32F0xx_HAL_Driver/Src/stm32f0xx_hal_i2c.o
 .text.I2C_WaitOnFlagUntilTimeout
                0x0800c694       0x9c ./Drivers/STM32F0xx_HAL_Driver/Src/stm32f0xx_hal_i2c.o
 .text.I2C_WaitOnTXISFlagUntilTimeout
                0x0800c730       0x8c ./Drivers/STM32F0xx_HAL_Driver/Src/stm32f0xx_hal_i2c.o
 .text.I2C_WaitOnSTOPFlagUntilTimeout
                0x0800c7bc       0x86 ./Drivers/STM32F0xx_HAL_Driver/Src/stm32f0xx_hal_i2c.o
 *fill*         0x0800c842        0x2 
 .text.I2C_IsErrorOccurred
                0x0800c844      0x1f0 ./Drivers/STM32F0xx_HAL_Driver/Src/stm32f0xx_hal_i2c.o
 .text.I2C_TransferConfig
                0x0800ca34       0x74 ./Drivers/STM32F0xx_HAL_Driver/Src/stm32f0xx_hal_i2c.o
 .text.HAL_I2CEx_ConfigAnalogFilter
                0x0800caa8       0x98 ./Drivers/STM32F0xx_HAL_Driver/Src/stm32f0xx_hal_i2c_ex.o
                0x0800caa8                HAL_I2CEx_ConfigAnalogFilter
 .text.HAL_I2CEx_ConfigDigitalFilter
                0x0800cb40       0x98 ./Drivers/STM32F0xx_HAL_Driver/Src/stm32f0xx_hal_i2c_ex.o
                0x0800cb40                HAL_I2CEx_ConfigDigitalFilter
 .text.HAL_RCC_OscConfig
                0x0800cbd8      0x70c ./Drivers/STM32F0xx_HAL_Driver/Src/stm32f0xx_hal_rcc.o
                0x0800cbd8                HAL_RCC_OscConfig
 .text.HAL_RCC_ClockConfig
                0x0800d2e4      0x1b4 ./Drivers/STM32F0xx_HAL_Driver/Src/stm32f0xx_hal_rcc.o
                0x0800d2e4                HAL_RCC_ClockConfig
 .text.HAL_RCC_GetSysClockFreq
                0x0800d498       0xe4 ./Drivers/STM32F0xx_HAL_Driver/Src/stm32f0xx_hal_rcc.o
                0x0800d498                HAL_RCC_GetSysClockFreq
 .text.HAL_RCC_GetHCLKFreq
                0x0800d57c       0x14 ./Drivers/STM32F0xx_HAL_Driver/Src/stm32f0xx_hal_rcc.o
                0x0800d57c                HAL_RCC_GetHCLKFreq
 .text.HAL_RCC_GetPCLK1Freq
                0x0800d590       0x2c ./Drivers/STM32F0xx_HAL_Driver/Src/stm32f0xx_hal_rcc.o
                0x0800d590                HAL_RCC_GetPCLK1Freq
 .text.HAL_RCCEx_PeriphCLKConfig
                0x0800d5bc      0x1fc ./Drivers/STM32F0xx_HAL_Driver/Src/stm32f0xx_hal_rcc_ex.o
                0x0800d5bc                HAL_RCCEx_PeriphCLKConfig
 .text.HAL_RTC_Init
                0x0800d7b8      0x130 ./Drivers/STM32F0xx_HAL_Driver/Src/stm32f0xx_hal_rtc.o
                0x0800d7b8                HAL_RTC_Init
 .text.HAL_RTC_SetTime
                0x0800d8e8      0x14c ./Drivers/STM32F0xx_HAL_Driver/Src/stm32f0xx_hal_rtc.o
                0x0800d8e8                HAL_RTC_SetTime
 .text.HAL_RTC_SetDate
                0x0800da34      0x120 ./Drivers/STM32F0xx_HAL_Driver/Src/stm32f0xx_hal_rtc.o
                0x0800da34                HAL_RTC_SetDate
 .text.HAL_RTC_WaitForSynchro
                0x0800db54       0x50 ./Drivers/STM32F0xx_HAL_Driver/Src/stm32f0xx_hal_rtc.o
                0x0800db54                HAL_RTC_WaitForSynchro
 .text.RTC_EnterInitMode
                0x0800dba4       0x86 ./Drivers/STM32F0xx_HAL_Driver/Src/stm32f0xx_hal_rtc.o
                0x0800dba4                RTC_EnterInitMode
 .text.RTC_ExitInitMode
                0x0800dc2a       0x52 ./Drivers/STM32F0xx_HAL_Driver/Src/stm32f0xx_hal_rtc.o
                0x0800dc2a                RTC_ExitInitMode
 .text.RTC_ByteToBcd2
                0x0800dc7c       0x42 ./Drivers/STM32F0xx_HAL_Driver/Src/stm32f0xx_hal_rtc.o
                0x0800dc7c                RTC_ByteToBcd2
 .text.HAL_TIM_Base_Init
                0x0800dcbe       0xa0 ./Drivers/STM32F0xx_HAL_Driver/Src/stm32f0xx_hal_tim.o
                0x0800dcbe                HAL_TIM_Base_Init
 *fill*         0x0800dd5e        0x2 
 .text.HAL_TIM_Base_Start_IT
                0x0800dd60       0xa4 ./Drivers/STM32F0xx_HAL_Driver/Src/stm32f0xx_hal_tim.o
                0x0800dd60                HAL_TIM_Base_Start_IT
 .text.HAL_TIM_IRQHandler
                0x0800de04      0x22c ./Drivers/STM32F0xx_HAL_Driver/Src/stm32f0xx_hal_tim.o
                0x0800de04                HAL_TIM_IRQHandler
 .text.HAL_TIM_ConfigClockSource
                0x0800e030      0x1a8 ./Drivers/STM32F0xx_HAL_Driver/Src/stm32f0xx_hal_tim.o
                0x0800e030                HAL_TIM_ConfigClockSource
 .text.HAL_TIM_OC_DelayElapsedCallback
                0x0800e1d8       0x10 ./Drivers/STM32F0xx_HAL_Driver/Src/stm32f0xx_hal_tim.o
                0x0800e1d8                HAL_TIM_OC_DelayElapsedCallback
 .text.HAL_TIM_IC_CaptureCallback
                0x0800e1e8       0x10 ./Drivers/STM32F0xx_HAL_Driver/Src/stm32f0xx_hal_tim.o
                0x0800e1e8                HAL_TIM_IC_CaptureCallback
 .text.HAL_TIM_PWM_PulseFinishedCallback
                0x0800e1f8       0x10 ./Drivers/STM32F0xx_HAL_Driver/Src/stm32f0xx_hal_tim.o
                0x0800e1f8                HAL_TIM_PWM_PulseFinishedCallback
 .text.HAL_TIM_TriggerCallback
                0x0800e208       0x10 ./Drivers/STM32F0xx_HAL_Driver/Src/stm32f0xx_hal_tim.o
                0x0800e208                HAL_TIM_TriggerCallback
 .text.TIM_Base_SetConfig
                0x0800e218      0x100 ./Drivers/STM32F0xx_HAL_Driver/Src/stm32f0xx_hal_tim.o
                0x0800e218                TIM_Base_SetConfig
 .text.TIM_TI1_ConfigInputStage
                0x0800e318       0x5c ./Drivers/STM32F0xx_HAL_Driver/Src/stm32f0xx_hal_tim.o
 .text.TIM_TI2_ConfigInputStage
                0x0800e374       0x64 ./Drivers/STM32F0xx_HAL_Driver/Src/stm32f0xx_hal_tim.o
 .text.TIM_ITRx_SetConfig
                0x0800e3d8       0x32 ./Drivers/STM32F0xx_HAL_Driver/Src/stm32f0xx_hal_tim.o
 *fill*         0x0800e40a        0x2 
 .text.TIM_ETR_SetConfig
                0x0800e40c       0x40 ./Drivers/STM32F0xx_HAL_Driver/Src/stm32f0xx_hal_tim.o
                0x0800e40c                TIM_ETR_SetConfig
 .text.HAL_TIMEx_MasterConfigSynchronization
                0x0800e44c       0xbc ./Drivers/STM32F0xx_HAL_Driver/Src/stm32f0xx_hal_tim_ex.o
                0x0800e44c                HAL_TIMEx_MasterConfigSynchronization
 .text.HAL_TIMEx_CommutCallback
                0x0800e508       0x10 ./Drivers/STM32F0xx_HAL_Driver/Src/stm32f0xx_hal_tim_ex.o
                0x0800e508                HAL_TIMEx_CommutCallback
 .text.HAL_TIMEx_BreakCallback
                0x0800e518       0x10 ./Drivers/STM32F0xx_HAL_Driver/Src/stm32f0xx_hal_tim_ex.o
                0x0800e518                HAL_TIMEx_BreakCallback
 .text.HAL_UART_Init
                0x0800e528       0xa8 ./Drivers/STM32F0xx_HAL_Driver/Src/stm32f0xx_hal_uart.o
                0x0800e528                HAL_UART_Init
 .text.HAL_UART_Transmit
                0x0800e5d0      0x13e ./Drivers/STM32F0xx_HAL_Driver/Src/stm32f0xx_hal_uart.o
                0x0800e5d0                HAL_UART_Transmit
 *fill*         0x0800e70e        0x2 
 .text.UART_SetConfig
                0x0800e710      0x310 ./Drivers/STM32F0xx_HAL_Driver/Src/stm32f0xx_hal_uart.o
                0x0800e710                UART_SetConfig
 .text.UART_AdvFeatureConfig
                0x0800ea20      0x168 ./Drivers/STM32F0xx_HAL_Driver/Src/stm32f0xx_hal_uart.o
                0x0800ea20                UART_AdvFeatureConfig
 .text.UART_CheckIdleState
                0x0800eb88      0x150 ./Drivers/STM32F0xx_HAL_Driver/Src/stm32f0xx_hal_uart.o
                0x0800eb88                UART_CheckIdleState
 .text.UART_WaitOnFlagUntilTimeout
                0x0800ecd8       0xd2 ./Drivers/STM32F0xx_HAL_Driver/Src/stm32f0xx_hal_uart.o
                0x0800ecd8                UART_WaitOnFlagUntilTimeout
 *fill*         0x0800edaa        0x2 
 .text.UART_EndRxTransfer
                0x0800edac       0xc8 ./Drivers/STM32F0xx_HAL_Driver/Src/stm32f0xx_hal_uart.o
 .text.memset   0x0800ee74       0x10 C:/ST/STM32CubeIDE_1.13.0/STM32CubeIDE/plugins/com.st.stm32cube.ide.mcu.externaltools.gnu-tools-for-stm32.12.3.rel1.win32_1.0.100.202403111256/tools/bin/../lib/gcc/arm-none-eabi/12.3.1/../../../../arm-none-eabi/lib/thumb/v6-m/nofp\libc_nano.a(libc_a-memset.o)
                0x0800ee74                memset
 .text.__libc_init_array
                0x0800ee84       0x48 C:/ST/STM32CubeIDE_1.13.0/STM32CubeIDE/plugins/com.st.stm32cube.ide.mcu.externaltools.gnu-tools-for-stm32.12.3.rel1.win32_1.0.100.202403111256/tools/bin/../lib/gcc/arm-none-eabi/12.3.1/../../../../arm-none-eabi/lib/thumb/v6-m/nofp\libc_nano.a(libc_a-init.o)
                0x0800ee84                __libc_init_array
 .text.memcpy   0x0800eecc       0x12 C:/ST/STM32CubeIDE_1.13.0/STM32CubeIDE/plugins/com.st.stm32cube.ide.mcu.externaltools.gnu-tools-for-stm32.12.3.rel1.win32_1.0.100.202403111256/tools/bin/../lib/gcc/arm-none-eabi/12.3.1/../../../../arm-none-eabi/lib/thumb/v6-m/nofp\libc_nano.a(libc_a-memcpy-stub.o)
                0x0800eecc                memcpy
 *(.glue_7)
 .glue_7        0x0800eede        0x0 linker stubs
 *(.glue_7t)
 .glue_7t       0x0800eede        0x0 linker stubs
 *(.eh_frame)
 *fill*         0x0800eede        0x2 
 .eh_frame      0x0800eee0        0x0 C:/ST/STM32CubeIDE_1.13.0/STM32CubeIDE/plugins/com.st.stm32cube.ide.mcu.externaltools.gnu-tools-for-stm32.12.3.rel1.win32_1.0.100.202403111256/tools/bin/../lib/gcc/arm-none-eabi/12.3.1/thumb/v6-m/nofp/crtbegin.o
 *(.init)
 .init          0x0800eee0        0x4 C:/ST/STM32CubeIDE_1.13.0/STM32CubeIDE/plugins/com.st.stm32cube.ide.mcu.externaltools.gnu-tools-for-stm32.12.3.rel1.win32_1.0.100.202403111256/tools/bin/../lib/gcc/arm-none-eabi/12.3.1/thumb/v6-m/nofp/crti.o
                0x0800eee0                _init
 .init          0x0800eee4        0x8 C:/ST/STM32CubeIDE_1.13.0/STM32CubeIDE/plugins/com.st.stm32cube.ide.mcu.externaltools.gnu-tools-for-stm32.12.3.rel1.win32_1.0.100.202403111256/tools/bin/../lib/gcc/arm-none-eabi/12.3.1/thumb/v6-m/nofp/crtn.o
 *(.fini)
 .fini          0x0800eeec        0x4 C:/ST/STM32CubeIDE_1.13.0/STM32CubeIDE/plugins/com.st.stm32cube.ide.mcu.externaltools.gnu-tools-for-stm32.12.3.rel1.win32_1.0.100.202403111256/tools/bin/../lib/gcc/arm-none-eabi/12.3.1/thumb/v6-m/nofp/crti.o
                0x0800eeec                _fini
 .fini          0x0800eef0        0x8 C:/ST/STM32CubeIDE_1.13.0/STM32CubeIDE/plugins/com.st.stm32cube.ide.mcu.externaltools.gnu-tools-for-stm32.12.3.rel1.win32_1.0.100.202403111256/tools/bin/../lib/gcc/arm-none-eabi/12.3.1/thumb/v6-m/nofp/crtn.o
                0x0800eef8                        . = ALIGN (0x4)
                0x0800eef8                        _etext = .

.vfp11_veneer   0x0800eef8        0x0
 .vfp11_veneer  0x0800eef8        0x0 linker stubs

.v4_bx          0x0800eef8        0x0
 .v4_bx         0x0800eef8        0x0 linker stubs

.iplt           0x0800eef8        0x0
 .iplt          0x0800eef8        0x0 C:/ST/STM32CubeIDE_1.13.0/STM32CubeIDE/plugins/com.st.stm32cube.ide.mcu.externaltools.gnu-tools-for-stm32.12.3.rel1.win32_1.0.100.202403111256/tools/bin/../lib/gcc/arm-none-eabi/12.3.1/thumb/v6-m/nofp/crtbegin.o

.rodata         0x0800eef8      0x4d8
                0x0800eef8                        . = ALIGN (0x4)
 *(.rodata)
 .rodata        0x0800eef8       0x12 ./Core/Src/bq76952.o
 *fill*         0x0800ef0a        0x2 
 .rodata        0x0800ef0c        0x3 ./Core/Src/main.o
 *fill*         0x0800ef0f        0x1 
 .rodata        0x0800ef10       0x7c C:/ST/STM32CubeIDE_1.13.0/STM32CubeIDE/plugins/com.st.stm32cube.ide.mcu.externaltools.gnu-tools-for-stm32.12.3.rel1.win32_1.0.100.202403111256/tools/bin/../lib/gcc/arm-none-eabi/12.3.1/thumb/v6-m/nofp\libgcc.a(divsf3.o)
 .rodata        0x0800ef8c       0x40 C:/ST/STM32CubeIDE_1.13.0/STM32CubeIDE/plugins/com.st.stm32cube.ide.mcu.externaltools.gnu-tools-for-stm32.12.3.rel1.win32_1.0.100.202403111256/tools/bin/../lib/gcc/arm-none-eabi/12.3.1/thumb/v6-m/nofp\libgcc.a(divdf3.o)
 *(.rodata*)
 .rodata.FLASH_COMMAND
                0x0800efcc      0x3cc ./Core/Src/flash_072c8.o
 .rodata.AHBPrescTable
                0x0800f398       0x10 ./Core/Src/system_stm32f0xx.o
                0x0800f398                AHBPrescTable
 .rodata.APBPrescTable
                0x0800f3a8        0x8 ./Core/Src/system_stm32f0xx.o
                0x0800f3a8                APBPrescTable
 .rodata.aPLLMULFactorTable.1
                0x0800f3b0       0x10 ./Drivers/STM32F0xx_HAL_Driver/Src/stm32f0xx_hal_rcc.o
 .rodata.aPredivFactorTable.0
                0x0800f3c0       0x10 ./Drivers/STM32F0xx_HAL_Driver/Src/stm32f0xx_hal_rcc.o
                0x0800f3d0                        . = ALIGN (0x4)

.rel.dyn        0x0800f3d0        0x0
 .rel.iplt      0x0800f3d0        0x0 C:/ST/STM32CubeIDE_1.13.0/STM32CubeIDE/plugins/com.st.stm32cube.ide.mcu.externaltools.gnu-tools-for-stm32.12.3.rel1.win32_1.0.100.202403111256/tools/bin/../lib/gcc/arm-none-eabi/12.3.1/thumb/v6-m/nofp/crtbegin.o

.ARM.extab      0x0800f3d0        0x0
                0x0800f3d0                        . = ALIGN (0x4)
 *(.ARM.extab* .gnu.linkonce.armextab.*)
                0x0800f3d0                        . = ALIGN (0x4)

.ARM            0x0800f3d0        0x0
                0x0800f3d0                        . = ALIGN (0x4)
                0x0800f3d0                        __exidx_start = .
 *(.ARM.exidx*)
                0x0800f3d0                        __exidx_end = .
                0x0800f3d0                        . = ALIGN (0x4)

.preinit_array  0x0800f3d0        0x0
                0x0800f3d0                        . = ALIGN (0x4)
                0x0800f3d0                        PROVIDE (__preinit_array_start = .)
 *(.preinit_array*)
                0x0800f3d0                        PROVIDE (__preinit_array_end = .)
                0x0800f3d0                        . = ALIGN (0x4)

.init_array     0x0800f3d0        0x4
                0x0800f3d0                        . = ALIGN (0x4)
                0x0800f3d0                        PROVIDE (__init_array_start = .)
 *(SORT_BY_NAME(.init_array.*))
 *(.init_array*)
 .init_array    0x0800f3d0        0x4 C:/ST/STM32CubeIDE_1.13.0/STM32CubeIDE/plugins/com.st.stm32cube.ide.mcu.externaltools.gnu-tools-for-stm32.12.3.rel1.win32_1.0.100.202403111256/tools/bin/../lib/gcc/arm-none-eabi/12.3.1/thumb/v6-m/nofp/crtbegin.o
                0x0800f3d4                        PROVIDE (__init_array_end = .)
                0x0800f3d4                        . = ALIGN (0x4)

.fini_array     0x0800f3d4        0x4
                0x0800f3d4                        . = ALIGN (0x4)
                [!provide]                        PROVIDE (__fini_array_start = .)
 *(SORT_BY_NAME(.fini_array.*))
 *(.fini_array*)
 .fini_array    0x0800f3d4        0x4 C:/ST/STM32CubeIDE_1.13.0/STM32CubeIDE/plugins/com.st.stm32cube.ide.mcu.externaltools.gnu-tools-for-stm32.12.3.rel1.win32_1.0.100.202403111256/tools/bin/../lib/gcc/arm-none-eabi/12.3.1/thumb/v6-m/nofp/crtbegin.o
                [!provide]                        PROVIDE (__fini_array_end = .)
                0x0800f3d8                        . = ALIGN (0x4)
                0x0800f3d8                        _sidata = LOADADDR (.data)

.data           0x20000000      0x1a0 load address 0x0800f3d8
                0x20000000                        . = ALIGN (0x4)
                0x20000000                        _sdata = .
 *(.data)
 *(.data*)
 .data.R0       0x20000000        0x4 ./Core/Src/SOCtasks.o
                0x20000000                R0
 .data.R1       0x20000004        0x4 ./Core/Src/SOCtasks.o
                0x20000004                R1
 .data.C1       0x20000008        0x4 ./Core/Src/SOCtasks.o
                0x20000008                C1
 .data.current_battery_capacity
                0x2000000c        0x4 ./Core/Src/SOCtasks.o
                0x2000000c                current_battery_capacity
 .data.cell1gain
                0x20000010        0x2 ./Core/Src/bq76952.o
                0x20000010                cell1gain
 .data.cell2gain
                0x20000012        0x2 ./Core/Src/bq76952.o
                0x20000012                cell2gain
 .data.cell3gain
                0x20000014        0x2 ./Core/Src/bq76952.o
                0x20000014                cell3gain
 .data.cell4gain
                0x20000016        0x2 ./Core/Src/bq76952.o
                0x20000016                cell4gain
 .data.cell5gain
                0x20000018        0x2 ./Core/Src/bq76952.o
                0x20000018                cell5gain
 .data.cell6gain
                0x2000001a        0x2 ./Core/Src/bq76952.o
                0x2000001a                cell6gain
 .data.cell7gain
                0x2000001c        0x2 ./Core/Src/bq76952.o
                0x2000001c                cell7gain
 .data.cell8gain
                0x2000001e        0x2 ./Core/Src/bq76952.o
                0x2000001e                cell8gain
 .data.cell9gain
                0x20000020        0x2 ./Core/Src/bq76952.o
                0x20000020                cell9gain
 .data.cell10gain
                0x20000022        0x2 ./Core/Src/bq76952.o
                0x20000022                cell10gain
 .data.cell11gain
                0x20000024        0x2 ./Core/Src/bq76952.o
                0x20000024                cell11gain
 .data.cell12gain
                0x20000026        0x2 ./Core/Src/bq76952.o
                0x20000026                cell12gain
 .data.cell13gain
                0x20000028        0x2 ./Core/Src/bq76952.o
                0x20000028                cell13gain
 .data.cell14gain
                0x2000002a        0x2 ./Core/Src/bq76952.o
                0x2000002a                cell14gain
 .data.cell15gain
                0x2000002c        0x2 ./Core/Src/bq76952.o
                0x2000002c                cell15gain
 .data.cell16gain
                0x2000002e        0x2 ./Core/Src/bq76952.o
                0x2000002e                cell16gain
 .data.ccgain   0x20000030        0x4 ./Core/Src/bq76952.o
                0x20000030                ccgain
 .data.capacitygain
                0x20000034        0x4 ./Core/Src/bq76952.o
                0x20000034                capacitygain
 .data.coulombcounteroffsetsamples
                0x20000038        0x2 ./Core/Src/bq76952.o
                0x20000038                coulombcounteroffsetsamples
 .data.intgain  0x2000003a        0x2 ./Core/Src/bq76952.o
                0x2000003a                intgain
 .data.intbaseoffset
                0x2000003c        0x2 ./Core/Src/bq76952.o
                0x2000003c                intbaseoffset
 .data.intmaximumad
                0x2000003e        0x2 ./Core/Src/bq76952.o
                0x2000003e                intmaximumad
 .data.intmaximumtemp
                0x20000040        0x2 ./Core/Src/bq76952.o
                0x20000040                intmaximumtemp
 .data.t18kcoeffa1
                0x20000042        0x2 ./Core/Src/bq76952.o
                0x20000042                t18kcoeffa1
 .data.t18kcoeffa2
                0x20000044        0x2 ./Core/Src/bq76952.o
                0x20000044                t18kcoeffa2
 .data.t18kcoeffa3
                0x20000046        0x2 ./Core/Src/bq76952.o
                0x20000046                t18kcoeffa3
 .data.t18kcoeffa4
                0x20000048        0x2 ./Core/Src/bq76952.o
                0x20000048                t18kcoeffa4
 .data.t18kcoeffa5
                0x2000004a        0x2 ./Core/Src/bq76952.o
                0x2000004a                t18kcoeffa5
 .data.t18kcoeffb1
                0x2000004c        0x2 ./Core/Src/bq76952.o
                0x2000004c                t18kcoeffb1
 .data.t18kcoeffb2
                0x2000004e        0x2 ./Core/Src/bq76952.o
                0x2000004e                t18kcoeffb2
 .data.t18kcoeffb3
                0x20000050        0x2 ./Core/Src/bq76952.o
                0x20000050                t18kcoeffb3
 .data.t18kcoeffb4
                0x20000052        0x2 ./Core/Src/bq76952.o
                0x20000052                t18kcoeffb4
 .data.t18kadc0
                0x20000054        0x2 ./Core/Src/bq76952.o
                0x20000054                t18kadc0
 .data.t180kcoeffa1
                0x20000056        0x2 ./Core/Src/bq76952.o
                0x20000056                t180kcoeffa1
 .data.t180kcoeffa2
                0x20000058        0x2 ./Core/Src/bq76952.o
                0x20000058                t180kcoeffa2
 .data.t180kcoeffa3
                0x2000005a        0x2 ./Core/Src/bq76952.o
                0x2000005a                t180kcoeffa3
 .data.t180kcoeffa4
                0x2000005c        0x2 ./Core/Src/bq76952.o
                0x2000005c                t180kcoeffa4
 .data.t180kcoeffa5
                0x2000005e        0x2 ./Core/Src/bq76952.o
                0x2000005e                t180kcoeffa5
 .data.t180kcoeffb1
                0x20000060        0x2 ./Core/Src/bq76952.o
                0x20000060                t180kcoeffb1
 .data.t180kcoeffb2
                0x20000062        0x2 ./Core/Src/bq76952.o
                0x20000062                t180kcoeffb2
 .data.t180kcoeffb3
                0x20000064        0x2 ./Core/Src/bq76952.o
                0x20000064                t180kcoeffb3
 .data.t180kcoeffb4
                0x20000066        0x2 ./Core/Src/bq76952.o
                0x20000066                t180kcoeffb4
 .data.t180kadc0
                0x20000068        0x2 ./Core/Src/bq76952.o
                0x20000068                t180kadc0
 .data.coulombcounterdeadband
                0x2000006a        0x1 ./Core/Src/bq76952.o
                0x2000006a                coulombcounterdeadband
 *fill*         0x2000006b        0x1 
 .data.cuvthresholdoverride
                0x2000006c        0x2 ./Core/Src/bq76952.o
                0x2000006c                cuvthresholdoverride
 .data.covthresholdoverride
                0x2000006e        0x2 ./Core/Src/bq76952.o
                0x2000006e                covthresholdoverride
 .data.minblowfusevoltage
                0x20000070        0x2 ./Core/Src/bq76952.o
                0x20000070                minblowfusevoltage
 .data.fuseblowtimeout
                0x20000072        0x1 ./Core/Src/bq76952.o
                0x20000072                fuseblowtimeout
 *fill*         0x20000073        0x1 
 .data.powerconfig
                0x20000074        0x2 ./Core/Src/bq76952.o
                0x20000074                powerconfig
 .data.powerconfig_nosleep
                0x20000076        0x2 ./Core/Src/bq76952.o
                0x20000076                powerconfig_nosleep
 .data.reg12config
                0x20000078        0x1 ./Core/Src/bq76952.o
                0x20000078                reg12config
 .data.reg0config
                0x20000079        0x1 ./Core/Src/bq76952.o
                0x20000079                reg0config
 .data.spiconfiguration
                0x2000007a        0x1 ./Core/Src/bq76952.o
                0x2000007a                spiconfiguration
 .data.cfetoffpinconfig
                0x2000007b        0x1 ./Core/Src/bq76952.o
                0x2000007b                cfetoffpinconfig
 .data.dfetoffpinconfig
                0x2000007c        0x1 ./Core/Src/bq76952.o
                0x2000007c                dfetoffpinconfig
 .data.alertpinconfig
                0x2000007d        0x1 ./Core/Src/bq76952.o
                0x2000007d                alertpinconfig
 .data.ts1config
                0x2000007e        0x1 ./Core/Src/bq76952.o
                0x2000007e                ts1config
 .data.ts3config
                0x2000007f        0x1 ./Core/Src/bq76952.o
                0x2000007f                ts3config
 .data.hdqpinconfig
                0x20000080        0x1 ./Core/Src/bq76952.o
                0x20000080                hdqpinconfig
 .data.dchgpinconfig
                0x20000081        0x1 ./Core/Src/bq76952.o
                0x20000081                dchgpinconfig
 .data.ddsgpinconfig
                0x20000082        0x1 ./Core/Src/bq76952.o
                0x20000082                ddsgpinconfig
 .data.daconfiguration
                0x20000083        0x1 ./Core/Src/bq76952.o
                0x20000083                daconfiguration
 .data.vcellmode
                0x20000084        0x2 ./Core/Src/bq76952.o
                0x20000084                vcellmode
 .data.cc3samples
                0x20000086        0x1 ./Core/Src/bq76952.o
                0x20000086                cc3samples
 *fill*         0x20000087        0x1 
 .data.protectionconfiguration
                0x20000088        0x2 ./Core/Src/bq76952.o
                0x20000088                protectionconfiguration
 .data.enabledprotectionsa
                0x2000008a        0x1 ./Core/Src/bq76952.o
                0x2000008a                enabledprotectionsa
 .data.enabledprotectionsb
                0x2000008b        0x1 ./Core/Src/bq76952.o
                0x2000008b                enabledprotectionsb
 .data.enabledprotectionsc
                0x2000008c        0x1 ./Core/Src/bq76952.o
                0x2000008c                enabledprotectionsc
 .data.chgfetprotectionsa
                0x2000008d        0x1 ./Core/Src/bq76952.o
                0x2000008d                chgfetprotectionsa
 .data.chgfetprotectionsb
                0x2000008e        0x1 ./Core/Src/bq76952.o
                0x2000008e                chgfetprotectionsb
 .data.chgfetprotectionsc
                0x2000008f        0x1 ./Core/Src/bq76952.o
                0x2000008f                chgfetprotectionsc
 .data.dsgfetprotectionsa
                0x20000090        0x1 ./Core/Src/bq76952.o
                0x20000090                dsgfetprotectionsa
 .data.dsgfetprotectionsb
                0x20000091        0x1 ./Core/Src/bq76952.o
                0x20000091                dsgfetprotectionsb
 .data.dsgfetprotectionsc
                0x20000092        0x1 ./Core/Src/bq76952.o
                0x20000092                dsgfetprotectionsc
 *fill*         0x20000093        0x1 
 .data.bodydiodethreshold
                0x20000094        0x2 ./Core/Src/bq76952.o
                0x20000094                bodydiodethreshold
 .data.defaultalarmmask
                0x20000096        0x2 ./Core/Src/bq76952.o
                0x20000096                defaultalarmmask
 .data.sfalertmaska
                0x20000098        0x1 ./Core/Src/bq76952.o
                0x20000098                sfalertmaska
 .data.sfalertmaskb
                0x20000099        0x1 ./Core/Src/bq76952.o
                0x20000099                sfalertmaskb
 .data.sfalertmaskc
                0x2000009a        0x1 ./Core/Src/bq76952.o
                0x2000009a                sfalertmaskc
 .data.pfalertmaska
                0x2000009b        0x1 ./Core/Src/bq76952.o
                0x2000009b                pfalertmaska
 .data.pfalertmaskb
                0x2000009c        0x1 ./Core/Src/bq76952.o
                0x2000009c                pfalertmaskb
 .data.enabledpfa
                0x2000009d        0x1 ./Core/Src/bq76952.o
                0x2000009d                enabledpfa
 .data.enabledpfc
                0x2000009e        0x1 ./Core/Src/bq76952.o
                0x2000009e                enabledpfc
 .data.enabledpfd
                0x2000009f        0x1 ./Core/Src/bq76952.o
                0x2000009f                enabledpfd
 .data.fetoptions
                0x200000a0        0x1 ./Core/Src/bq76952.o
                0x200000a0                fetoptions
 .data.chgpumpcontrol
                0x200000a1        0x1 ./Core/Src/bq76952.o
                0x200000a1                chgpumpcontrol
 .data.prechargestopvoltage
                0x200000a2        0x2 ./Core/Src/bq76952.o
                0x200000a2                prechargestopvoltage
 .data.predischargetimeout
                0x200000a4        0x1 ./Core/Src/bq76952.o
                0x200000a4                predischargetimeout
 *fill*         0x200000a5        0x1 
 .data.dsgcurrentthreshold
                0x200000a6        0x2 ./Core/Src/bq76952.o
                0x200000a6                dsgcurrentthreshold
 .data.chgcurrentthreshold
                0x200000a8        0x2 ./Core/Src/bq76952.o
                0x200000a8                chgcurrentthreshold
 .data.checktime
                0x200000aa        0x1 ./Core/Src/bq76952.o
                0x200000aa                checktime
 *fill*         0x200000ab        0x1 
 .data.cell1interconnect
                0x200000ac        0x2 ./Core/Src/bq76952.o
                0x200000ac                cell1interconnect
 .data.cell2interconnect
                0x200000ae        0x2 ./Core/Src/bq76952.o
                0x200000ae                cell2interconnect
 .data.cell3interconnect
                0x200000b0        0x2 ./Core/Src/bq76952.o
                0x200000b0                cell3interconnect
 .data.cell4interconnect
                0x200000b2        0x2 ./Core/Src/bq76952.o
                0x200000b2                cell4interconnect
 .data.cell5interconnect
                0x200000b4        0x2 ./Core/Src/bq76952.o
                0x200000b4                cell5interconnect
 .data.cell6interconnect
                0x200000b6        0x2 ./Core/Src/bq76952.o
                0x200000b6                cell6interconnect
 .data.cell7interconnect
                0x200000b8        0x2 ./Core/Src/bq76952.o
                0x200000b8                cell7interconnect
 .data.cell8interconnect
                0x200000ba        0x2 ./Core/Src/bq76952.o
                0x200000ba                cell8interconnect
 .data.cell9interconnect
                0x200000bc        0x2 ./Core/Src/bq76952.o
                0x200000bc                cell9interconnect
 .data.cell10interconnect
                0x200000be        0x2 ./Core/Src/bq76952.o
                0x200000be                cell10interconnect
 .data.cell11interconnect
                0x200000c0        0x2 ./Core/Src/bq76952.o
                0x200000c0                cell11interconnect
 .data.cell12interconnect
                0x200000c2        0x2 ./Core/Src/bq76952.o
                0x200000c2                cell12interconnect
 .data.cell13interconnect
                0x200000c4        0x2 ./Core/Src/bq76952.o
                0x200000c4                cell13interconnect
 .data.cell14interconnect
                0x200000c6        0x2 ./Core/Src/bq76952.o
                0x200000c6                cell14interconnect
 .data.cell15interconnect
                0x200000c8        0x2 ./Core/Src/bq76952.o
                0x200000c8                cell15interconnect
 .data.cell16interconnect
                0x200000ca        0x2 ./Core/Src/bq76952.o
                0x200000ca                cell16interconnect
 .data.mfgstatusinit
                0x200000cc        0x2 ./Core/Src/bq76952.o
                0x200000cc                mfgstatusinit
 .data.balancingconfiguration
                0x200000ce        0x1 ./Core/Src/bq76952.o
                0x200000ce                balancingconfiguration
 .data.mincelltemp
                0x200000cf        0x1 ./Core/Src/bq76952.o
                0x200000cf                mincelltemp
 .data.maxcelltemp
                0x200000d0        0x1 ./Core/Src/bq76952.o
                0x200000d0                maxcelltemp
 .data.maxinternaltemp
                0x200000d1        0x1 ./Core/Src/bq76952.o
                0x200000d1                maxinternaltemp
 .data.cellbalanceinterval
                0x200000d2        0x1 ./Core/Src/bq76952.o
                0x200000d2                cellbalanceinterval
 .data.cellbalancemaxcells
                0x200000d3        0x1 ./Core/Src/bq76952.o
                0x200000d3                cellbalancemaxcells
 .data.cellbalancemincellvcharge
                0x200000d4        0x2 ./Core/Src/bq76952.o
                0x200000d4                cellbalancemincellvcharge
 .data.cellbalancemindeltacharge
                0x200000d6        0x1 ./Core/Src/bq76952.o
                0x200000d6                cellbalancemindeltacharge
 .data.cellbalancestopdeltacharge
                0x200000d7        0x1 ./Core/Src/bq76952.o
                0x200000d7                cellbalancestopdeltacharge
 .data.cellbalancemincellvrelax
                0x200000d8        0x2 ./Core/Src/bq76952.o
                0x200000d8                cellbalancemincellvrelax
 .data.cellbalancemindeltarelax
                0x200000da        0x1 ./Core/Src/bq76952.o
                0x200000da                cellbalancemindeltarelax
 .data.cellbalancestopdeltarelax
                0x200000db        0x1 ./Core/Src/bq76952.o
                0x200000db                cellbalancestopdeltarelax
 .data.shutdownstackvoltage
                0x200000dc        0x2 ./Core/Src/bq76952.o
                0x200000dc                shutdownstackvoltage
 .data.shutdowntemperature
                0x200000de        0x1 ./Core/Src/bq76952.o
                0x200000de                shutdowntemperature
 .data.shutdowntemperaturedelay
                0x200000df        0x1 ./Core/Src/bq76952.o
                0x200000df                shutdowntemperaturedelay
 .data.shutdowncommanddelay
                0x200000e0        0x1 ./Core/Src/bq76952.o
                0x200000e0                shutdowncommanddelay
 .data.autoshutdowntime
                0x200000e1        0x1 ./Core/Src/bq76952.o
                0x200000e1                autoshutdowntime
 .data.ramfailshutdowntime
                0x200000e2        0x1 ./Core/Src/bq76952.o
                0x200000e2                ramfailshutdowntime
 *fill*         0x200000e3        0x1 
 .data.sleepcurrent
                0x200000e4        0x2 ./Core/Src/bq76952.o
                0x200000e4                sleepcurrent
 .data.voltagetime
                0x200000e6        0x1 ./Core/Src/bq76952.o
                0x200000e6                voltagetime
 *fill*         0x200000e7        0x1 
 .data.wakecomparatorcurrent
                0x200000e8        0x2 ./Core/Src/bq76952.o
                0x200000e8                wakecomparatorcurrent
 .data.sleephysteresistime
                0x200000ea        0x1 ./Core/Src/bq76952.o
                0x200000ea                sleephysteresistime
 *fill*         0x200000eb        0x1 
 .data.sleepchargervoltagethreshold
                0x200000ec        0x2 ./Core/Src/bq76952.o
                0x200000ec                sleepchargervoltagethreshold
 .data.sleepchargerpacktosdelta
                0x200000ee        0x2 ./Core/Src/bq76952.o
                0x200000ee                sleepchargerpacktosdelta
 .data.cuvthreshold
                0x200000f0        0x1 ./Core/Src/bq76952.o
                0x200000f0                cuvthreshold
 *fill*         0x200000f1        0x1 
 .data.cuvdelay
                0x200000f2        0x2 ./Core/Src/bq76952.o
                0x200000f2                cuvdelay
 .data.cuvrecoveryhysteresis
                0x200000f4        0x1 ./Core/Src/bq76952.o
                0x200000f4                cuvrecoveryhysteresis
 .data.covthreshold
                0x200000f5        0x1 ./Core/Src/bq76952.o
                0x200000f5                covthreshold
 .data.covdelay
                0x200000f6        0x2 ./Core/Src/bq76952.o
                0x200000f6                covdelay
 .data.covrecoveryhysteresis
                0x200000f8        0x1 ./Core/Src/bq76952.o
                0x200000f8                covrecoveryhysteresis
 .data.covllatchlimit
                0x200000f9        0x1 ./Core/Src/bq76952.o
                0x200000f9                covllatchlimit
 .data.covlcounterdecdelay
                0x200000fa        0x1 ./Core/Src/bq76952.o
                0x200000fa                covlcounterdecdelay
 .data.covlrecoverytime
                0x200000fb        0x1 ./Core/Src/bq76952.o
                0x200000fb                covlrecoverytime
 .data.occthreshold
                0x200000fc        0x1 ./Core/Src/bq76952.o
                0x200000fc                occthreshold
 .data.occdelay
                0x200000fd        0x1 ./Core/Src/bq76952.o
                0x200000fd                occdelay
 .data.occrecoverythreshold
                0x200000fe        0x2 ./Core/Src/bq76952.o
                0x200000fe                occrecoverythreshold
 .data.occpacktosdelta
                0x20000100        0x2 ./Core/Src/bq76952.o
                0x20000100                occpacktosdelta
 .data.ocd1threshold
                0x20000102        0x1 ./Core/Src/bq76952.o
                0x20000102                ocd1threshold
 .data.ocd1delay
                0x20000103        0x1 ./Core/Src/bq76952.o
                0x20000103                ocd1delay
 .data.ocd2threshold
                0x20000104        0x1 ./Core/Src/bq76952.o
                0x20000104                ocd2threshold
 .data.ocd2delay
                0x20000105        0x1 ./Core/Src/bq76952.o
                0x20000105                ocd2delay
 .data.scdthreshold
                0x20000106        0x1 ./Core/Src/bq76952.o
                0x20000106                scdthreshold
 .data.scddelay
                0x20000107        0x1 ./Core/Src/bq76952.o
                0x20000107                scddelay
 .data.scdrecoverytime
                0x20000108        0x1 ./Core/Src/bq76952.o
                0x20000108                scdrecoverytime
 *fill*         0x20000109        0x1 
 .data.ocd3threshold
                0x2000010a        0x2 ./Core/Src/bq76952.o
                0x2000010a                ocd3threshold
 .data.ocd3delay
                0x2000010c        0x1 ./Core/Src/bq76952.o
                0x2000010c                ocd3delay
 *fill*         0x2000010d        0x1 
 .data.ocdrecoverythreshold
                0x2000010e        0x2 ./Core/Src/bq76952.o
                0x2000010e                ocdrecoverythreshold
 .data.ocdllatchlimit
                0x20000110        0x1 ./Core/Src/bq76952.o
                0x20000110                ocdllatchlimit
 .data.ocdlcounterdecdelay
                0x20000111        0x1 ./Core/Src/bq76952.o
                0x20000111                ocdlcounterdecdelay
 .data.ocdlrecoverytime
                0x20000112        0x1 ./Core/Src/bq76952.o
                0x20000112                ocdlrecoverytime
 *fill*         0x20000113        0x1 
 .data.ocdlrecoverythreshold
                0x20000114        0x2 ./Core/Src/bq76952.o
                0x20000114                ocdlrecoverythreshold
 .data.scdllatchlimit
                0x20000116        0x1 ./Core/Src/bq76952.o
                0x20000116                scdllatchlimit
 .data.scdlcounterdecdelay
                0x20000117        0x1 ./Core/Src/bq76952.o
                0x20000117                scdlcounterdecdelay
 .data.scdlrecoverytime
                0x20000118        0x1 ./Core/Src/bq76952.o
                0x20000118                scdlrecoverytime
 *fill*         0x20000119        0x1 
 .data.scdlrecoverythreshold
                0x2000011a        0x2 ./Core/Src/bq76952.o
                0x2000011a                scdlrecoverythreshold
 .data.otcthreshold
                0x2000011c        0x1 ./Core/Src/bq76952.o
                0x2000011c                otcthreshold
 .data.otcdelay
                0x2000011d        0x1 ./Core/Src/bq76952.o
                0x2000011d                otcdelay
 .data.otcrecovery
                0x2000011e        0x1 ./Core/Src/bq76952.o
                0x2000011e                otcrecovery
 .data.otdthreshold
                0x2000011f        0x1 ./Core/Src/bq76952.o
                0x2000011f                otdthreshold
 .data.otddelay
                0x20000120        0x1 ./Core/Src/bq76952.o
                0x20000120                otddelay
 .data.otdrecovery
                0x20000121        0x1 ./Core/Src/bq76952.o
                0x20000121                otdrecovery
 .data.otfthreshold
                0x20000122        0x1 ./Core/Src/bq76952.o
                0x20000122                otfthreshold
 .data.otfdelay
                0x20000123        0x1 ./Core/Src/bq76952.o
                0x20000123                otfdelay
 .data.otfrecovery
                0x20000124        0x1 ./Core/Src/bq76952.o
                0x20000124                otfrecovery
 .data.otintthreshold
                0x20000125        0x1 ./Core/Src/bq76952.o
                0x20000125                otintthreshold
 .data.otintdelay
                0x20000126        0x1 ./Core/Src/bq76952.o
                0x20000126                otintdelay
 .data.otintrecovery
                0x20000127        0x1 ./Core/Src/bq76952.o
                0x20000127                otintrecovery
 .data.utcdelay
                0x20000128        0x1 ./Core/Src/bq76952.o
                0x20000128                utcdelay
 .data.utcrecovery
                0x20000129        0x1 ./Core/Src/bq76952.o
                0x20000129                utcrecovery
 .data.utddelay
                0x2000012a        0x1 ./Core/Src/bq76952.o
                0x2000012a                utddelay
 .data.utdrecovery
                0x2000012b        0x1 ./Core/Src/bq76952.o
                0x2000012b                utdrecovery
 .data.utintthreshold
                0x2000012c        0x1 ./Core/Src/bq76952.o
                0x2000012c                utintthreshold
 .data.utintdelay
                0x2000012d        0x1 ./Core/Src/bq76952.o
                0x2000012d                utintdelay
 .data.utintrecovery
                0x2000012e        0x1 ./Core/Src/bq76952.o
                0x2000012e                utintrecovery
 .data.protectionsrecoverytime
                0x2000012f        0x1 ./Core/Src/bq76952.o
                0x2000012f                protectionsrecoverytime
 .data.hwddelay
                0x20000130        0x2 ./Core/Src/bq76952.o
                0x20000130                hwddelay
 .data.loaddetectactivetime
                0x20000132        0x1 ./Core/Src/bq76952.o
                0x20000132                loaddetectactivetime
 .data.loaddetectretrydelay
                0x20000133        0x1 ./Core/Src/bq76952.o
                0x20000133                loaddetectretrydelay
 .data.loaddetecttimeout
                0x20000134        0x2 ./Core/Src/bq76952.o
                0x20000134                loaddetecttimeout
 .data.ptochargethreshold
                0x20000136        0x2 ./Core/Src/bq76952.o
                0x20000136                ptochargethreshold
 .data.ptodelay
                0x20000138        0x2 ./Core/Src/bq76952.o
                0x20000138                ptodelay
 .data.ptoreset
                0x2000013a        0x2 ./Core/Src/bq76952.o
                0x2000013a                ptoreset
 .data.cudepthreshold
                0x2000013c        0x2 ./Core/Src/bq76952.o
                0x2000013c                cudepthreshold
 .data.cudepdelay
                0x2000013e        0x1 ./Core/Src/bq76952.o
                0x2000013e                cudepdelay
 *fill*         0x2000013f        0x1 
 .data.suvthreshold
                0x20000140        0x2 ./Core/Src/bq76952.o
                0x20000140                suvthreshold
 .data.suvdelay
                0x20000142        0x1 ./Core/Src/bq76952.o
                0x20000142                suvdelay
 *fill*         0x20000143        0x1 
 .data.sovthreshold
                0x20000144        0x2 ./Core/Src/bq76952.o
                0x20000144                sovthreshold
 .data.sovdelay
                0x20000146        0x1 ./Core/Src/bq76952.o
                0x20000146                sovdelay
 *fill*         0x20000147        0x1 
 .data.tossthreshold
                0x20000148        0x2 ./Core/Src/bq76952.o
                0x20000148                tossthreshold
 .data.tossdelay
                0x2000014a        0x1 ./Core/Src/bq76952.o
                0x2000014a                tossdelay
 *fill*         0x2000014b        0x1 
 .data.soccthreshold
                0x2000014c        0x2 ./Core/Src/bq76952.o
                0x2000014c                soccthreshold
 .data.soccdelay
                0x2000014e        0x1 ./Core/Src/bq76952.o
                0x2000014e                soccdelay
 *fill*         0x2000014f        0x1 
 .data.socdthreshold
                0x20000150        0x2 ./Core/Src/bq76952.o
                0x20000150                socdthreshold
 .data.socddelay
                0x20000152        0x1 ./Core/Src/bq76952.o
                0x20000152                socddelay
 .data.sotthreshold
                0x20000153        0x1 ./Core/Src/bq76952.o
                0x20000153                sotthreshold
 .data.sotdelay
                0x20000154        0x1 ./Core/Src/bq76952.o
                0x20000154                sotdelay
 .data.sotfthreshold
                0x20000155        0x1 ./Core/Src/bq76952.o
                0x20000155                sotfthreshold
 .data.sotfdelay
                0x20000156        0x1 ./Core/Src/bq76952.o
                0x20000156                sotfdelay
 *fill*         0x20000157        0x1 
 .data.vimrcheckvoltage
                0x20000158        0x2 ./Core/Src/bq76952.o
                0x20000158                vimrcheckvoltage
 .data.vimrmaxrelaxcurrent
                0x2000015a        0x2 ./Core/Src/bq76952.o
                0x2000015a                vimrmaxrelaxcurrent
 .data.vimrthreshold
                0x2000015c        0x2 ./Core/Src/bq76952.o
                0x2000015c                vimrthreshold
 .data.vimrdelay
                0x2000015e        0x1 ./Core/Src/bq76952.o
                0x2000015e                vimrdelay
 *fill*         0x2000015f        0x1 
 .data.vimrrelaxminduration
                0x20000160        0x2 ./Core/Src/bq76952.o
                0x20000160                vimrrelaxminduration
 .data.vimacheckvoltage
                0x20000162        0x2 ./Core/Src/bq76952.o
                0x20000162                vimacheckvoltage
 .data.vimaminactivecurrent
                0x20000164        0x2 ./Core/Src/bq76952.o
                0x20000164                vimaminactivecurrent
 .data.vimathreshold
                0x20000166        0x2 ./Core/Src/bq76952.o
                0x20000166                vimathreshold
 .data.vimadelay
                0x20000168        0x1 ./Core/Src/bq76952.o
                0x20000168                vimadelay
 *fill*         0x20000169        0x1 
 .data.cfetfoffthreshold
                0x2000016a        0x2 ./Core/Src/bq76952.o
                0x2000016a                cfetfoffthreshold
 .data.cfetfoffdelay
                0x2000016c        0x1 ./Core/Src/bq76952.o
                0x2000016c                cfetfoffdelay
 *fill*         0x2000016d        0x1 
 .data.dfetfoffthreshold
                0x2000016e        0x2 ./Core/Src/bq76952.o
                0x2000016e                dfetfoffthreshold
 .data.dfetfoffdelay
                0x20000170        0x1 ./Core/Src/bq76952.o
                0x20000170                dfetfoffdelay
 *fill*         0x20000171        0x1 
 .data.vssffailthreshold
                0x20000172        0x2 ./Core/Src/bq76952.o
                0x20000172                vssffailthreshold
 .data.vssfdelay
                0x20000174        0x1 ./Core/Src/bq76952.o
                0x20000174                vssfdelay
 .data.pf2lvldelay
                0x20000175        0x1 ./Core/Src/bq76952.o
                0x20000175                pf2lvldelay
 .data.lfofdelay
                0x20000176        0x1 ./Core/Src/bq76952.o
                0x20000176                lfofdelay
 .data.hwmxdelay
                0x20000177        0x1 ./Core/Src/bq76952.o
                0x20000177                hwmxdelay
 .data.unsealkeystep1
                0x20000178        0x2 ./Core/Src/bq76952.o
                0x20000178                unsealkeystep1
 .data.unsealkeystep2
                0x2000017a        0x2 ./Core/Src/bq76952.o
                0x2000017a                unsealkeystep2
 .data.fullaccesskeystep1
                0x2000017c        0x2 ./Core/Src/bq76952.o
                0x2000017c                fullaccesskeystep1
 .data.fullaccesskeystep2
                0x2000017e        0x2 ./Core/Src/bq76952.o
                0x2000017e                fullaccesskeystep2
 .data.BATT_SOC
                0x20000180        0x4 ./Core/Src/main.o
                0x20000180                BATT_SOC
 .data.state    0x20000184        0x1 ./Core/Src/main.o
                0x20000184                state
 .data.current_state
                0x20000185        0x1 ./Core/Src/main.o
                0x20000185                current_state
 .data.required_current
                0x20000186        0x1 ./Core/Src/main.o
                0x20000186                required_current
 .data.voltage_high
                0x20000187        0x1 ./Core/Src/main.o
                0x20000187                voltage_high
 .data.voltage_low
                0x20000188        0x1 ./Core/Src/main.o
                0x20000188                voltage_low
 .data.charger_byte
                0x20000189        0x1 ./Core/Src/main.o
                0x20000189                charger_byte
 *fill*         0x2000018a        0x2 
 .data.a_value  0x2000018c        0x4 ./Core/Src/main.o
                0x2000018c                a_value
 .data.b_value  0x20000190        0x4 ./Core/Src/main.o
                0x20000190                b_value
 .data.SystemCoreClock
                0x20000194        0x4 ./Core/Src/system_stm32f0xx.o
                0x20000194                SystemCoreClock
 .data.uwTickPrio
                0x20000198        0x4 ./Drivers/STM32F0xx_HAL_Driver/Src/stm32f0xx_hal.o
                0x20000198                uwTickPrio
 .data.uwTickFreq
                0x2000019c        0x1 ./Drivers/STM32F0xx_HAL_Driver/Src/stm32f0xx_hal.o
                0x2000019c                uwTickFreq
 *(.RamFunc)
 *(.RamFunc*)
                0x200001a0                        . = ALIGN (0x4)
 *fill*         0x2000019d        0x3 
                0x200001a0                        _edata = .

.igot.plt       0x200001a0        0x0 load address 0x0800f578
 .igot.plt      0x200001a0        0x0 C:/ST/STM32CubeIDE_1.13.0/STM32CubeIDE/plugins/com.st.stm32cube.ide.mcu.externaltools.gnu-tools-for-stm32.12.3.rel1.win32_1.0.100.202403111256/tools/bin/../lib/gcc/arm-none-eabi/12.3.1/thumb/v6-m/nofp/crtbegin.o
                0x200001a0                        . = ALIGN (0x4)

.bss            0x200001a0      0xc30 load address 0x0800f578
                0x200001a0                        _sbss = .
                0x200001a0                        __bss_start__ = _sbss
 *(.bss)
 .bss           0x200001a0       0x1c C:/ST/STM32CubeIDE_1.13.0/STM32CubeIDE/plugins/com.st.stm32cube.ide.mcu.externaltools.gnu-tools-for-stm32.12.3.rel1.win32_1.0.100.202403111256/tools/bin/../lib/gcc/arm-none-eabi/12.3.1/thumb/v6-m/nofp/crtbegin.o
 *(.bss*)
 .bss.SoC_value
                0x200001bc        0x4 ./Core/Src/SOCtasks.o
                0x200001bc                SoC_value
 .bss.prev_SoC  0x200001c0        0x4 ./Core/Src/SOCtasks.o
                0x200001c0                prev_SoC
 .bss.P_val     0x200001c4        0x4 ./Core/Src/SOCtasks.o
                0x200001c4                P_val
 .bss.Q_val     0x200001c8        0x4 ./Core/Src/SOCtasks.o
                0x200001c8                Q_val
 .bss.R_val     0x200001cc        0x4 ./Core/Src/SOCtasks.o
                0x200001cc                R_val
 .bss.C_val     0x200001d0        0x4 ./Core/Src/SOCtasks.o
                0x200001d0                C_val
 .bss.K         0x200001d4        0x4 ./Core/Src/SOCtasks.o
                0x200001d4                K
 .bss.init_flag
                0x200001d8        0x1 ./Core/Src/SOCtasks.o
                0x200001d8                init_flag
 *fill*         0x200001d9        0x3 
 .bss.previous_voltage
                0x200001dc        0x4 ./Core/Src/SOCtasks.o
                0x200001dc                previous_voltage
 .bss.previous_current
                0x200001e0        0x4 ./Core/Src/SOCtasks.o
                0x200001e0                previous_current
 .bss.reset_acccharge_flag
                0x200001e4        0x1 ./Core/Src/SOCtasks.o
                0x200001e4                reset_acccharge_flag
 *fill*         0x200001e5        0x3 
 .bss.charge_acc
                0x200001e8        0x4 ./Core/Src/SOCtasks.o
                0x200001e8                charge_acc
 .bss.packgain  0x200001ec        0x2 ./Core/Src/bq76952.o
                0x200001ec                packgain
 .bss.tosgain   0x200001ee        0x2 ./Core/Src/bq76952.o
                0x200001ee                tosgain
 .bss.ldgain    0x200001f0        0x2 ./Core/Src/bq76952.o
                0x200001f0                ldgain
 .bss.adcgain   0x200001f2        0x2 ./Core/Src/bq76952.o
                0x200001f2                adcgain
 .bss.vcelloffset
                0x200001f4        0x2 ./Core/Src/bq76952.o
                0x200001f4                vcelloffset
 .bss.vdivoffset
                0x200001f6        0x2 ./Core/Src/bq76952.o
                0x200001f6                vdivoffset
 .bss.boardoffset
                0x200001f8        0x2 ./Core/Src/bq76952.o
                0x200001f8                boardoffset
 .bss.internaltempoffset
                0x200001fa        0x1 ./Core/Src/bq76952.o
                0x200001fa                internaltempoffset
 .bss.cfetofftempoffset
                0x200001fb        0x1 ./Core/Src/bq76952.o
                0x200001fb                cfetofftempoffset
 .bss.dfetofftempoffset
                0x200001fc        0x1 ./Core/Src/bq76952.o
                0x200001fc                dfetofftempoffset
 .bss.alerttempoffset
                0x200001fd        0x1 ./Core/Src/bq76952.o
                0x200001fd                alerttempoffset
 .bss.ts1tempoffset
                0x200001fe        0x1 ./Core/Src/bq76952.o
                0x200001fe                ts1tempoffset
 .bss.ts2tempoffset
                0x200001ff        0x1 ./Core/Src/bq76952.o
                0x200001ff                ts2tempoffset
 .bss.ts3tempoffset