../Core/Src/bq76952.c:392:6:CopyArray	32	static
../Core/Src/bq76952.c:401:15:Checksum	24	static
../Core/Src/bq76952.c:415:15:CRC8	24	static
../Core/Src/bq76952.c:440:6:I2C_WriteReg	48	static
../Core/Src/bq76952.c:471:5:I2C_ReadReg	48	static
../Core/Src/bq76952.c:513:6:BQ769x2_SetRegister	40	static
../Core/Src/bq76952.c:556:6:CommandSubcommands	24	static
../Core/Src/bq76952.c:569:10:BQ769x2_ReadRegister	24	static
../Core/Src/bq76952.c:583:6:Subcommands	32	static
../Core/Src/bq76952.c:627:6:DirectCommands	32	static
../Core/Src/bq76952.c:649:6:BQ769x2_Init	32	static
../Core/Src/bq76952.c:1027:6:PowerConfig_Charger	8	static
../Core/Src/bq76952.c:1040:6:PowerConfig_FullCharge	8	static
../Core/Src/bq76952.c:1052:10:BQ769x2_ReadSavedPF	8	static
../Core/Src/bq76952.c:1059:10:BQ769x2_ReadAlarmStatus	8	static
../Core/Src/bq76952.c:1066:6:BQ769x2_ReadSafetyStatus	8	static
../Core/Src/bq76952.c:1097:6:BQ769x2_ReadPFStatus	8	static
../Core/Src/bq76952.c:1122:10:BQ769x2_ReadVoltage	16	static
../Core/Src/bq76952.c:1153:6:BQ769x2_ReadAllVoltages	16	static
../Core/Src/bq76952.c:1176:10:BQ769x2_ReadCurrent	8	static
../Core/Src/bq76952.c:1182:10:BQ769x2_BatStatus	8	static
../Core/Src/bq76952.c:1188:6:BQ769x2_ReadDASTATUS5	8	static
../Core/Src/bq76952.c:1211:7:BQ769x2_ReadTemperature	16	static
../Core/Src/bq76952.c:1218:6:BQ769x2_ReadPassQ	8	static
../Core/Src/bq76952.c:1230:6:BQ769x2_CB_Activecells	8	static
../Core/Src/bq76952.c:1239:6:BQ769x2_BOTHOFF	8	static
../Core/Src/bq76952.c:1246:6:BQ769x2_RESET_BOTHOFF	8	static
../Core/Src/bq76952.c:1253:6:BQ769x2_ReadFETStatus	8	static
../Core/Src/bq76952.c:1268:6:BQ769x2_ShutdownPin	8	static
../Core/Src/bq76952.c:1275:6:BQ769x2_ReleaseShutdownPin	8	static
