../Drivers/CMSIS/Include/core_cm0.h:856:34:__NVIC_SystemReset	1
../Core/Src/main.c:312:6:tostring	3
../Core/Src/main.c:331:6:ADC_Channel1_Init	2
../Core/Src/main.c:344:6:ADC_TempChannel_Init	2
../Core/Src/main.c:396:5:main	36
../Core/Src/main.c:1178:6:SystemClock_Config	4
../Core/Src/main.c:1228:13:MX_ADC_Init	3
../Core/Src/main.c:1296:13:MX_CAN_Init	2
../Core/Src/main.c:1337:13:MX_I2C1_Init	4
../Core/Src/main.c:1385:13:MX_I2C2_Init	4
../Core/Src/main.c:1433:13:MX_IWDG_Init	2
../Core/Src/main.c:1462:13:MX_RTC_Init	4
../Core/Src/main.c:1525:13:MX_TIM3_Init	4
../Core/Src/main.c:1570:13:MX_TIM15_Init	4
../Core/Src/main.c:1616:13:MX_USART1_UART_Init	2
../Core/Src/main.c:1652:13:MX_GPIO_Init	1
../Core/Src/main.c:1699:6:Calc_Delta	10
../Core/Src/main.c:1729:6:SafetyStatusActions	9
../Core/Src/main.c:1752:6:configs	1
../Core/Src/main.c:1760:6:state_management	9
../Core/Src/main.c:1808:6:HAL_TIM_PeriodElapsedCallback	6
../Core/Src/main.c:1830:6:HAL_RTCEx_WakeUpTimerEventCallback	2
../Core/Src/main.c:1838:6:CAN_Filter_config	2
../Core/Src/main.c:1857:6:HAL_CAN_RxFifo0MsgPendingCallback	15
../Core/Src/main.c:1961:6:HAL_CAN_Reset	1
../Core/Src/main.c:1978:6:HAL_CAN_ErrorCallback	2
../Core/Src/main.c:2004:6:CAN_TX	3
../Core/Src/main.c:2030:6:uart_handler	6
../Core/Src/main.c:2057:6:uart_idleHandler	1
../Core/Src/main.c:2068:6:switch_reset	4
../Core/Src/main.c:2102:6:update_message_buffer	28
../Core/Src/main.c:2313:6:LED_ON	1
../Core/Src/main.c:2318:6:LED_OFF	1
../Core/Src/main.c:2325:6:BUZZER_ON	1
../Core/Src/main.c:2331:6:BUZZER_OFF	1
../Core/Src/main.c:2337:6:pressure_value	1
../Core/Src/main.c:2358:6:GPIO_init	1
../Core/Src/main.c:2380:6:Error_Handler	3
