../Core/Src/flash_072c8.c:51:10:U16x2toU32	24	static
../Core/Src/flash_072c8.c:57:10:U8x4toU32	32	static
../Core/Src/flash_072c8.c:63:10:U16x1U8x2toU32	32	static
../Core/Src/flash_072c8.c:69:10:U8x2toU16	24	static
../Core/Src/flash_072c8.c:76:6:U32toU16x1U8x2	32	static
../Core/Src/flash_072c8.c:93:6:U32toU8x4	32	static
../Core/Src/flash_072c8.c:108:6:U32toU16x2	40	static
../Core/Src/flash_072c8.c:120:10:Flash_Write_Data	56	static
../Core/Src/flash_072c8.c:170:6:Flash_Read_Data	24	static
../Core/Src/flash_072c8.c:182:9:save_flash_reg	8	static,ignoring_inline_asm
../Core/Src/flash_072c8.c:200:10:GetPage	24	static
../Core/Src/flash_072c8.c:213:6:Flash_Data_init	16	static
../Core/Src/flash_072c8.c:428:6:FLASH_COMMAND	56	static
../Core/Src/flash_072c8.c:1080:9:flash_dump_status	8	static
../Core/Src/flash_072c8.c:1084:9:flash_update_config_status	8	static
../Core/Src/flash_072c8.c:1088:9:flash_save_config_status	8	static
../Core/Src/flash_072c8.c:1093:6:flash_dump_reset	8	static
../Core/Src/flash_072c8.c:1097:6:flash_update_config_reset	8	static
../Core/Src/flash_072c8.c:1101:6:flash_save_config_reset	8	static
../Core/Src/flash_072c8.c:1105:6:flash_save_config_set	8	static
