../Drivers/CMSIS/Include/core_cm0.h:856:34:__NVIC_SystemReset	8	static,ignoring_inline_asm
../Core/Src/main.c:296:6:tostring	32	static
../Core/Src/main.c:315:6:ADC_Channel1_Init	24	static
../Core/Src/main.c:328:6:ADC_TempChannel_Init	24	static
../Core/Src/main.c:346:5:main	32	static
../Core/Src/main.c:1103:6:SystemClock_Config	112	static
../Core/Src/main.c:1153:13:MX_ADC_Init	24	static
../Core/Src/main.c:1221:13:MX_CAN_Init	8	static
../Core/Src/main.c:1262:13:MX_I2C1_Init	8	static
../Core/Src/main.c:1310:13:MX_I2C2_Init	8	static
../Core/Src/main.c:1358:13:MX_RTC_Init	32	static
../Core/Src/main.c:1421:13:MX_TIM3_Init	32	static
../Core/Src/main.c:1466:13:MX_TIM15_Init	32	static
../Core/Src/main.c:1512:13:MX_USART1_UART_Init	8	static
../Core/Src/main.c:1548:13:MX_GPIO_Init	56	static
../Core/Src/main.c:1595:6:Calc_Delta	16	static
../Core/Src/main.c:1625:6:SafetyStatusActions	8	static
../Core/Src/main.c:1648:6:configs	8	static
../Core/Src/main.c:1656:6:state_management	8	static
../Core/Src/main.c:1704:6:HAL_TIM_PeriodElapsedCallback	16	static
../Core/Src/main.c:1726:6:HAL_RTCEx_WakeUpTimerEventCallback	16	static
../Core/Src/main.c:1734:6:CAN_Filter_config	48	static
../Core/Src/main.c:1753:6:HAL_CAN_RxFifo0MsgPendingCallback	56	static
../Core/Src/main.c:1850:6:HAL_CAN_Reset	16	static
../Core/Src/main.c:1867:6:HAL_CAN_ErrorCallback	16	static
../Core/Src/main.c:1893:6:CAN_TX	40	static
../Core/Src/main.c:1919:6:uart_handler	16	static
../Core/Src/main.c:1946:6:uart_idleHandler	8	static
../Core/Src/main.c:1957:6:switch_reset	8	static
../Core/Src/main.c:1991:6:update_message_buffer	48	static
../Core/Src/main.c:2182:6:LED_ON	8	static
../Core/Src/main.c:2187:6:LED_OFF	8	static
../Core/Src/main.c:2194:6:BUZZER_ON	8	static
../Core/Src/main.c:2200:6:BUZZER_OFF	8	static
../Core/Src/main.c:2206:6:pressure_value	8	static
../Core/Src/main.c:2227:6:GPIO_init	8	static
../Core/Src/main.c:2249:6:Error_Handler	8	static,ignoring_inline_asm
