Archive member included to satisfy reference by file (symbol)

C:/ST/STM32CubeIDE_1.16.0/STM32CubeIDE/plugins/com.st.stm32cube.ide.mcu.externaltools.gnu-tools-for-stm32.12.3.rel1.win32_1.0.200.202406191623/tools/bin/../lib/gcc/arm-none-eabi/12.3.1/../../../../arm-none-eabi/lib/thumb/v6-m/nofp\libc_nano.a(libc_a-exit.o)
                              C:/ST/STM32CubeIDE_1.16.0/STM32CubeIDE/plugins/com.st.stm32cube.ide.mcu.externaltools.gnu-tools-for-stm32.12.3.rel1.win32_1.0.200.202406191623/tools/bin/../lib/gcc/arm-none-eabi/12.3.1/../../../../arm-none-eabi/lib/thumb/v6-m/nofp/crt0.o (exit)
C:/ST/STM32CubeIDE_1.16.0/STM32CubeIDE/plugins/com.st.stm32cube.ide.mcu.externaltools.gnu-tools-for-stm32.12.3.rel1.win32_1.0.200.202406191623/tools/bin/../lib/gcc/arm-none-eabi/12.3.1/../../../../arm-none-eabi/lib/thumb/v6-m/nofp\libc_nano.a(libc_a-findfp.o)
                              C:/ST/STM32CubeIDE_1.16.0/STM32CubeIDE/plugins/com.st.stm32cube.ide.mcu.externaltools.gnu-tools-for-stm32.12.3.rel1.win32_1.0.200.202406191623/tools/bin/../lib/gcc/arm-none-eabi/12.3.1/../../../../arm-none-eabi/lib/thumb/v6-m/nofp\libc_nano.a(libc_a-exit.o) (__stdio_exit_handler)
C:/ST/STM32CubeIDE_1.16.0/STM32CubeIDE/plugins/com.st.stm32cube.ide.mcu.externaltools.gnu-tools-for-stm32.12.3.rel1.win32_1.0.200.202406191623/tools/bin/../lib/gcc/arm-none-eabi/12.3.1/../../../../arm-none-eabi/lib/thumb/v6-m/nofp\libc_nano.a(libc_a-fwalk.o)
                              C:/ST/STM32CubeIDE_1.16.0/STM32CubeIDE/plugins/com.st.stm32cube.ide.mcu.externaltools.gnu-tools-for-stm32.12.3.rel1.win32_1.0.200.202406191623/tools/bin/../lib/gcc/arm-none-eabi/12.3.1/../../../../arm-none-eabi/lib/thumb/v6-m/nofp\libc_nano.a(libc_a-findfp.o) (_fwalk_sglue)
C:/ST/STM32CubeIDE_1.16.0/STM32CubeIDE/plugins/com.st.stm32cube.ide.mcu.externaltools.gnu-tools-for-stm32.12.3.rel1.win32_1.0.200.202406191623/tools/bin/../lib/gcc/arm-none-eabi/12.3.1/../../../../arm-none-eabi/lib/thumb/v6-m/nofp\libc_nano.a(libc_a-stdio.o)
                              C:/ST/STM32CubeIDE_1.16.0/STM32CubeIDE/plugins/com.st.stm32cube.ide.mcu.externaltools.gnu-tools-for-stm32.12.3.rel1.win32_1.0.200.202406191623/tools/bin/../lib/gcc/arm-none-eabi/12.3.1/../../../../arm-none-eabi/lib/thumb/v6-m/nofp\libc_nano.a(libc_a-findfp.o) (__sread)
C:/ST/STM32CubeIDE_1.16.0/STM32CubeIDE/plugins/com.st.stm32cube.ide.mcu.externaltools.gnu-tools-for-stm32.12.3.rel1.win32_1.0.200.202406191623/tools/bin/../lib/gcc/arm-none-eabi/12.3.1/../../../../arm-none-eabi/lib/thumb/v6-m/nofp\libc_nano.a(libc_a-memset.o)
                              C:/ST/STM32CubeIDE_1.16.0/STM32CubeIDE/plugins/com.st.stm32cube.ide.mcu.externaltools.gnu-tools-for-stm32.12.3.rel1.win32_1.0.200.202406191623/tools/bin/../lib/gcc/arm-none-eabi/12.3.1/../../../../arm-none-eabi/lib/thumb/v6-m/nofp/crt0.o (memset)
C:/ST/STM32CubeIDE_1.16.0/STM32CubeIDE/plugins/com.st.stm32cube.ide.mcu.externaltools.gnu-tools-for-stm32.12.3.rel1.win32_1.0.200.202406191623/tools/bin/../lib/gcc/arm-none-eabi/12.3.1/../../../../arm-none-eabi/lib/thumb/v6-m/nofp\libc_nano.a(libc_a-closer.o)
                              C:/ST/STM32CubeIDE_1.16.0/STM32CubeIDE/plugins/com.st.stm32cube.ide.mcu.externaltools.gnu-tools-for-stm32.12.3.rel1.win32_1.0.200.202406191623/tools/bin/../lib/gcc/arm-none-eabi/12.3.1/../../../../arm-none-eabi/lib/thumb/v6-m/nofp\libc_nano.a(libc_a-stdio.o) (_close_r)
C:/ST/STM32CubeIDE_1.16.0/STM32CubeIDE/plugins/com.st.stm32cube.ide.mcu.externaltools.gnu-tools-for-stm32.12.3.rel1.win32_1.0.200.202406191623/tools/bin/../lib/gcc/arm-none-eabi/12.3.1/../../../../arm-none-eabi/lib/thumb/v6-m/nofp\libc_nano.a(libc_a-reent.o)
                              C:/ST/STM32CubeIDE_1.16.0/STM32CubeIDE/plugins/com.st.stm32cube.ide.mcu.externaltools.gnu-tools-for-stm32.12.3.rel1.win32_1.0.200.202406191623/tools/bin/../lib/gcc/arm-none-eabi/12.3.1/../../../../arm-none-eabi/lib/thumb/v6-m/nofp\libc_nano.a(libc_a-closer.o) (errno)
C:/ST/STM32CubeIDE_1.16.0/STM32CubeIDE/plugins/com.st.stm32cube.ide.mcu.externaltools.gnu-tools-for-stm32.12.3.rel1.win32_1.0.200.202406191623/tools/bin/../lib/gcc/arm-none-eabi/12.3.1/../../../../arm-none-eabi/lib/thumb/v6-m/nofp\libc_nano.a(libc_a-impure.o)
                              C:/ST/STM32CubeIDE_1.16.0/STM32CubeIDE/plugins/com.st.stm32cube.ide.mcu.externaltools.gnu-tools-for-stm32.12.3.rel1.win32_1.0.200.202406191623/tools/bin/../lib/gcc/arm-none-eabi/12.3.1/../../../../arm-none-eabi/lib/thumb/v6-m/nofp\libc_nano.a(libc_a-reent.o) (_impure_ptr)
C:/ST/STM32CubeIDE_1.16.0/STM32CubeIDE/plugins/com.st.stm32cube.ide.mcu.externaltools.gnu-tools-for-stm32.12.3.rel1.win32_1.0.200.202406191623/tools/bin/../lib/gcc/arm-none-eabi/12.3.1/../../../../arm-none-eabi/lib/thumb/v6-m/nofp\libc_nano.a(libc_a-lseekr.o)
[...]
Memory Configuration

Name             Origin             Length             Attributes
RAM              0x20000000         0x00004000         xrw
FLASH            0x08000000         0x00020000         xr
*default*        0x00000000         0xffffffff

Linker script and memory map

LOAD C:/ST/STM32CubeIDE_1.16.0/STM32CubeIDE/plugins/com.st.stm32cube.ide.mcu.externaltools.gnu-tools-for-stm32.12.3.rel1.win32_1.0.200.202406191623/tools/bin/../lib/gcc/arm-none-eabi/12.3.1/thumb/v6-m/nofp/crti.o
LOAD C:/ST/STM32CubeIDE_1.16.0/STM32CubeIDE/plugins/com.st.stm32cube.ide.mcu.externaltools.gnu-tools-for-stm32.12.3.rel1.win32_1.0.200.202406191623/tools/bin/../lib/gcc/arm-none-eabi/12.3.1/thumb/v6-m/nofp/crtbegin.o
LOAD C:/ST/STM32CubeIDE_1.16.0/STM32CubeIDE/plugins/com.st.stm32cube.ide.mcu.externaltools.gnu-tools-for-stm32.12.3.rel1.win32_1.0.200.202406191623/tools/bin/../lib/gcc/arm-none-eabi/12.3.1/../../../../arm-none-eabi/lib/thumb/v6-m/nofp/crt0.o
LOAD ./Core/Src/SOCtasks.o
LOAD ./Core/Src/bq76952.o
LOAD ./Core/Src/flash_072c8.o
LOAD ./Core/Src/main.o
LOAD ./Core/Src/stm32f0xx_hal_msp.o
LOAD ./Core/Src/stm32f0xx_it.o
LOAD ./Core/Src/syscalls.o
LOAD ./Core/Src/sysmem.o
LOAD ./Core/Src/system_stm32f0xx.o
LOAD ./Core/Src/watchdog.o
LOAD ./Core/Startup/startup_stm32f072cbtx.o
LOAD ./Drivers/STM32F0xx_HAL_Driver/Src/stm32f0xx_hal.o
LOAD ./Drivers/STM32F0xx_HAL_Driver/Src/stm32f0xx_hal_adc.o
LOAD ./Drivers/STM32F0xx_HAL_Driver/Src/stm32f0xx_hal_adc_ex.o
LOAD ./Drivers/STM32F0xx_HAL_Driver/Src/stm32f0xx_hal_can.o
LOAD ./Drivers/STM32F0xx_HAL_Driver/Src/stm32f0xx_hal_cortex.o
LOAD ./Drivers/STM32F0xx_HAL_Driver/Src/stm32f0xx_hal_dma.o
LOAD ./Drivers/STM32F0xx_HAL_Driver/Src/stm32f0xx_hal_exti.o
LOAD ./Drivers/STM32F0xx_HAL_Driver/Src/stm32f0xx_hal_flash.o
LOAD ./Drivers/STM32F0xx_HAL_Driver/Src/stm32f0xx_hal_flash_ex.o
LOAD ./Drivers/STM32F0xx_HAL_Driver/Src/stm32f0xx_hal_gpio.o
LOAD ./Drivers/STM32F0xx_HAL_Driver/Src/stm32f0xx_hal_i2c.o
LOAD ./Drivers/STM32F0xx_HAL_Driver/Src/stm32f0xx_hal_i2c_ex.o
LOAD ./Drivers/STM32F0xx_HAL_Driver/Src/stm32f0xx_hal_iwdg.o
LOAD ./Drivers/STM32F0xx_HAL_Driver/Src/stm32f0xx_hal_pwr.o
LOAD ./Drivers/STM32F0xx_HAL_Driver/Src/stm32f0xx_hal_pwr_ex.o
LOAD ./Drivers/STM32F0xx_HAL_Driver/Src/stm32f0xx_hal_rcc.o
LOAD ./Drivers/STM32F0xx_HAL_Driver/Src/stm32f0xx_hal_rcc_ex.o
LOAD ./Drivers/STM32F0xx_HAL_Driver/Src/stm32f0xx_hal_rtc.o
LOAD ./Drivers/STM32F0xx_HAL_Driver/Src/stm32f0xx_hal_rtc_ex.o
LOAD ./Drivers/STM32F0xx_HAL_Driver/Src/stm32f0xx_hal_tim.o
LOAD ./Drivers/STM32F0xx_HAL_Driver/Src/stm32f0xx_hal_tim_ex.o
LOAD ./Drivers/STM32F0xx_HAL_Driver/Src/stm32f0xx_hal_uart.o
LOAD ./Drivers/STM32F0xx_HAL_Driver/Src/stm32f0xx_hal_uart_ex.o
START GROUP
LOAD C:/ST/STM32CubeIDE_1.16.0/STM32CubeIDE/plugins/com.st.stm32cube.ide.mcu.externaltools.gnu-tools-for-stm32.12.3.rel1.win32_1.0.200.202406191623/tools/bin/../lib/gcc/arm-none-eabi/12.3.1/../../../../arm-none-eabi/lib/thumb/v6-m/nofp\libc_nano.a
LOAD C:/ST/STM32CubeIDE_1.16.0/STM32CubeIDE/plugins/com.st.stm32cube.ide.mcu.externaltools.gnu-tools-for-stm32.12.3.rel1.win32_1.0.200.202406191623/tools/bin/../lib/gcc/arm-none-eabi/12.3.1/../../../../arm-none-eabi/lib/thumb/v6-m/nofp\libm.a
END GROUP
START GROUP
LOAD C:/ST/STM32CubeIDE_1.16.0/STM32CubeIDE/plugins/com.st.stm32cube.ide.mcu.externaltools.gnu-tools-for-stm32.12.3.rel1.win32_1.0.200.202406191623/tools/bin/../lib/gcc/arm-none-eabi/12.3.1/thumb/v6-m/nofp\libgcc.a
LOAD C:/ST/STM32CubeIDE_1.16.0/STM32CubeIDE/plugins/com.st.stm32cube.ide.mcu.externaltools.gnu-tools-for-stm32.12.3.rel1.win32_1.0.200.202406191623/tools/bin/../lib/gcc/arm-none-eabi/12.3.1/../../../../arm-none-eabi/lib/thumb/v6-m/nofp\libc_nano.a
END GROUP
START GROUP
LOAD C:/ST/STM32CubeIDE_1.16.0/STM32CubeIDE/plugins/com.st.stm32cube.ide.mcu.externaltools.gnu-tools-for-stm32.12.3.rel1.win32_1.0.200.202406191623/tools/bin/../lib/gcc/arm-none-eabi/12.3.1/thumb/v6-m/nofp\libgcc.a
LOAD C:/ST/STM32CubeIDE_1.16.0/STM32CubeIDE/plugins/com.st.stm32cube.ide.mcu.externaltools.gnu-tools-for-stm32.12.3.rel1.win32_1.0.200.202406191623/tools/bin/../lib/gcc/arm-none-eabi/12.3.1/../../../../arm-none-eabi/lib/thumb/v6-m/nofp\libc_nano.a
LOAD C:/ST/STM32CubeIDE_1.16.0/STM32CubeIDE/plugins/com.st.stm32cube.ide.mcu.externaltools.gnu-tools-for-stm32.12.3.rel1.win32_1.0.200.202406191623/tools/bin/../lib/gcc/arm-none-eabi/12.3.1/../../../../arm-none-eabi/lib/thumb/v6-m/nofp\libnosys.a
END GROUP
START GROUP
LOAD C:/ST/STM32CubeIDE_1.16.0/STM32CubeIDE/plugins/com.st.stm32cube.ide.mcu.externaltools.gnu-tools-for-stm32.12.3.rel1.win32_1.0.200.202406191623/tools/bin/../lib/gcc/arm-none-eabi/12.3.1/thumb/v6-m/nofp\libgcc.a
LOAD C:/ST/STM32CubeIDE_1.16.0/STM32CubeIDE/plugins/com.st.stm32cube.ide.mcu.externaltools.gnu-tools-for-stm32.12.3.rel1.win32_1.0.200.202406191623/tools/bin/../lib/gcc/arm-none-eabi/12.3.1/../../../../arm-none-eabi/lib/thumb/v6-m/nofp\libc_nano.a
LOAD C:/ST/STM32CubeIDE_1.16.0/STM32CubeIDE/plugins/com.st.stm32cube.ide.mcu.externaltools.gnu-tools-for-stm32.12.3.rel1.win32_1.0.200.202406191623/tools/bin/../lib/gcc/arm-none-eabi/12.3.1/../../../../arm-none-eabi/lib/thumb/v6-m/nofp\libnosys.a
END GROUP
LOAD C:/ST/STM32CubeIDE_1.16.0/STM32CubeIDE/plugins/com.st.stm32cube.ide.mcu.externaltools.gnu-tools-for-stm32.12.3.rel1.win32_1.0.200.202406191623/tools/bin/../lib/gcc/arm-none-eabi/12.3.1/thumb/v6-m/nofp/crtend.o
LOAD C:/ST/STM32CubeIDE_1.16.0/STM32CubeIDE/plugins/com.st.stm32cube.ide.mcu.externaltools.gnu-tools-for-stm32.12.3.rel1.win32_1.0.200.202406191623/tools/bin/../lib/gcc/arm-none-eabi/12.3.1/thumb/v6-m/nofp/crtn.o
                0x20004000                        _estack = (ORIGIN (RAM) + LENGTH (RAM))
                0x00000200                        _Min_Heap_Size = 0x200
                0x00000400                        _Min_Stack_Size = 0x400

.isr_vector     0x08000000       0xc0
                0x08000000                        . = ALIGN (0x4)
 *(.isr_vector)
 .isr_vector    0x08000000       0xc0 ./Core/Startup/startup_stm32f072cbtx.o
                0x08000000                g_pfnVectors
                0x080000c0                        . = ALIGN (0x4)

.text           0x080000c0     0xefb8
                0x080000c0                        . = ALIGN (0x4)
 *(.text)
 .text          0x080000c0       0x48 C:/ST/STM32CubeIDE_1.16.0/STM32CubeIDE/plugins/com.st.stm32cube.ide.mcu.externaltools.gnu-tools-for-stm32.12.3.rel1.win32_1.0.200.202406191623/tools/bin/../lib/gcc/arm-none-eabi/12.3.1/thumb/v6-m/nofp/crtbegin.o
 .text          0x08000108      0x114 C:/ST/STM32CubeIDE_1.16.0/STM32CubeIDE/plugins/com.st.stm32cube.ide.mcu.externaltools.gnu-tools-for-stm32.12.3.rel1.win32_1.0.200.202406191623/tools/bin/../lib/gcc/arm-none-eabi/12.3.1/thumb/v6-m/nofp\libgcc.a(_udivsi3.o)
                0x08000108                __aeabi_uidiv
                0x08000108                __udivsi3
                0x08000214                __aeabi_uidivmod
 .text          0x0800021c      0x1d4 C:/ST/STM32CubeIDE_1.16.0/STM32CubeIDE/plugins/com.st.stm32cube.ide.mcu.externaltools.gnu-tools-for-stm32.12.3.rel1.win32_1.0.200.202406191623/tools/bin/../lib/gcc/arm-none-eabi/12.3.1/thumb/v6-m/nofp\libgcc.a(_divsi3.o)
                0x0800021c                __divsi3
                0x0800021c                __aeabi_idiv
                0x080003e8                __aeabi_idivmod
 .text          0x080003f0        0x4 C:/ST/STM32CubeIDE_1.16.0/STM32CubeIDE/plugins/com.st.stm32cube.ide.mcu.externaltools.gnu-tools-for-stm32.12.3.rel1.win32_1.0.200.202406191623/tools/bin/../lib/gcc/arm-none-eabi/12.3.1/thumb/v6-m/nofp\libgcc.a(_dvmd_tls.o)
                0x080003f0                __aeabi_idiv0
                0x080003f0                __aeabi_ldiv0
 .text          0x080003f4       0x7c C:/ST/STM32CubeIDE_1.16.0/STM32CubeIDE/plugins/com.st.stm32cube.ide.mcu.externaltools.gnu-tools-for-stm32.12.3.rel1.win32_1.0.200.202406191623/tools/bin/../lib/gcc/arm-none-eabi/12.3.1/thumb/v6-m/nofp\libgcc.a(_arm_cmpdf2.o)
                0x080003f4                __aeabi_cdrcmple
                0x08000404                __aeabi_cdcmple
                0x08000404                __aeabi_cdcmpeq
                0x08000414                __aeabi_dcmpeq
                0x08000420                __aeabi_dcmplt
                0x08000434                __aeabi_dcmple
                0x08000448                __aeabi_dcmpgt
                0x0800045c                __aeabi_dcmpge
 .text          0x08000470       0x74 C:/ST/STM32CubeIDE_1.16.0/STM32CubeIDE/plugins/com.st.stm32cube.ide.mcu.externaltools.gnu-tools-for-stm32.12.3.rel1.win32_1.0.200.202406191623/tools/bin/../lib/gcc/arm-none-eabi/12.3.1/thumb/v6-m/nofp\libgcc.a(_arm_cmpsf2.o)
                0x08000470                __aeabi_cfrcmple
                0x08000478                __aeabi_cfcmpeq
                0x08000478                __aeabi_cfcmple
                0x08000488                __aeabi_fcmpeq
                0x08000494                __aeabi_fcmplt
                0x080004a8                __aeabi_fcmple
                0x080004bc                __aeabi_fcmpgt
                0x080004d0                __aeabi_fcmpge
 .text          0x080004e4      0x314 C:/ST/STM32CubeIDE_1.16.0/STM32CubeIDE/plugins/com.st.stm32cube.ide.mcu.externaltools.gnu-tools-for-stm32.12.3.rel1.win32_1.0.200.202406191623/tools/bin/../lib/gcc/arm-none-eabi/12.3.1/thumb/v6-m/nofp\libgcc.a(addsf3.o)
                0x080004e4                __aeabi_fadd
 .text          0x080007f8      0x240 C:/ST/STM32CubeIDE_1.16.0/STM32CubeIDE/plugins/com.st.stm32cube.ide.mcu.externaltools.gnu-tools-for-stm32.12.3.rel1.win32_1.0.200.202406191623/tools/bin/../lib/gcc/arm-none-eabi/12.3.1/thumb/v6-m/nofp\libgcc.a(divsf3.o)
                0x080007f8                __aeabi_fdiv
 .text          0x08000a38       0x50 C:/ST/STM32CubeIDE_1.16.0/STM32CubeIDE/plugins/com.st.stm32cube.ide.mcu.externaltools.gnu-tools-for-stm32.12.3.rel1.win32_1.0.200.202406191623/tools/bin/../lib/gcc/arm-none-eabi/12.3.1/thumb/v6-m/nofp\libgcc.a(eqsf2.o)
                0x08000a38                __eqsf2
                0x08000a38                __nesf2
 .text          0x08000a88       0xa0 C:/ST/STM32CubeIDE_1.16.0/STM32CubeIDE/plugins/com.st.stm32cube.ide.mcu.externaltools.gnu-tools-for-stm32.12.3.rel1.win32_1.0.200.202406191623/tools/bin/../lib/gcc/arm-none-eabi/12.3.1/thumb/v6-m/nofp\libgcc.a(gesf2.o)
                0x08000a88                __gesf2
                0x08000a88                __gtsf2
 .text          0x08000b28       0x9c C:/ST/STM32CubeIDE_1.16.0/STM32CubeIDE/plugins/com.st.stm32cube.ide.mcu.externaltools.gnu-tools-for-stm32.12.3.rel1.win32_1.0.200.202406191623/tools/bin/../lib/gcc/arm-none-eabi/12.3.1/thumb/v6-m/nofp\libgcc.a(lesf2.o)
                0x08000b28                __ltsf2
                0x08000b28                __lesf2
 .text          0x08000bc4      0x27c C:/ST/STM32CubeIDE_1.16.0/STM32CubeIDE/plugins/com.st.stm32cube.ide.mcu.externaltools.gnu-tools-for-stm32.12.3.rel1.win32_1.0.200.202406191623/tools/bin/../lib/gcc/arm-none-eabi/12.3.1/thumb/v6-m/nofp\libgcc.a(mulsf3.o)
                0x08000bc4                __aeabi_fmul
 .text          0x08000e40      0x348 C:/ST/STM32CubeIDE_1.16.0/STM32CubeIDE/plugins/com.st.stm32cube.ide.mcu.externaltools.gnu-tools-for-stm32.12.3.rel1.win32_1.0.200.202406191623/tools/bin/../lib/gcc/arm-none-eabi/12.3.1/thumb/v6-m/nofp\libgcc.a(subsf3.o)
                0x08000e40                __aeabi_fsub
 .text          0x08001188       0x40 C:/ST/STM32CubeIDE_1.16.0/STM32CubeIDE/plugins/com.st.stm32cube.ide.mcu.externaltools.gnu-tools-for-stm32.12.3.rel1.win32_1.0.200.202406191623/tools/bin/../lib/gcc/arm-none-eabi/12.3.1/thumb/v6-m/nofp\libgcc.a(fixsfsi.o)
                0x08001188                __aeabi_f2iz
 .text          0x080011c8       0x98 C:/ST/STM32CubeIDE_1.16.0/STM32CubeIDE/plugins/com.st.stm32cube.ide.mcu.externaltools.gnu-tools-for-stm32.12.3.rel1.win32_1.0.200.202406191623/tools/bin/../lib/gcc/arm-none-eabi/12.3.1/thumb/v6-m/nofp\libgcc.a(floatsisf.o)
                0x080011c8                __aeabi_i2f
 .text          0x08001260       0x84 C:/ST/STM32CubeIDE_1.16.0/STM32CubeIDE/plugins/com.st.stm32cube.ide.mcu.externaltools.gnu-tools-for-stm32.12.3.rel1.win32_1.0.200.202406191623/tools/bin/../lib/gcc/arm-none-eabi/12.3.1/thumb/v6-m/nofp\libgcc.a(floatunsisf.o)
                0x08001260                __aeabi_ui2f
 .text          0x080012e4      0x6c8 C:/ST/STM32CubeIDE_1.16.0/STM32CubeIDE/plugins/com.st.stm32cube.ide.mcu.externaltools.gnu-tools-for-stm32.12.3.rel1.win32_1.0.200.202406191623/tools/bin/../lib/gcc/arm-none-eabi/12.3.1/thumb/v6-m/nofp\libgcc.a(adddf3.o)
                0x080012e4                __aeabi_dadd
 .text          0x080019ac      0x634 C:/ST/STM32CubeIDE_1.16.0/STM32CubeIDE/plugins/com.st.stm32cube.ide.mcu.externaltools.gnu-tools-for-stm32.12.3.rel1.win32_1.0.200.202406191623/tools/bin/../lib/gcc/arm-none-eabi/12.3.1/thumb/v6-m/nofp\libgcc.a(divdf3.o)
                0x080019ac                __aeabi_ddiv
 .text          0x08001fe0       0x88 C:/ST/STM32CubeIDE_1.16.0/STM32CubeIDE/plugins/com.st.stm32cube.ide.mcu.externaltools.gnu-tools-for-stm32.12.3.rel1.win32_1.0.200.202406191623/tools/bin/../lib/gcc/arm-none-eabi/12.3.1/thumb/v6-m/nofp\libgcc.a(eqdf2.o)
                0x08001fe0                __nedf2
                0x08001fe0                __eqdf2
 .text          0x08002068       0xe8 C:/ST/STM32CubeIDE_1.16.0/STM32CubeIDE/plugins/com.st.stm32cube.ide.mcu.externaltools.gnu-tools-for-stm32.12.3.rel1.win32_1.0.200.202406191623/tools/bin/../lib/gcc/arm-none-eabi/12.3.1/thumb/v6-m/nofp\libgcc.a(gedf2.o)
                0x08002068                __gedf2
                0x08002068                __gtdf2
 .text          0x08002150       0xe4 C:/ST/STM32CubeIDE_1.16.0/STM32CubeIDE/plugins/com.st.stm32cube.ide.mcu.externaltools.gnu-tools-for-stm32.12.3.rel1.win32_1.0.200.202406191623/tools/bin/../lib/gcc/arm-none-eabi/12.3.1/thumb/v6-m/nofp\libgcc.a(ledf2.o)
                0x08002150                __ledf2
                0x08002150                __ltdf2
 .text          0x08002234      0x590 C:/ST/STM32CubeIDE_1.16.0/STM32CubeIDE/plugins/com.st.stm32cube.ide.mcu.externaltools.gnu-tools-for-stm32.12.3.rel1.win32_1.0.200.202406191623/tools/bin/../lib/gcc/arm-none-eabi/12.3.1/thumb/v6-m/nofp\libgcc.a(muldf3.o)
                0x08002234                __aeabi_dmul
 .text          0x080027c4      0x738 C:/ST/STM32CubeIDE_1.16.0/STM32CubeIDE/plugins/com.st.stm32cube.ide.mcu.externaltools.gnu-tools-for-stm32.12.3.rel1.win32_1.0.200.202406191623/tools/bin/../lib/gcc/arm-none-eabi/12.3.1/thumb/v6-m/nofp\libgcc.a(subdf3.o)
                0x080027c4                __aeabi_dsub
 .text          0x08002efc       0x5c C:/ST/STM32CubeIDE_1.16.0/STM32CubeIDE/plugins/com.st.stm32cube.ide.mcu.externaltools.gnu-tools-for-stm32.12.3.rel1.win32_1.0.200.202406191623/tools/bin/../lib/gcc/arm-none-eabi/12.3.1/thumb/v6-m/nofp\libgcc.a(floatsidf.o)
                0x08002efc                __aeabi_i2d
 .text          0x08002f58       0x90 C:/ST/STM32CubeIDE_1.16.0/STM32CubeIDE/plugins/com.st.stm32cube.ide.mcu.externaltools.gnu-tools-for-stm32.12.3.rel1.win32_1.0.200.202406191623/tools/bin/../lib/gcc/arm-none-eabi/12.3.1/thumb/v6-m/nofp\libgcc.a(extendsfdf2.o)
                0x08002f58                __aeabi_f2d
 .text          0x08002fe8      0x108 C:/ST/STM32CubeIDE_1.16.0/STM32CubeIDE/plugins/com.st.stm32cube.ide.mcu.externaltools.gnu-tools-for-stm32.12.3.rel1.win32_1.0.200.202406191623/tools/bin/../lib/gcc/arm-none-eabi/12.3.1/thumb/v6-m/nofp\libgcc.a(truncdfsf2.o)
                0x08002fe8                __aeabi_d2f
 .text          0x080030f0       0x3c C:/ST/STM32CubeIDE_1.16.0/STM32CubeIDE/plugins/com.st.stm32cube.ide.mcu.externaltools.gnu-tools-for-stm32.12.3.rel1.win32_1.0.200.202406191623/tools/bin/../lib/gcc/arm-none-eabi/12.3.1/thumb/v6-m/nofp\libgcc.a(_clzsi2.o)
                0x080030f0                __clzsi2
 *(.text*)
 .text.Compute_Cell_Average
                0x0800312c       0x50 ./Core/Src/SOCtasks.o
                0x0800312c                Compute_Cell_Average
 .text.estimate_ocv
                0x0800317c      0x108 ./Core/Src/SOCtasks.o
                0x0800317c                estimate_ocv
 .text.estimate_exp_term
                0x08003284       0x3e ./Core/Src/SOCtasks.o
                0x08003284                estimate_exp_term
 *fill*         0x080032c2        0x2 
 .text.init_filter_parameters
                0x080032c4       0x54 ./Core/Src/SOCtasks.o
                0x080032c4                init_filter_parameters
 .text.compute_soc
                0x08003318      0x204 ./Core/Src/SOCtasks.o
                0x08003318                compute_soc
 .text.chg_dsg_done
                0x0800351c       0x14 ./Core/Src/SOCtasks.o
                0x0800351c                chg_dsg_done
 .text.compute_soc_cc
                0x08003530       0xc4 ./Core/Src/SOCtasks.o
                0x08003530                compute_soc_cc
 .text.Checksum
                0x080035f4       0x68 ./Core/Src/bq76952.o
                0x080035f4                Checksum
 .text.I2C_WriteReg
                0x0800365c       0x58 ./Core/Src/bq76952.o
                0x0800365c                I2C_WriteReg
 .text.I2C_ReadReg
                0x080036b4       0x60 ./Core/Src/bq76952.o
                0x080036b4                I2C_ReadReg
 .text.BQ769x2_SetRegister
                0x08003714      0x160 ./Core/Src/bq76952.o
                0x08003714                BQ769x2_SetRegister
 .text.CommandSubcommands
                0x08003874       0x46 ./Core/Src/bq76952.o
                0x08003874                CommandSubcommands
 *fill*         0x080038ba        0x2 
 .text.BQ769x2_ReadRegister
                0x080038bc       0x6c ./Core/Src/bq76952.o
                0x080038bc                BQ769x2_ReadRegister
 .text.Subcommands
                0x08003928      0x134 ./Core/Src/bq76952.o
                0x08003928                Subcommands
 .text.DirectCommands
                0x08003a5c       0x84 ./Core/Src/bq76952.o
                0x08003a5c                DirectCommands
 .text.BQ769x2_Init
                0x08003ae0     0x1e44 ./Core/Src/bq76952.o
                0x08003ae0                BQ769x2_Init
 .text.PowerConfig_Charger
                0x08005924       0x38 ./Core/Src/bq76952.o
                0x08005924                PowerConfig_Charger
 .text.PowerConfig_FullCharge
                0x0800595c       0x38 ./Core/Src/bq76952.o
                0x0800595c                PowerConfig_FullCharge
 .text.BQ769x2_ReadAlarmStatus
                0x08005994       0x28 ./Core/Src/bq76952.o
                0x08005994                BQ769x2_ReadAlarmStatus
 .text.BQ769x2_ReadSafetyStatus
                0x080059bc       0xd0 ./Core/Src/bq76952.o
                0x080059bc                BQ769x2_ReadSafetyStatus
 .text.BQ769x2_ReadPFStatus
                0x08005a8c       0x78 ./Core/Src/bq76952.o
                0x08005a8c                BQ769x2_ReadPFStatus
 .text.BQ769x2_ReadVoltage
                0x08005b04       0x60 ./Core/Src/bq76952.o
                0x08005b04                BQ769x2_ReadVoltage
 .text.BQ769x2_ReadAllVoltages
                0x08005b64       0x94 ./Core/Src/bq76952.o
                0x08005b64                BQ769x2_ReadAllVoltages
 .text.BQ769x2_ReadCurrent
                0x08005bf8       0x28 ./Core/Src/bq76952.o
                0x08005bf8                BQ769x2_ReadCurrent
 .text.BQ769x2_BatStatus
                0x08005c20       0x28 ./Core/Src/bq76952.o
                0x08005c20                BQ769x2_BatStatus
 .text.BQ769x2_ReadDASTATUS5
                0x08005c48       0x34 ./Core/Src/bq76952.o
                0x08005c48                BQ769x2_ReadDASTATUS5
 .text.BQ769x2_ReadTemperature
                0x08005c7c       0x78 ./Core/Src/bq76952.o
                0x08005c7c                BQ769x2_ReadTemperature
 .text.BQ769x2_ReadPassQ
                0x08005cf4       0xb4 ./Core/Src/bq76952.o
                0x08005cf4                BQ769x2_ReadPassQ
 .text.BQ769x2_CB_Activecells
                0x08005da8       0x30 ./Core/Src/bq76952.o
                0x08005da8                BQ769x2_CB_Activecells
 .text.BQ769x2_ReadFETStatus
                0x08005dd8       0x78 ./Core/Src/bq76952.o
                0x08005dd8                BQ769x2_ReadFETStatus
 .text.U16x2toU32
                0x08005e50       0x2e ./Core/Src/flash_072c8.o
                0x08005e50                U16x2toU32
 .text.U8x4toU32
                0x08005e7e       0x52 ./Core/Src/flash_072c8.o
                0x08005e7e                U8x4toU32
 .text.U16x1U8x2toU32
                0x08005ed0       0x42 ./Core/Src/flash_072c8.o
                0x08005ed0                U16x1U8x2toU32
 .text.U8x2toU16
                0x08005f12       0x30 ./Core/Src/flash_072c8.o
                0x08005f12                U8x2toU16
 .text.U32toU16x1U8x2
                0x08005f42       0x5e ./Core/Src/flash_072c8.o
                0x08005f42                U32toU16x1U8x2
 .text.U32toU8x4
                0x08005fa0       0x5e ./Core/Src/flash_072c8.o
                0x08005fa0                U32toU8x4
 .text.U32toU16x2
                0x08005ffe       0x48 ./Core/Src/flash_072c8.o
                0x08005ffe                U32toU16x2
 *fill*         0x08006046        0x2 
 .text.Flash_Write_Data
                0x08006048       0xc4 ./Core/Src/flash_072c8.o
                0x08006048                Flash_Write_Data
 .text.Flash_Read_Data
                0x0800610c       0x3c ./Core/Src/flash_072c8.o
                0x0800610c                Flash_Read_Data
 .text.save_flash_reg
                0x08006148       0x3c ./Core/Src/flash_072c8.o
                0x08006148                save_flash_reg
 .text.GetPage  0x08006184       0x58 ./Core/Src/flash_072c8.o
                0x08006184                GetPage
 .text.Flash_Data_init
                0x080061dc      0x904 ./Core/Src/flash_072c8.o
                0x080061dc                Flash_Data_init
 .text.FLASH_COMMAND
                0x08006ae0      0xf28 ./Core/Src/flash_072c8.o
                0x08006ae0                FLASH_COMMAND
 .text.flash_update_config_status
                0x08007a08       0x14 ./Core/Src/flash_072c8.o
                0x08007a08                flash_update_config_status
 .text.flash_save_config_status
                0x08007a1c       0x14 ./Core/Src/flash_072c8.o
                0x08007a1c                flash_save_config_status
 .text.flash_save_config_reset
                0x08007a30       0x14 ./Core/Src/flash_072c8.o
                0x08007a30                flash_save_config_reset
 .text.flash_save_config_set
                0x08007a44       0x14 ./Core/Src/flash_072c8.o
                0x08007a44                flash_save_config_set
 .text.__NVIC_SystemReset
                0x08007a58       0x24 ./Core/Src/main.o
 .text.ADC_Channel1_Init
                0x08007a7c       0x48 ./Core/Src/main.o
                0x08007a7c                ADC_Channel1_Init
 .text.ADC_TempChannel_Init
                0x08007ac4       0x48 ./Core/Src/main.o
                0x08007ac4                ADC_TempChannel_Init
 .text.main     0x08007b0c      0x840 ./Core/Src/main.o
                0x08007b0c                main
 .text.SystemClock_Config
                0x0800834c       0xd4 ./Core/Src/main.o
                0x0800834c                SystemClock_Config
 .text.MX_ADC_Init
                0x08008420       0xb8 ./Core/Src/main.o
 .text.MX_CAN_Init
                0x080084d8       0x94 ./Core/Src/main.o
 .text.MX_I2C1_Init
                0x0800856c       0x80 ./Core/Src/main.o
 .text.MX_I2C2_Init
                0x080085ec       0x80 ./Core/Src/main.o
 .text.MX_IWDG_Init
                0x0800866c       0x40 ./Core/Src/main.o
 .text.MX_RTC_Init
                0x080086ac       0xc4 ./Core/Src/main.o
 .text.MX_TIM3_Init
                0x08008770       0xac ./Core/Src/main.o
 .text.MX_TIM15_Init
                0x0800881c       0xb4 ./Core/Src/main.o
 .text.MX_USART1_UART_Init
                0x080088d0       0x80 ./Core/Src/main.o
 .text.MX_GPIO_Init
                0x08008950      0x128 ./Core/Src/main.o
 .text.Calc_Delta
                0x08008a78      0x140 ./Core/Src/main.o
                0x08008a78                Calc_Delta
 .text.SafetyStatusActions
                0x08008bb8       0xac ./Core/Src/main.o
                0x08008bb8                SafetyStatusActions
 .text.configs  0x08008c64       0x22 ./Core/Src/main.o
                0x08008c64                configs
 *fill*         0x08008c86        0x2 
 .text.state_management
                0x08008c88       0xbc ./Core/Src/main.o
                0x08008c88                state_management
 .text.HAL_TIM_PeriodElapsedCallback
                0x08008d44       0x80 ./Core/Src/main.o
                0x08008d44                HAL_TIM_PeriodElapsedCallback
 .text.CAN_Filter_config
                0x08008dc4       0x5c ./Core/Src/main.o
                0x08008dc4                CAN_Filter_config
 .text.HAL_CAN_RxFifo0MsgPendingCallback
                0x08008e20      0x1d0 ./Core/Src/main.o
                0x08008e20                HAL_CAN_RxFifo0MsgPendingCallback
 .text.HAL_CAN_Reset
                0x08008ff0       0x48 ./Core/Src/main.o
                0x08008ff0                HAL_CAN_Reset
 .text.HAL_CAN_ErrorCallback
                0x08009038       0x26 ./Core/Src/main.o
                0x08009038                HAL_CAN_ErrorCallback
 *fill*         0x0800905e        0x2 
 .text.CAN_TX   0x08009060       0x80 ./Core/Src/main.o
                0x08009060                CAN_TX
 .text.switch_reset
                0x080090e0       0x60 ./Core/Src/main.o
                0x080090e0                switch_reset
 .text.update_message_buffer
                0x08009140      0x5b4 ./Core/Src/main.o
                0x08009140                update_message_buffer
 .text.LED_ON   0x080096f4       0x28 ./Core/Src/main.o
                0x080096f4                LED_ON
 .text.LED_OFF  0x0800971c       0x28 ./Core/Src/main.o
                0x0800971c                LED_OFF
 .text.pressure_value
                0x08009744       0xcc ./Core/Src/main.o
                0x08009744                pressure_value
 .text.GPIO_init
                0x08009810       0x70 ./Core/Src/main.o
                0x08009810                GPIO_init
 .text.Error_Handler
                0x08009880       0x48 ./Core/Src/main.o
                0x08009880                Error_Handler
 .text.HAL_MspInit
                0x080098c8       0x48 ./Core/Src/stm32f0xx_hal_msp.o
                0x080098c8                HAL_MspInit
 .text.HAL_ADC_MspInit
                0x08009910       0x8c ./Core/Src/stm32f0xx_hal_msp.o
                0x08009910                HAL_ADC_MspInit
 .text.HAL_CAN_MspInit
                0x0800999c       0xac ./Core/Src/stm32f0xx_hal_msp.o
                0x0800999c                HAL_CAN_MspInit
 .text.HAL_I2C_MspInit
                0x08009a48      0x110 ./Core/Src/stm32f0xx_hal_msp.o
                0x08009a48                HAL_I2C_MspInit
 .text.HAL_RTC_MspInit
                0x08009b58       0x30 ./Core/Src/stm32f0xx_hal_msp.o
                0x08009b58                HAL_RTC_MspInit
 .text.HAL_TIM_Base_MspInit
                0x08009b88       0x88 ./Core/Src/stm32f0xx_hal_msp.o
                0x08009b88                HAL_TIM_Base_MspInit
 .text.HAL_UART_MspInit
                0x08009c10       0x9c ./Core/Src/stm32f0xx_hal_msp.o
                0x08009c10                HAL_UART_MspInit
 .text.NMI_Handler
                0x08009cac        0x8 ./Core/Src/stm32f0xx_it.o
                0x08009cac                NMI_Handler
 .text.HardFault_Handler
                0x08009cb4        0x8 ./Core/Src/stm32f0xx_it.o
                0x08009cb4                HardFault_Handler
 .text.SVC_Handler
                0x08009cbc        0xa ./Core/Src/stm32f0xx_it.o
                0x08009cbc                SVC_Handler
 .text.PendSV_Handler
                0x08009cc6        0xa ./Core/Src/stm32f0xx_it.o
                0x08009cc6                PendSV_Handler
 .text.SysTick_Handler
                0x08009cd0        0xe ./Core/Src/stm32f0xx_it.o
                0x08009cd0                SysTick_Handler
 *fill*         0x08009cde        0x2 
 .text.TIM3_IRQHandler
                0x08009ce0       0x18 ./Core/Src/stm32f0xx_it.o
                0x08009ce0                TIM3_IRQHandler
 .text.TIM15_IRQHandler
                0x08009cf8       0x18 ./Core/Src/stm32f0xx_it.o
                0x08009cf8                TIM15_IRQHandler
 .text.CEC_CAN_IRQHandler
                0x08009d10       0x18 ./Core/Src/stm32f0xx_it.o
                0x08009d10                CEC_CAN_IRQHandler
 .text.SystemInit
                0x08009d28        0xa ./Core/Src/system_stm32f0xx.o
                0x08009d28                SystemInit
 *fill*         0x08009d32        0x2 
 .text.Reset_Handler
                0x08009d34       0x50 ./Core/Startup/startup_stm32f072cbtx.o
                0x08009d34                Reset_Handler
 .text.Default_Handler
                0x08009d84        0x2 ./Core/Startup/startup_stm32f072cbtx.o
                0x08009d84                TIM1_CC_IRQHandler
                0x08009d84                TSC_IRQHandler
                0x08009d84                ADC1_COMP_IRQHandler
                0x08009d84                I2C1_IRQHandler
                0x08009d84                RCC_CRS_IRQHandler
                0x08009d84                SPI1_IRQHandler
                0x08009d84                TIM6_DAC_IRQHandler
                0x08009d84                USART3_4_IRQHandler
                0x08009d84                EXTI2_3_IRQHandler
                0x08009d84                I2C2_IRQHandler
                0x08009d84                TIM17_IRQHandler
                0x08009d84                RTC_IRQHandler
                0x08009d84                PVD_VDDIO2_IRQHandler
                0x08009d84                DMA1_Channel4_5_6_7_IRQHandler
                0x08009d84                TIM16_IRQHandler
                0x08009d84                EXTI4_15_IRQHandler
                0x08009d84                DMA1_Channel1_IRQHandler
                0x08009d84                Default_Handler
                0x08009d84                TIM14_IRQHandler
                0x08009d84                TIM7_IRQHandler
                0x08009d84                EXTI0_1_IRQHandler
                0x08009d84                USB_IRQHandler
                0x08009d84                SPI2_IRQHandler
                0x08009d84                WWDG_IRQHandler
                0x08009d84                TIM2_IRQHandler
                0x08009d84                DMA1_Channel2_3_IRQHandler
                0x08009d84                USART2_IRQHandler
                0x08009d84                FLASH_IRQHandler
                0x08009d84                USART1_IRQHandler
                0x08009d84                TIM1_BRK_UP_TRG_COM_IRQHandler
 *fill*         0x08009d86        0x2 
 .text.HAL_Init
                0x08009d88       0x28 ./Drivers/STM32F0xx_HAL_Driver/Src/stm32f0xx_hal.o
                0x08009d88                HAL_Init
 .text.HAL_InitTick
                0x08009db0       0x68 ./Drivers/STM32F0xx_HAL_Driver/Src/stm32f0xx_hal.o
                0x08009db0                HAL_InitTick
 .text.HAL_IncTick
                0x08009e18       0x24 ./Drivers/STM32F0xx_HAL_Driver/Src/stm32f0xx_hal.o
                0x08009e18                HAL_IncTick
 .text.HAL_GetTick
                0x08009e3c       0x14 ./Drivers/STM32F0xx_HAL_Driver/Src/stm32f0xx_hal.o
                0x08009e3c                HAL_GetTick
 .text.HAL_Delay
                0x08009e50       0x48 ./Drivers/STM32F0xx_HAL_Driver/Src/stm32f0xx_hal.o
                0x08009e50                HAL_Delay
 .text.HAL_ADC_Init
                0x08009e98      0x280 ./Drivers/STM32F0xx_HAL_Driver/Src/stm32f0xx_hal_adc.o
                0x08009e98                HAL_ADC_Init
 .text.HAL_ADC_Start
                0x0800a118       0xa8 ./Drivers/STM32F0xx_HAL_Driver/Src/stm32f0xx_hal_adc.o
                0x0800a118                HAL_ADC_Start
 .text.HAL_ADC_Stop
                0x0800a1c0       0x80 ./Drivers/STM32F0xx_HAL_Driver/Src/stm32f0xx_hal_adc.o
                0x0800a1c0                HAL_ADC_Stop
 .text.HAL_ADC_PollForConversion
                0x0800a240      0x130 ./Drivers/STM32F0xx_HAL_Driver/Src/stm32f0xx_hal_adc.o
                0x0800a240                HAL_ADC_PollForConversion
 .text.HAL_ADC_GetValue
                0x0800a370       0x16 ./Drivers/STM32F0xx_HAL_Driver/Src/stm32f0xx_hal_adc.o
                0x0800a370                HAL_ADC_GetValue
 *fill*         0x0800a386        0x2 
 .text.HAL_ADC_ConfigChannel
                0x0800a388      0x21c ./Drivers/STM32F0xx_HAL_Driver/Src/stm32f0xx_hal_adc.o
                0x0800a388                HAL_ADC_ConfigChannel
 .text.ADC_Enable
                0x0800a5a4      0x108 ./Drivers/STM32F0xx_HAL_Driver/Src/stm32f0xx_hal_adc.o
 .text.ADC_Disable
                0x0800a6ac       0xe2 ./Drivers/STM32F0xx_HAL_Driver/Src/stm32f0xx_hal_adc.o
 .text.ADC_ConversionStop
                0x0800a78e       0x98 ./Drivers/STM32F0xx_HAL_Driver/Src/stm32f0xx_hal_adc.o
 *fill*         0x0800a826        0x2 
 .text.HAL_ADCEx_Calibration_Start
                0x0800a828      0x150 ./Drivers/STM32F0xx_HAL_Driver/Src/stm32f0xx_hal_adc_ex.o
                0x0800a828                HAL_ADCEx_Calibration_Start
 .text.HAL_CAN_Init
                0x0800a978      0x1fc ./Drivers/STM32F0xx_HAL_Driver/Src/stm32f0xx_hal_can.o
                0x0800a978                HAL_CAN_Init
 .text.HAL_CAN_ConfigFilter
                0x0800ab74      0x1e4 ./Drivers/STM32F0xx_HAL_Driver/Src/stm32f0xx_hal_can.o
                0x0800ab74                HAL_CAN_ConfigFilter
 .text.HAL_CAN_Start
                0x0800ad58       0x8c ./Drivers/STM32F0xx_HAL_Driver/Src/stm32f0xx_hal_can.o
                0x0800ad58                HAL_CAN_Start
 .text.HAL_CAN_AddTxMessage
                0x0800ade4      0x1a4 ./Drivers/STM32F0xx_HAL_Driver/Src/stm32f0xx_hal_can.o
                0x0800ade4                HAL_CAN_AddTxMessage
 .text.HAL_CAN_GetRxMessage
                0x0800af88      0x256 ./Drivers/STM32F0xx_HAL_Driver/Src/stm32f0xx_hal_can.o
                0x0800af88                HAL_CAN_GetRxMessage
 .text.HAL_CAN_ActivateNotification
                0x0800b1de       0x54 ./Drivers/STM32F0xx_HAL_Driver/Src/stm32f0xx_hal_can.o
                0x0800b1de                HAL_CAN_ActivateNotification
 .text.HAL_CAN_IRQHandler
                0x0800b232      0x368 ./Drivers/STM32F0xx_HAL_Driver/Src/stm32f0xx_hal_can.o
                0x0800b232                HAL_CAN_IRQHandler
 .text.HAL_CAN_TxMailbox0CompleteCallback
                0x0800b59a       0x10 ./Drivers/STM32F0xx_HAL_Driver/Src/stm32f0xx_hal_can.o
                0x0800b59a                HAL_CAN_TxMailbox0CompleteCallback
 .text.HAL_CAN_TxMailbox1CompleteCallback
                0x0800b5aa       0x10 ./Drivers/STM32F0xx_HAL_Driver/Src/stm32f0xx_hal_can.o
                0x0800b5aa                HAL_CAN_TxMailbox1CompleteCallback
 .text.HAL_CAN_TxMailbox2CompleteCallback
                0x0800b5ba       0x10 ./Drivers/STM32F0xx_HAL_Driver/Src/stm32f0xx_hal_can.o
                0x0800b5ba                HAL_CAN_TxMailbox2CompleteCallback
 .text.HAL_CAN_TxMailbox0AbortCallback
                0x0800b5ca       0x10 ./Drivers/STM32F0xx_HAL_Driver/Src/stm32f0xx_hal_can.o
                0x0800b5ca                HAL_CAN_TxMailbox0AbortCallback
 .text.HAL_CAN_TxMailbox1AbortCallback
                0x0800b5da       0x10 ./Drivers/STM32F0xx_HAL_Driver/Src/stm32f0xx_hal_can.o
                0x0800b5da                HAL_CAN_TxMailbox1AbortCallback
 .text.HAL_CAN_TxMailbox2AbortCallback
                0x0800b5ea       0x10 ./Drivers/STM32F0xx_HAL_Driver/Src/stm32f0xx_hal_can.o
                0x0800b5ea                HAL_CAN_TxMailbox2AbortCallback
 .text.HAL_CAN_RxFifo0FullCallback
                0x0800b5fa       0x10 ./Drivers/STM32F0xx_HAL_Driver/Src/stm32f0xx_hal_can.o
                0x0800b5fa                HAL_CAN_RxFifo0FullCallback
 .text.HAL_CAN_RxFifo1MsgPendingCallback
                0x0800b60a       0x10 ./Drivers/STM32F0xx_HAL_Driver/Src/stm32f0xx_hal_can.o
                0x0800b60a                HAL_CAN_RxFifo1MsgPendingCallback
 .text.HAL_CAN_RxFifo1FullCallback
                0x0800b61a       0x10 ./Drivers/STM32F0xx_HAL_Driver/Src/stm32f0xx_hal_can.o
                0x0800b61a                HAL_CAN_RxFifo1FullCallback
 .text.HAL_CAN_SleepCallback
                0x0800b62a       0x10 ./Drivers/STM32F0xx_HAL_Driver/Src/stm32f0xx_hal_can.o
                0x0800b62a                HAL_CAN_SleepCallback
 .text.HAL_CAN_WakeUpFromRxMsgCallback
                0x0800b63a       0x10 ./Drivers/STM32F0xx_HAL_Driver/Src/stm32f0xx_hal_can.o
                0x0800b63a                HAL_CAN_WakeUpFromRxMsgCallback
 *fill*         0x0800b64a        0x2 
 .text.__NVIC_EnableIRQ
                0x0800b64c       0x34 ./Drivers/STM32F0xx_HAL_Driver/Src/stm32f0xx_hal_cortex.o
 .text.__NVIC_SetPriority
                0x0800b680       0xdc ./Drivers/STM32F0xx_HAL_Driver/Src/stm32f0xx_hal_cortex.o
 .text.SysTick_Config
                0x0800b75c       0x48 ./Drivers/STM32F0xx_HAL_Driver/Src/stm32f0xx_hal_cortex.o
 .text.HAL_NVIC_SetPriority
                0x0800b7a4       0x2a ./Drivers/STM32F0xx_HAL_Driver/Src/stm32f0xx_hal_cortex.o
                0x0800b7a4                HAL_NVIC_SetPriority
 .text.HAL_NVIC_EnableIRQ
                0x0800b7ce       0x20 ./Drivers/STM32F0xx_HAL_Driver/Src/stm32f0xx_hal_cortex.o
                0x0800b7ce                HAL_NVIC_EnableIRQ
 .text.HAL_SYSTICK_Config
                0x0800b7ee       0x1a ./Drivers/STM32F0xx_HAL_Driver/Src/stm32f0xx_hal_cortex.o
                0x0800b7ee                HAL_SYSTICK_Config
 .text.HAL_FLASH_Program
                0x0800b808      0x12c ./Drivers/STM32F0xx_HAL_Driver/Src/stm32f0xx_hal_flash.o
                0x0800b808                HAL_FLASH_Program
 .text.HAL_FLASH_Unlock
                0x0800b934       0x4c ./Drivers/STM32F0xx_HAL_Driver/Src/stm32f0xx_hal_flash.o
                0x0800b934                HAL_FLASH_Unlock
 .text.HAL_FLASH_Lock
                0x0800b980       0x1c ./Drivers/STM32F0xx_HAL_Driver/Src/stm32f0xx_hal_flash.o
                0x0800b980                HAL_FLASH_Lock
 .text.HAL_FLASH_GetError
                0x0800b99c       0x14 ./Drivers/STM32F0xx_HAL_Driver/Src/stm32f0xx_hal_flash.o
                0x0800b99c                HAL_FLASH_GetError
 .text.FLASH_Program_HalfWord
                0x0800b9b0       0x38 ./Drivers/STM32F0xx_HAL_Driver/Src/stm32f0xx_hal_flash.o
 .text.FLASH_WaitForLastOperation
                0x0800b9e8       0x80 ./Drivers/STM32F0xx_HAL_Driver/Src/stm32f0xx_hal_flash.o
                0x0800b9e8                FLASH_WaitForLastOperation
 .text.FLASH_SetErrorCode
                0x0800ba68       0x60 ./Drivers/STM32F0xx_HAL_Driver/Src/stm32f0xx_hal_flash.o
 .text.HAL_FLASHEx_Erase
                0x0800bac8       0xec ./Drivers/STM32F0xx_HAL_Driver/Src/stm32f0xx_hal_flash_ex.o
                0x0800bac8                HAL_FLASHEx_Erase
 .text.FLASH_MassErase
                0x0800bbb4       0x30 ./Drivers/STM32F0xx_HAL_Driver/Src/stm32f0xx_hal_flash_ex.o
 .text.FLASH_PageErase
                0x0800bbe4       0x3c ./Drivers/STM32F0xx_HAL_Driver/Src/stm32f0xx_hal_flash_ex.o
                0x0800bbe4                FLASH_PageErase
 .text.HAL_GPIO_Init
                0x0800bc20      0x2f0 ./Drivers/STM32F0xx_HAL_Driver/Src/stm32f0xx_hal_gpio.o
                0x0800bc20                HAL_GPIO_Init
 .text.HAL_GPIO_ReadPin
                0x0800bf10       0x3a ./Drivers/STM32F0xx_HAL_Driver/Src/stm32f0xx_hal_gpio.o
                0x0800bf10                HAL_GPIO_ReadPin
 .text.HAL_GPIO_WritePin
                0x0800bf4a       0x3a ./Drivers/STM32F0xx_HAL_Driver/Src/stm32f0xx_hal_gpio.o
                0x0800bf4a                HAL_GPIO_WritePin
 .text.HAL_I2C_Init
                0x0800bf84      0x14c ./Drivers/STM32F0xx_HAL_Driver/Src/stm32f0xx_hal_i2c.o
                0x0800bf84                HAL_I2C_Init
 .text.HAL_I2C_Mem_Write
                0x0800c0d0      0x25c ./Drivers/STM32F0xx_HAL_Driver/Src/stm32f0xx_hal_i2c.o
                0x0800c0d0                HAL_I2C_Mem_Write
 .text.HAL_I2C_Mem_Read
                0x0800c32c      0x268 ./Drivers/STM32F0xx_HAL_Driver/Src/stm32f0xx_hal_i2c.o
                0x0800c32c                HAL_I2C_Mem_Read
 .text.I2C_RequestMemoryWrite
                0x0800c594       0xc8 ./Drivers/STM32F0xx_HAL_Driver/Src/stm32f0xx_hal_i2c.o
 .text.I2C_RequestMemoryRead
                0x0800c65c       0xc4 ./Drivers/STM32F0xx_HAL_Driver/Src/stm32f0xx_hal_i2c.o
 .text.I2C_Flush_TXDR
                0x0800c720       0x44 ./Drivers/STM32F0xx_HAL_Driver/Src/stm32f0xx_hal_i2c.o
 .text.I2C_WaitOnFlagUntilTimeout
                0x0800c764       0xb0 ./Drivers/STM32F0xx_HAL_Driver/Src/stm32f0xx_hal_i2c.o
 .text.I2C_WaitOnTXISFlagUntilTimeout
                0x0800c814       0x8c ./Drivers/STM32F0xx_HAL_Driver/Src/stm32f0xx_hal_i2c.o
 .text.I2C_WaitOnSTOPFlagUntilTimeout
                0x0800c8a0       0x86 ./Drivers/STM32F0xx_HAL_Driver/Src/stm32f0xx_hal_i2c.o
 *fill*         0x0800c926        0x2 
 .text.I2C_IsErrorOccurred
                0x0800c928      0x1f0 ./Drivers/STM32F0xx_HAL_Driver/Src/stm32f0xx_hal_i2c.o
 .text.I2C_TransferConfig
                0x0800cb18       0x74 ./Drivers/STM32F0xx_HAL_Driver/Src/stm32f0xx_hal_i2c.o
 .text.HAL_I2CEx_ConfigAnalogFilter
                0x0800cb8c       0x98 ./Drivers/STM32F0xx_HAL_Driver/Src/stm32f0xx_hal_i2c_ex.o
                0x0800cb8c                HAL_I2CEx_ConfigAnalogFilter
 .text.HAL_I2CEx_ConfigDigitalFilter
                0x0800cc24       0x98 ./Drivers/STM32F0xx_HAL_Driver/Src/stm32f0xx_hal_i2c_ex.o
                0x0800cc24                HAL_I2CEx_ConfigDigitalFilter
 .text.HAL_IWDG_Init
                0x0800ccbc       0xa4 ./Drivers/STM32F0xx_HAL_Driver/Src/stm32f0xx_hal_iwdg.o
                0x0800ccbc                HAL_IWDG_Init
 .text.HAL_IWDG_Refresh
                0x0800cd60       0x20 ./Drivers/STM32F0xx_HAL_Driver/Src/stm32f0xx_hal_iwdg.o
                0x0800cd60                HAL_IWDG_Refresh
 .text.HAL_RCC_OscConfig
                0x0800cd80      0x70c ./Drivers/STM32F0xx_HAL_Driver/Src/stm32f0xx_hal_rcc.o
                0x0800cd80                HAL_RCC_OscConfig
 .text.HAL_RCC_ClockConfig
                0x0800d48c      0x1b4 ./Drivers/STM32F0xx_HAL_Driver/Src/stm32f0xx_hal_rcc.o
                0x0800d48c                HAL_RCC_ClockConfig
 .text.HAL_RCC_GetSysClockFreq
                0x0800d640       0xe4 ./Drivers/STM32F0xx_HAL_Driver/Src/stm32f0xx_hal_rcc.o
                0x0800d640                HAL_RCC_GetSysClockFreq
 .text.HAL_RCC_GetHCLKFreq
                0x0800d724       0x14 ./Drivers/STM32F0xx_HAL_Driver/Src/stm32f0xx_hal_rcc.o
                0x0800d724                HAL_RCC_GetHCLKFreq
 .text.HAL_RCC_GetPCLK1Freq
                0x0800d738       0x2c ./Drivers/STM32F0xx_HAL_Driver/Src/stm32f0xx_hal_rcc.o
                0x0800d738                HAL_RCC_GetPCLK1Freq
 .text.HAL_RCCEx_PeriphCLKConfig
                0x0800d764      0x1fc ./Drivers/STM32F0xx_HAL_Driver/Src/stm32f0xx_hal_rcc_ex.o
                0x0800d764                HAL_RCCEx_PeriphCLKConfig
 .text.HAL_RTC_Init
                0x0800d960      0x130 ./Drivers/STM32F0xx_HAL_Driver/Src/stm32f0xx_hal_rtc.o
                0x0800d960                HAL_RTC_Init
 .text.HAL_RTC_SetTime
                0x0800da90      0x14c ./Drivers/STM32F0xx_HAL_Driver/Src/stm32f0xx_hal_rtc.o
                0x0800da90                HAL_RTC_SetTime
 .text.HAL_RTC_SetDate
                0x0800dbdc      0x120 ./Drivers/STM32F0xx_HAL_Driver/Src/stm32f0xx_hal_rtc.o
                0x0800dbdc                HAL_RTC_SetDate
 .text.HAL_RTC_WaitForSynchro
                0x0800dcfc       0x50 ./Drivers/STM32F0xx_HAL_Driver/Src/stm32f0xx_hal_rtc.o
                0x0800dcfc                HAL_RTC_WaitForSynchro
 .text.RTC_EnterInitMode
                0x0800dd4c       0x86 ./Drivers/STM32F0xx_HAL_Driver/Src/stm32f0xx_hal_rtc.o
                0x0800dd4c                RTC_EnterInitMode
 .text.RTC_ExitInitMode
                0x0800ddd2       0x52 ./Drivers/STM32F0xx_HAL_Driver/Src/stm32f0xx_hal_rtc.o
                0x0800ddd2                RTC_ExitInitMode
 .text.RTC_ByteToBcd2
                0x0800de24       0x42 ./Drivers/STM32F0xx_HAL_Driver/Src/stm32f0xx_hal_rtc.o
                0x0800de24                RTC_ByteToBcd2
 .text.HAL_TIM_Base_Init
                0x0800de66       0xa0 ./Drivers/STM32F0xx_HAL_Driver/Src/stm32f0xx_hal_tim.o
                0x0800de66                HAL_TIM_Base_Init
 *fill*         0x0800df06        0x2 
 .text.HAL_TIM_Base_Start_IT
                0x0800df08       0xa4 ./Drivers/STM32F0xx_HAL_Driver/Src/stm32f0xx_hal_tim.o
                0x0800df08                HAL_TIM_Base_Start_IT
 .text.HAL_TIM_IRQHandler
                0x0800dfac      0x1dc ./Drivers/STM32F0xx_HAL_Driver/Src/stm32f0xx_hal_tim.o
                0x0800dfac                HAL_TIM_IRQHandler
 .text.HAL_TIM_ConfigClockSource
                0x0800e188      0x1a8 ./Drivers/STM32F0xx_HAL_Driver/Src/stm32f0xx_hal_tim.o
                0x0800e188                HAL_TIM_ConfigClockSource
 .text.HAL_TIM_OC_DelayElapsedCallback
                0x0800e330       0x10 ./Drivers/STM32F0xx_HAL_Driver/Src/stm32f0xx_hal_tim.o
                0x0800e330                HAL_TIM_OC_DelayElapsedCallback
 .text.HAL_TIM_IC_CaptureCallback
                0x0800e340       0x10 ./Drivers/STM32F0xx_HAL_Driver/Src/stm32f0xx_hal_tim.o
                0x0800e340                HAL_TIM_IC_CaptureCallback
 .text.HAL_TIM_PWM_PulseFinishedCallback
                0x0800e350       0x10 ./Drivers/STM32F0xx_HAL_Driver/Src/stm32f0xx_hal_tim.o
                0x0800e350                HAL_TIM_PWM_PulseFinishedCallback
 .text.HAL_TIM_TriggerCallback
                0x0800e360       0x10 ./Drivers/STM32F0xx_HAL_Driver/Src/stm32f0xx_hal_tim.o
                0x0800e360                HAL_TIM_TriggerCallback
 .text.TIM_Base_SetConfig
                0x0800e370      0x11c ./Drivers/STM32F0xx_HAL_Driver/Src/stm32f0xx_hal_tim.o
                0x0800e370                TIM_Base_SetConfig
 .text.TIM_TI1_ConfigInputStage
                0x0800e48c       0x5c ./Drivers/STM32F0xx_HAL_Driver/Src/stm32f0xx_hal_tim.o
 .text.TIM_TI2_ConfigInputStage
                0x0800e4e8       0x64 ./Drivers/STM32F0xx_HAL_Driver/Src/stm32f0xx_hal_tim.o
 .text.TIM_ITRx_SetConfig
                0x0800e54c       0x32 ./Drivers/STM32F0xx_HAL_Driver/Src/stm32f0xx_hal_tim.o
 *fill*         0x0800e57e        0x2 
 .text.TIM_ETR_SetConfig
                0x0800e580       0x40 ./Drivers/STM32F0xx_HAL_Driver/Src/stm32f0xx_hal_tim.o
                0x0800e580                TIM_ETR_SetConfig
 .text.HAL_TIMEx_MasterConfigSynchronization
                0x0800e5c0       0xbc ./Drivers/STM32F0xx_HAL_Driver/Src/stm32f0xx_hal_tim_ex.o
                0x0800e5c0                HAL_TIMEx_MasterConfigSynchronization
 .text.HAL_TIMEx_CommutCallback
                0x0800e67c       0x10 ./Drivers/STM32F0xx_HAL_Driver/Src/stm32f0xx_hal_tim_ex.o
                0x0800e67c                HAL_TIMEx_CommutCallback
 .text.HAL_TIMEx_BreakCallback
                0x0800e68c       0x10 ./Drivers/STM32F0xx_HAL_Driver/Src/stm32f0xx_hal_tim_ex.o
                0x0800e68c                HAL_TIMEx_BreakCallback
 .text.HAL_UART_Init
                0x0800e69c       0xa8 ./Drivers/STM32F0xx_HAL_Driver/Src/stm32f0xx_hal_uart.o
                0x0800e69c                HAL_UART_Init
 .text.HAL_UART_Transmit
                0x0800e744      0x13e ./Drivers/STM32F0xx_HAL_Driver/Src/stm32f0xx_hal_uart.o
                0x0800e744                HAL_UART_Transmit
 *fill*         0x0800e882        0x2 
 .text.UART_SetConfig
                0x0800e884      0x310 ./Drivers/STM32F0xx_HAL_Driver/Src/stm32f0xx_hal_uart.o
                0x0800e884                UART_SetConfig
 .text.UART_AdvFeatureConfig
                0x0800eb94      0x168 ./Drivers/STM32F0xx_HAL_Driver/Src/stm32f0xx_hal_uart.o
                0x0800eb94                UART_AdvFeatureConfig
 .text.UART_CheckIdleState
                0x0800ecfc      0x150 ./Drivers/STM32F0xx_HAL_Driver/Src/stm32f0xx_hal_uart.o
                0x0800ecfc                UART_CheckIdleState
 .text.UART_WaitOnFlagUntilTimeout
                0x0800ee4c       0xde ./Drivers/STM32F0xx_HAL_Driver/Src/stm32f0xx_hal_uart.o
                0x0800ee4c                UART_WaitOnFlagUntilTimeout
 *fill*         0x0800ef2a        0x2 
 .text.UART_EndRxTransfer
                0x0800ef2c       0xc8 ./Drivers/STM32F0xx_HAL_Driver/Src/stm32f0xx_hal_uart.o
 .text.memset   0x0800eff4       0x10 C:/ST/STM32CubeIDE_1.16.0/STM32CubeIDE/plugins/com.st.stm32cube.ide.mcu.externaltools.gnu-tools-for-stm32.12.3.rel1.win32_1.0.200.202406191623/tools/bin/../lib/gcc/arm-none-eabi/12.3.1/../../../../arm-none-eabi/lib/thumb/v6-m/nofp\libc_nano.a(libc_a-memset.o)
                0x0800eff4                memset
 .text.__libc_init_array
                0x0800f004       0x48 C:/ST/STM32CubeIDE_1.16.0/STM32CubeIDE/plugins/com.st.stm32cube.ide.mcu.externaltools.gnu-tools-for-stm32.12.3.rel1.win32_1.0.200.202406191623/tools/bin/../lib/gcc/arm-none-eabi/12.3.1/../../../../arm-none-eabi/lib/thumb/v6-m/nofp\libc_nano.a(libc_a-init.o)
                0x0800f004                __libc_init_array
 .text.memcpy   0x0800f04c       0x12 C:/ST/STM32CubeIDE_1.16.0/STM32CubeIDE/plugins/com.st.stm32cube.ide.mcu.externaltools.gnu-tools-for-stm32.12.3.rel1.win32_1.0.200.202406191623/tools/bin/../lib/gcc/arm-none-eabi/12.3.1/../../../../arm-none-eabi/lib/thumb/v6-m/nofp\libc_nano.a(libc_a-memcpy-stub.o)
                0x0800f04c                memcpy
 *(.glue_7)
 .glue_7        0x0800f05e        0x0 linker stubs
 *(.glue_7t)
 .glue_7t       0x0800f05e        0x0 linker stubs
 *(.eh_frame)
 *fill*         0x0800f05e        0x2 
 .eh_frame      0x0800f060        0x0 C:/ST/STM32CubeIDE_1.16.0/STM32CubeIDE/plugins/com.st.stm32cube.ide.mcu.externaltools.gnu-tools-for-stm32.12.3.rel1.win32_1.0.200.202406191623/tools/bin/../lib/gcc/arm-none-eabi/12.3.1/thumb/v6-m/nofp/crtbegin.o
 *(.init)
 .init          0x0800f060        0x4 C:/ST/STM32CubeIDE_1.16.0/STM32CubeIDE/plugins/com.st.stm32cube.ide.mcu.externaltools.gnu-tools-for-stm32.12.3.rel1.win32_1.0.200.202406191623/tools/bin/../lib/gcc/arm-none-eabi/12.3.1/thumb/v6-m/nofp/crti.o
                0x0800f060                _init
 .init          0x0800f064        0x8 C:/ST/STM32CubeIDE_1.16.0/STM32CubeIDE/plugins/com.st.stm32cube.ide.mcu.externaltools.gnu-tools-for-stm32.12.3.rel1.win32_1.0.200.202406191623/tools/bin/../lib/gcc/arm-none-eabi/12.3.1/thumb/v6-m/nofp/crtn.o
 *(.fini)
 .fini          0x0800f06c        0x4 C:/ST/STM32CubeIDE_1.16.0/STM32CubeIDE/plugins/com.st.stm32cube.ide.mcu.externaltools.gnu-tools-for-stm32.12.3.rel1.win32_1.0.200.202406191623/tools/bin/../lib/gcc/arm-none-eabi/12.3.1/thumb/v6-m/nofp/crti.o
                0x0800f06c                _fini
 .fini          0x0800f070        0x8 C:/ST/STM32CubeIDE_1.16.0/STM32CubeIDE/plugins/com.st.stm32cube.ide.mcu.externaltools.gnu-tools-for-stm32.12.3.rel1.win32_1.0.200.202406191623/tools/bin/../lib/gcc/arm-none-eabi/12.3.1/thumb/v6-m/nofp/crtn.o
                0x0800f078                        . = ALIGN (0x4)
                0x0800f078                        _etext = .

.vfp11_veneer   0x0800f078        0x0
 .vfp11_veneer  0x0800f078        0x0 linker stubs

.v4_bx          0x0800f078        0x0
 .v4_bx         0x0800f078        0x0 linker stubs

.iplt           0x0800f078        0x0
 .iplt          0x0800f078        0x0 C:/ST/STM32CubeIDE_1.16.0/STM32CubeIDE/plugins/com.st.stm32cube.ide.mcu.externaltools.gnu-tools-for-stm32.12.3.rel1.win32_1.0.200.202406191623/tools/bin/../lib/gcc/arm-none-eabi/12.3.1/thumb/v6-m/nofp/crtbegin.o

.rodata         0x0800f078      0x4d8
                0x0800f078                        . = ALIGN (0x4)
 *(.rodata)
 .rodata        0x0800f078       0x12 ./Core/Src/bq76952.o
 *fill*         0x0800f08a        0x2 
 .rodata        0x0800f08c        0x3 ./Core/Src/main.o
 *fill*         0x0800f08f        0x1 
 .rodata        0x0800f090       0x7c C:/ST/STM32CubeIDE_1.16.0/STM32CubeIDE/plugins/com.st.stm32cube.ide.mcu.externaltools.gnu-tools-for-stm32.12.3.rel1.win32_1.0.200.202406191623/tools/bin/../lib/gcc/arm-none-eabi/12.3.1/thumb/v6-m/nofp\libgcc.a(divsf3.o)
 .rodata        0x0800f10c       0x40 C:/ST/STM32CubeIDE_1.16.0/STM32CubeIDE/plugins/com.st.stm32cube.ide.mcu.externaltools.gnu-tools-for-stm32.12.3.rel1.win32_1.0.200.202406191623/tools/bin/../lib/gcc/arm-none-eabi/12.3.1/thumb/v6-m/nofp\libgcc.a(divdf3.o)
 *(.rodata*)
 .rodata.FLASH_COMMAND
                0x0800f14c      0x3cc ./Core/Src/flash_072c8.o
 .rodata.AHBPrescTable
                0x0800f518       0x10 ./Core/Src/system_stm32f0xx.o
                0x0800f518                AHBPrescTable
 .rodata.APBPrescTable
                0x0800f528        0x8 ./Core/Src/system_stm32f0xx.o
                0x0800f528                APBPrescTable
 .rodata.aPLLMULFactorTable.1
                0x0800f530       0x10 ./Drivers/STM32F0xx_HAL_Driver/Src/stm32f0xx_hal_rcc.o
 .rodata.aPredivFactorTable.0
                0x0800f540       0x10 ./Drivers/STM32F0xx_HAL_Driver/Src/stm32f0xx_hal_rcc.o
                0x0800f550                        . = ALIGN (0x4)

.rel.dyn        0x0800f550        0x0
 .rel.iplt      0x0800f550        0x0 C:/ST/STM32CubeIDE_1.16.0/STM32CubeIDE/plugins/com.st.stm32cube.ide.mcu.externaltools.gnu-tools-for-stm32.12.3.rel1.win32_1.0.200.202406191623/tools/bin/../lib/gcc/arm-none-eabi/12.3.1/thumb/v6-m/nofp/crtbegin.o

.ARM.extab      0x0800f550        0x0
                0x0800f550                        . = ALIGN (0x4)
 *(.ARM.extab* .gnu.linkonce.armextab.*)
                0x0800f550                        . = ALIGN (0x4)

.ARM            0x0800f550        0x0
                0x0800f550                        . = ALIGN (0x4)
                0x0800f550                        __exidx_start = .
 *(.ARM.exidx*)
                0x0800f550                        __exidx_end = .
                0x0800f550                        . = ALIGN (0x4)

.preinit_array  0x0800f550        0x0
                0x0800f550                        . = ALIGN (0x4)
                0x0800f550                        PROVIDE (__preinit_array_start = .)
 *(.preinit_array*)
                0x0800f550                        PROVIDE (__preinit_array_end = .)
                0x0800f550                        . = ALIGN (0x4)

.init_array     0x0800f550        0x4
                0x0800f550                        . = ALIGN (0x4)
                0x0800f550                        PROVIDE (__init_array_start = .)
 *(SORT_BY_NAME(.init_array.*))
 *(.init_array*)
 .init_array    0x0800f550        0x4 C:/ST/STM32CubeIDE_1.16.0/STM32CubeIDE/plugins/com.st.stm32cube.ide.mcu.externaltools.gnu-tools-for-stm32.12.3.rel1.win32_1.0.200.202406191623/tools/bin/../lib/gcc/arm-none-eabi/12.3.1/thumb/v6-m/nofp/crtbegin.o
                0x0800f554                        PROVIDE (__init_array_end = .)
                0x0800f554                        . = ALIGN (0x4)

.fini_array     0x0800f554        0x4
                0x0800f554                        . = ALIGN (0x4)
                [!provide]                        PROVIDE (__fini_array_start = .)
 *(SORT_BY_NAME(.fini_array.*))
 *(.fini_array*)
 .fini_array    0x0800f554        0x4 C:/ST/STM32CubeIDE_1.16.0/STM32CubeIDE/plugins/com.st.stm32cube.ide.mcu.externaltools.gnu-tools-for-stm32.12.3.rel1.win32_1.0.200.202406191623/tools/bin/../lib/gcc/arm-none-eabi/12.3.1/thumb/v6-m/nofp/crtbegin.o
                [!provide]                        PROVIDE (__fini_array_end = .)
                0x0800f558                        . = ALIGN (0x4)
                0x0800f558                        _sidata = LOADADDR (.data)

.data           0x20000000      0x1a4 load address 0x0800f558
                0x20000000                        . = ALIGN (0x4)
                0x20000000                        _sdata = .
 *(.data)
 *(.data*)
 .data.R0       0x20000000        0x4 ./Core/Src/SOCtasks.o
                0x20000000                R0
 .data.R1       0x20000004        0x4 ./Core/Src/SOCtasks.o
                0x20000004                R1
 .data.C1       0x20000008        0x4 ./Core/Src/SOCtasks.o
                0x20000008                C1
 .data.current_battery_capacity
                0x2000000c        0x4 ./Core/Src/SOCtasks.o
                0x2000000c                current_battery_capacity
 .data.cell1gain
                0x20000010        0x2 ./Core/Src/bq76952.o
                0x20000010                cell1gain
 .data.cell2gain
                0x20000012        0x2 ./Core/Src/bq76952.o
                0x20000012                cell2gain
 .data.cell3gain
                0x20000014        0x2 ./Core/Src/bq76952.o
                0x20000014                cell3gain
 .data.cell4gain
                0x20000016        0x2 ./Core/Src/bq76952.o
                0x20000016                cell4gain
 .data.cell5gain
                0x20000018        0x2 ./Core/Src/bq76952.o
                0x20000018                cell5gain
 .data.cell6gain
                0x2000001a        0x2 ./Core/Src/bq76952.o
                0x2000001a                cell6gain
 .data.cell7gain
                0x2000001c        0x2 ./Core/Src/bq76952.o
                0x2000001c                cell7gain
 .data.cell8gain
                0x2000001e        0x2 ./Core/Src/bq76952.o
                0x2000001e                cell8gain
 .data.cell9gain
                0x20000020        0x2 ./Core/Src/bq76952.o
                0x20000020                cell9gain
 .data.cell10gain
                0x20000022        0x2 ./Core/Src/bq76952.o
                0x20000022                cell10gain
 .data.cell11gain
                0x20000024        0x2 ./Core/Src/bq76952.o
                0x20000024                cell11gain
 .data.cell12gain
                0x20000026        0x2 ./Core/Src/bq76952.o
                0x20000026                cell12gain
 .data.cell13gain
                0x20000028        0x2 ./Core/Src/bq76952.o
                0x20000028                cell13gain
 .data.cell14gain
                0x2000002a        0x2 ./Core/Src/bq76952.o
                0x2000002a                cell14gain
 .data.cell15gain
                0x2000002c        0x2 ./Core/Src/bq76952.o
                0x2000002c                cell15gain
 .data.cell16gain
                0x2000002e        0x2 ./Core/Src/bq76952.o
                0x2000002e                cell16gain
 .data.ccgain   0x20000030        0x4 ./Core/Src/bq76952.o
                0x20000030                ccgain
 .data.capacitygain
                0x20000034        0x4 ./Core/Src/bq76952.o
                0x20000034                capacitygain
 .data.vcelloffset
                0x20000038        0x2 ./Core/Src/bq76952.o
                0x20000038                vcelloffset
 .data.vdivoffset
                0x2000003a        0x2 ./Core/Src/bq76952.o
                0x2000003a                vdivoffset
 .data.coulombcounteroffsetsamples
                0x2000003c        0x2 ./Core/Src/bq76952.o
                0x2000003c                coulombcounteroffsetsamples
 .data.intgain  0x2000003e        0x2 ./Core/Src/bq76952.o
                0x2000003e                intgain
 .data.intbaseoffset
                0x20000040        0x2 ./Core/Src/bq76952.o
                0x20000040                intbaseoffset
 .data.intmaximumad
                0x20000042        0x2 ./Core/Src/bq76952.o
                0x20000042                intmaximumad
 .data.intmaximumtemp
                0x20000044        0x2 ./Core/Src/bq76952.o
                0x20000044                intmaximumtemp
 .data.t18kcoeffa1
                0x20000046        0x2 ./Core/Src/bq76952.o
                0x20000046                t18kcoeffa1
 .data.t18kcoeffa2
                0x20000048        0x2 ./Core/Src/bq76952.o
                0x20000048                t18kcoeffa2
 .data.t18kcoeffa3
                0x2000004a        0x2 ./Core/Src/bq76952.o
                0x2000004a                t18kcoeffa3
 .data.t18kcoeffa4
                0x2000004c        0x2 ./Core/Src/bq76952.o
                0x2000004c                t18kcoeffa4
 .data.t18kcoeffa5
                0x2000004e        0x2 ./Core/Src/bq76952.o
                0x2000004e                t18kcoeffa5
 .data.t18kcoeffb1
                0x20000050        0x2 ./Core/Src/bq76952.o
                0x20000050                t18kcoeffb1
 .data.t18kcoeffb2
                0x20000052        0x2 ./Core/Src/bq76952.o
                0x20000052                t18kcoeffb2
 .data.t18kcoeffb3
                0x20000054        0x2 ./Core/Src/bq76952.o
                0x20000054                t18kcoeffb3
 .data.t18kcoeffb4
                0x20000056        0x2 ./Core/Src/bq76952.o
                0x20000056                t18kcoeffb4
 .data.t18kadc0
                0x20000058        0x2 ./Core/Src/bq76952.o
                0x20000058                t18kadc0
 .data.t180kcoeffa1
                0x2000005a        0x2 ./Core/Src/bq76952.o
                0x2000005a                t180kcoeffa1
 .data.t180kcoeffa2
                0x2000005c        0x2 ./Core/Src/bq76952.o
                0x2000005c                t180kcoeffa2
 .data.t180kcoeffa3
                0x2000005e        0x2 ./Core/Src/bq76952.o
                0x2000005e                t180kcoeffa3
 .data.t180kcoeffa4
                0x20000060        0x2 ./Core/Src/bq76952.o
                0x20000060                t180kcoeffa4
 .data.t180kcoeffa5
                0x20000062        0x2 ./Core/Src/bq76952.o
                0x20000062                t180kcoeffa5
 .data.t180kcoeffb1
                0x20000064        0x2 ./Core/Src/bq76952.o
                0x20000064                t180kcoeffb1
 .data.t180kcoeffb2
                0x20000066        0x2 ./Core/Src/bq76952.o
                0x20000066                t180kcoeffb2
 .data.t180kcoeffb3
                0x20000068        0x2 ./Core/Src/bq76952.o
                0x20000068                t180kcoeffb3
 .data.t180kcoeffb4
                0x2000006a        0x2 ./Core/Src/bq76952.o
                0x2000006a                t180kcoeffb4
 .data.t180kadc0
                0x2000006c        0x2 ./Core/Src/bq76952.o
                0x2000006c                t180kadc0
 .data.coulombcounterdeadband
                0x2000006e        0x1 ./Core/Src/bq76952.o
                0x2000006e                coulombcounterdeadband
 *fill*         0x2000006f        0x1 
 .data.cuvthresholdoverride
                0x20000070        0x2 ./Core/Src/bq76952.o
                0x20000070                cuvthresholdoverride
 .data.covthresholdoverride
                0x20000072        0x2 ./Core/Src/bq76952.o
                0x20000072                covthresholdoverride
 .data.minblowfusevoltage
                0x20000074        0x2 ./Core/Src/bq76952.o
                0x20000074                minblowfusevoltage
 .data.fuseblowtimeout
                0x20000076        0x1 ./Core/Src/bq76952.o
                0x20000076                fuseblowtimeout
 *fill*         0x20000077        0x1 
 .data.powerconfig
                0x20000078        0x2 ./Core/Src/bq76952.o
                0x20000078                powerconfig
 .data.powerconfig_nosleep
                0x2000007a        0x2 ./Core/Src/bq76952.o
                0x2000007a                powerconfig_nosleep
 .data.reg12config
                0x2000007c        0x1 ./Core/Src/bq76952.o
                0x2000007c                reg12config
 .data.reg0config
                0x2000007d        0x1 ./Core/Src/bq76952.o
                0x2000007d                reg0config
 .data.spiconfiguration
                0x2000007e        0x1 ./Core/Src/bq76952.o
                0x2000007e                spiconfiguration
 .data.cfetoffpinconfig
                0x2000007f        0x1 ./Core/Src/bq76952.o
                0x2000007f                cfetoffpinconfig
 .data.dfetoffpinconfig
                0x20000080        0x1 ./Core/Src/bq76952.o
                0x20000080                dfetoffpinconfig
 .data.alertpinconfig
                0x20000081        0x1 ./Core/Src/bq76952.o
                0x20000081                alertpinconfig
 .data.ts1config
                0x20000082        0x1 ./Core/Src/bq76952.o
                0x20000082                ts1config
 .data.ts3config
                0x20000083        0x1 ./Core/Src/bq76952.o
                0x20000083                ts3config
 .data.hdqpinconfig
                0x20000084        0x1 ./Core/Src/bq76952.o
                0x20000084                hdqpinconfig
 .data.dchgpinconfig
                0x20000085        0x1 ./Core/Src/bq76952.o
                0x20000085                dchgpinconfig
 .data.ddsgpinconfig
                0x20000086        0x1 ./Core/Src/bq76952.o
                0x20000086                ddsgpinconfig
 .data.daconfiguration
                0x20000087        0x1 ./Core/Src/bq76952.o
                0x20000087                daconfiguration
 .data.vcellmode
                0x20000088        0x2 ./Core/Src/bq76952.o
                0x20000088                vcellmode
 .data.cc3samples
                0x2000008a        0x1 ./Core/Src/bq76952.o
                0x2000008a                cc3samples
 *fill*         0x2000008b        0x1 
 .data.protectionconfiguration
                0x2000008c        0x2 ./Core/Src/bq76952.o
                0x2000008c                protectionconfiguration
 .data.enabledprotectionsa
                0x2000008e        0x1 ./Core/Src/bq76952.o
                0x2000008e                enabledprotectionsa
 .data.enabledprotectionsb
                0x2000008f        0x1 ./Core/Src/bq76952.o
                0x2000008f                enabledprotectionsb
 .data.enabledprotectionsc
                0x20000090        0x1 ./Core/Src/bq76952.o
                0x20000090                enabledprotectionsc
 .data.chgfetprotectionsa
                0x20000091        0x1 ./Core/Src/bq76952.o
                0x20000091                chgfetprotectionsa
 .data.chgfetprotectionsb
                0x20000092        0x1 ./Core/Src/bq76952.o
                0x20000092                chgfetprotectionsb
 .data.chgfetprotectionsc
                0x20000093        0x1 ./Core/Src/bq76952.o
                0x20000093                chgfetprotectionsc
 .data.dsgfetprotectionsa
                0x20000094        0x1 ./Core/Src/bq76952.o
                0x20000094                dsgfetprotectionsa
 .data.dsgfetprotectionsb
                0x20000095        0x1 ./Core/Src/bq76952.o
                0x20000095                dsgfetprotectionsb
 .data.dsgfetprotectionsc
                0x20000096        0x1 ./Core/Src/bq76952.o
                0x20000096                dsgfetprotectionsc
 *fill*         0x20000097        0x1 
 .data.bodydiodethreshold
                0x20000098        0x2 ./Core/Src/bq76952.o
                0x20000098                bodydiodethreshold
 .data.defaultalarmmask
                0x2000009a        0x2 ./Core/Src/bq76952.o
                0x2000009a                defaultalarmmask
 .data.sfalertmaska
                0x2000009c        0x1 ./Core/Src/bq76952.o
                0x2000009c                sfalertmaska
 .data.sfalertmaskb
                0x2000009d        0x1 ./Core/Src/bq76952.o
                0x2000009d                sfalertmaskb
 .data.sfalertmaskc
                0x2000009e        0x1 ./Core/Src/bq76952.o
                0x2000009e                sfalertmaskc
 .data.pfalertmaska
                0x2000009f        0x1 ./Core/Src/bq76952.o
                0x2000009f                pfalertmaska
 .data.pfalertmaskb
                0x200000a0        0x1 ./Core/Src/bq76952.o
                0x200000a0                pfalertmaskb
 .data.enabledpfa
                0x200000a1        0x1 ./Core/Src/bq76952.o
                0x200000a1                enabledpfa
 .data.enabledpfc
                0x200000a2        0x1 ./Core/Src/bq76952.o
                0x200000a2                enabledpfc
 .data.enabledpfd
                0x200000a3        0x1 ./Core/Src/bq76952.o
                0x200000a3                enabledpfd
 .data.fetoptions
                0x200000a4        0x1 ./Core/Src/bq76952.o
                0x200000a4                fetoptions
 .data.chgpumpcontrol
                0x200000a5        0x1 ./Core/Src/bq76952.o
                0x200000a5                chgpumpcontrol
 .data.prechargestopvoltage
                0x200000a6        0x2 ./Core/Src/bq76952.o
                0x200000a6                prechargestopvoltage
 .data.predischargetimeout
                0x200000a8        0x1 ./Core/Src/bq76952.o
                0x200000a8                predischargetimeout
 .data.predischargestopdelta
                0x200000a9        0x1 ./Core/Src/bq76952.o
                0x200000a9                predischargestopdelta
 .data.dsgcurrentthreshold
                0x200000aa        0x2 ./Core/Src/bq76952.o
                0x200000aa                dsgcurrentthreshold
 .data.chgcurrentthreshold
                0x200000ac        0x2 ./Core/Src/bq76952.o
                0x200000ac                chgcurrentthreshold
 .data.checktime
                0x200000ae        0x1 ./Core/Src/bq76952.o
                0x200000ae                checktime
 *fill*         0x200000af        0x1 
 .data.cell1interconnect
                0x200000b0        0x2 ./Core/Src/bq76952.o
                0x200000b0                cell1interconnect
 .data.cell2interconnect
                0x200000b2        0x2 ./Core/Src/bq76952.o
                0x200000b2                cell2interconnect
 .data.cell3interconnect
                0x200000b4        0x2 ./Core/Src/bq76952.o
                0x200000b4                cell3interconnect
 .data.cell4interconnect
                0x200000b6        0x2 ./Core/Src/bq76952.o
                0x200000b6                cell4interconnect
 .data.cell5interconnect
                0x200000b8        0x2 ./Core/Src/bq76952.o
                0x200000b8                cell5interconnect
 .data.cell6interconnect
                0x200000ba        0x2 ./Core/Src/bq76952.o
                0x200000ba                cell6interconnect
 .data.cell7interconnect
                0x200000bc        0x2 ./Core/Src/bq76952.o
                0x200000bc                cell7interconnect
 .data.cell8interconnect
                0x200000be        0x2 ./Core/Src/bq76952.o
                0x200000be                cell8interconnect
 .data.cell9interconnect
                0x200000c0        0x2 ./Core/Src/bq76952.o
                0x200000c0                cell9interconnect
 .data.cell10interconnect
                0x200000c2        0x2 ./Core/Src/bq76952.o
                0x200000c2                cell10interconnect
 .data.cell11interconnect
                0x200000c4        0x2 ./Core/Src/bq76952.o
                0x200000c4                cell11interconnect
 .data.cell12interconnect
                0x200000c6        0x2 ./Core/Src/bq76952.o
                0x200000c6                cell12interconnect
 .data.cell13interconnect
                0x200000c8        0x2 ./Core/Src/bq76952.o
                0x200000c8                cell13interconnect
 .data.cell14interconnect
                0x200000ca        0x2 ./Core/Src/bq76952.o
                0x200000ca                cell14interconnect
 .data.cell15interconnect
                0x200000cc        0x2 ./Core/Src/bq76952.o
                0x200000cc                cell15interconnect
 .data.cell16interconnect
                0x200000ce        0x2 ./Core/Src/bq76952.o
                0x200000ce                cell16interconnect
 .data.mfgstatusinit
                0x200000d0        0x2 ./Core/Src/bq76952.o
                0x200000d0                mfgstatusinit
 .data.balancingconfiguration
                0x200000d2        0x1 ./Core/Src/bq76952.o
                0x200000d2                balancingconfiguration
 .data.mincelltemp
                0x200000d3        0x1 ./Core/Src/bq76952.o
                0x200000d3                mincelltemp
 .data.maxcelltemp
                0x200000d4        0x1 ./Core/Src/bq76952.o
                0x200000d4                maxcelltemp
 .data.maxinternaltemp
                0x200000d5        0x1 ./Core/Src/bq76952.o
                0x200000d5                maxinternaltemp
 .data.cellbalanceinterval
                0x200000d6        0x1 ./Core/Src/bq76952.o
                0x200000d6                cellbalanceinterval
 .data.cellbalancemaxcells
                0x200000d7        0x1 ./Core/Src/bq76952.o
                0x200000d7                cellbalancemaxcells
 .data.cellbalancemincellvcharge
                0x200000d8        0x2 ./Core/Src/bq76952.o
                0x200000d8                cellbalancemincellvcharge
 .data.cellbalancemindeltacharge
                0x200000da        0x1 ./Core/Src/bq76952.o
                0x200000da                cellbalancemindeltacharge
 .data.cellbalancestopdeltacharge
                0x200000db        0x1 ./Core/Src/bq76952.o
                0x200000db                cellbalancestopdeltacharge
 .data.cellbalancemincellvrelax
                0x200000dc        0x2 ./Core/Src/bq76952.o
                0x200000dc                cellbalancemincellvrelax
 .data.cellbalancemindeltarelax
                0x200000de        0x1 ./Core/Src/bq76952.o
                0x200000de                cellbalancemindeltarelax
 .data.cellbalancestopdeltarelax
                0x200000df        0x1 ./Core/Src/bq76952.o
                0x200000df                cellbalancestopdeltarelax
 .data.shutdownstackvoltage
                0x200000e0        0x2 ./Core/Src/bq76952.o
                0x200000e0                shutdownstackvoltage
 .data.shutdowntemperature
                0x200000e2        0x1 ./Core/Src/bq76952.o
                0x200000e2                shutdowntemperature
 .data.shutdowntemperaturedelay
                0x200000e3        0x1 ./Core/Src/bq76952.o
                0x200000e3                shutdowntemperaturedelay
 .data.shutdowncommanddelay
                0x200000e4        0x1 ./Core/Src/bq76952.o
                0x200000e4                shutdowncommanddelay
 .data.autoshutdowntime
                0x200000e5        0x1 ./Core/Src/bq76952.o
                0x200000e5                autoshutdowntime
 .data.ramfailshutdowntime
                0x200000e6        0x1 ./Core/Src/bq76952.o
                0x200000e6                ramfailshutdowntime
 *fill*         0x200000e7        0x1 
 .data.sleepcurrent
                0x200000e8        0x2 ./Core/Src/bq76952.o
                0x200000e8                sleepcurrent
 .data.voltagetime
                0x200000ea        0x1 ./Core/Src/bq76952.o
                0x200000ea                voltagetime
 *fill*         0x200000eb        0x1 
 .data.wakecomparatorcurrent
                0x200000ec        0x2 ./Core/Src/bq76952.o
                0x200000ec                wakecomparatorcurrent
 .data.sleephysteresistime
                0x200000ee        0x1 ./Core/Src/bq76952.o
                0x200000ee                sleephysteresistime
 *fill*         0x200000ef        0x1 
 .data.sleepchargervoltagethreshold
                0x200000f0        0x2 ./Core/Src/bq76952.o
                0x200000f0                sleepchargervoltagethreshold
 .data.sleepchargerpacktosdelta
                0x200000f2        0x2 ./Core/Src/bq76952.o
                0x200000f2                sleepchargerpacktosdelta
 .data.cuvthreshold
                0x200000f4        0x1 ./Core/Src/bq76952.o
                0x200000f4                cuvthreshold
 *fill*         0x200000f5        0x1 
 .data.cuvdelay
                0x200000f6        0x2 ./Core/Src/bq76952.o
                0x200000f6                cuvdelay
 .data.cuvrecoveryhysteresis
                0x200000f8        0x1 ./Core/Src/bq76952.o
                0x200000f8                cuvrecoveryhysteresis
 .data.covthreshold
                0x200000f9        0x1 ./Core/Src/bq76952.o
                0x200000f9                covthreshold
 .data.covdelay
                0x200000fa        0x2 ./Core/Src/bq76952.o
                0x200000fa                covdelay
 .data.covrecoveryhysteresis
                0x200000fc        0x1 ./Core/Src/bq76952.o
                0x200000fc                covrecoveryhysteresis
 .data.covllatchlimit
                0x200000fd        0x1 ./Core/Src/bq76952.o
                0x200000fd                covllatchlimit
 .data.covlcounterdecdelay
                0x200000fe        0x1 ./Core/Src/bq76952.o
                0x200000fe                covlcounterdecdelay
 .data.covlrecoverytime
                0x200000ff        0x1 ./Core/Src/bq76952.o
                0x200000ff                covlrecoverytime
 .data.occthreshold
                0x20000100        0x1 ./Core/Src/bq76952.o
                0x20000100                occthreshold
 .data.occdelay
                0x20000101        0x1 ./Core/Src/bq76952.o
                0x20000101                occdelay
 .data.occrecoverythreshold
                0x20000102        0x2 ./Core/Src/bq76952.o
                0x20000102                occrecoverythreshold
 .data.occpacktosdelta
                0x20000104        0x2 ./Core/Src/bq76952.o
                0x20000104                occpacktosdelta
 .data.ocd1threshold
                0x20000106        0x1 ./Core/Src/bq76952.o
                0x20000106                ocd1threshold
 .data.ocd1delay
                0x20000107        0x1 ./Core/Src/bq76952.o
                0x20000107                ocd1delay
 .data.ocd2threshold
                0x20000108        0x1 ./Core/Src/bq76952.o
                0x20000108                ocd2threshold
 .data.ocd2delay
                0x20000109        0x1 ./Core/Src/bq76952.o
                0x20000109                ocd2delay
 .data.scdthreshold
                0x2000010a        0x1 ./Core/Src/bq76952.o
                0x2000010a                scdthreshold
 .data.scddelay
                0x2000010b        0x1 ./Core/Src/bq76952.o
                0x2000010b                scddelay
 .data.scdrecoverytime
                0x2000010c        0x1 ./Core/Src/bq76952.o
                0x2000010c                scdrecoverytime
 *fill*         0x2000010d        0x1 
 .data.ocd3threshold
                0x2000010e        0x2 ./Core/Src/bq76952.o
                0x2000010e                ocd3threshold
 .data.ocd3delay
                0x20000110        0x1 ./Core/Src/bq76952.o
                0x20000110                ocd3delay
 *fill*         0x20000111        0x1 
 .data.ocdrecoverythreshold
                0x20000112        0x2 ./Core/Src/bq76952.o
                0x20000112                ocdrecoverythreshold
 .data.ocdllatchlimit
                0x20000114        0x1 ./Core/Src/bq76952.o
                0x20000114                ocdllatchlimit
 .data.ocdlcounterdecdelay
                0x20000115        0x1 ./Core/Src/bq76952.o
                0x20000115                ocdlcounterdecdelay
 .data.ocdlrecoverytime
                0x20000116        0x1 ./Core/Src/bq76952.o
                0x20000116                ocdlrecoverytime
 *fill*         0x20000117        0x1 
 .data.ocdlrecoverythreshold
                0x20000118        0x2 ./Core/Src/bq76952.o
                0x20000118                ocdlrecoverythreshold
 .data.scdllatchlimit
                0x2000011a        0x1 ./Core/Src/bq76952.o
                0x2000011a                scdllatchlimit
 .data.scdlcounterdecdelay
                0x2000011b        0x1 ./Core/Src/bq76952.o
                0x2000011b                scdlcounterdecdelay
 .data.scdlrecoverytime
                0x2000011c        0x1 ./Core/Src/bq76952.o
                0x2000011c                scdlrecoverytime
 *fill*         0x2000011d        0x1 
 .data.scdlrecoverythreshold
                0x2000011e        0x2 ./Core/Src/bq76952.o
                0x2000011e                scdlrecoverythreshold
 .data.otcthreshold
                0x20000120        0x1 ./Core/Src/bq76952.o
                0x20000120                otcthreshold
 .data.otcdelay
                0x20000121        0x1 ./Core/Src/bq76952.o
                0x20000121                otcdelay
 .data.otcrecovery
                0x20000122        0x1 ./Core/Src/bq76952.o
                0x20000122                otcrecovery
 .data.otdthreshold
                0x20000123        0x1 ./Core/Src/bq76952.o
                0x20000123                otdthreshold
 .data.otddelay
                0x20000124        0x1 ./Core/Src/bq76952.o
                0x20000124                otddelay
 .data.otdrecovery
                0x20000125        0x1 ./Core/Src/bq76952.o
                0x20000125                otdrecovery
 .data.otfthreshold
                0x20000126        0x1 ./Core/Src/bq76952.o
                0x20000126                otfthreshold
 .data.otfdelay
                0x20000127        0x1 ./Core/Src/bq76952.o
                0x20000127                otfdelay
 .data.otfrecovery
                0x20000128        0x1 ./Core/Src/bq76952.o
                0x20000128                otfrecovery
 .data.otintthreshold
                0x20000129        0x1 ./Core/Src/bq76952.o
                0x20000129                otintthreshold
 .data.otintdelay
                0x2000012a        0x1 ./Core/Src/bq76952.o
                0x2000012a                otintdelay
 .data.otintrecovery
                0x2000012b        0x1 ./Core/Src/bq76952.o
                0x2000012b                otintrecovery
 .data.utcdelay
                0x2000012c        0x1 ./Core/Src/bq76952.o
                0x2000012c                utcdelay
 .data.utcrecovery
                0x2000012d        0x1 ./Core/Src/bq76952.o
                0x2000012d                utcrecovery
 .data.utddelay
                0x2000012e        0x1 ./Core/Src/bq76952.o
                0x2000012e                utddelay
 .data.utdrecovery
                0x2000012f        0x1 ./Core/Src/bq76952.o
                0x2000012f                utdrecovery
 .data.utintthreshold
                0x20000130        0x1 ./Core/Src/bq76952.o
                0x20000130                utintthreshold
 .data.utintdelay
                0x20000131        0x1 ./Core/Src/bq76952.o
                0x20000131                utintdelay
 .data.utintrecovery
                0x20000132        0x1 ./Core/Src/bq76952.o
                0x20000132                utintrecovery
 .data.protectionsrecoverytime
                0x20000133        0x1 ./Core/Src/bq76952.o
                0x20000133                protectionsrecoverytime
 .data.hwddelay
                0x20000134        0x2 ./Core/Src/bq76952.o
                0x20000134                hwddelay
 .data.loaddetectactivetime
                0x20000136        0x1 ./Core/Src/bq76952.o
                0x20000136                loaddetectactivetime
 .data.loaddetectretrydelay
                0x20000137        0x1 ./Core/Src/bq76952.o
                0x20000137                loaddetectretrydelay
 .data.loaddetecttimeout
                0x20000138        0x2 ./Core/Src/bq76952.o
                0x20000138                loaddetecttimeout
 .data.ptochargethreshold
                0x2000013a        0x2 ./Core/Src/bq76952.o
                0x2000013a                ptochargethreshold
 .data.ptodelay
                0x2000013c        0x2 ./Core/Src/bq76952.o
                0x2000013c                ptodelay
 .data.ptoreset
                0x2000013e        0x2 ./Core/Src/bq76952.o
                0x2000013e                ptoreset
 .data.cudepthreshold
                0x20000140        0x2 ./Core/Src/bq76952.o
                0x20000140                cudepthreshold
 .data.cudepdelay
                0x20000142        0x1 ./Core/Src/bq76952.o
                0x20000142                cudepdelay
 *fill*         0x20000143        0x1 
 .data.suvthreshold
                0x20000144        0x2 ./Core/Src/bq76952.o
                0x20000144                suvthreshold
 .data.suvdelay
                0x20000146        0x1 ./Core/Src/bq76952.o
                0x20000146                suvdelay
 *fill*         0x20000147        0x1 
 .data.sovthreshold
                0x20000148        0x2 ./Core/Src/bq76952.o
                0x20000148                sovthreshold
 .data.sovdelay
                0x2000014a        0x1 ./Core/Src/bq76952.o
                0x2000014a                sovdelay
 *fill*         0x2000014b        0x1 
 .data.tossthreshold
                0x2000014c        0x2 ./Core/Src/bq76952.o
                0x2000014c                tossthreshold
 .data.tossdelay
                0x2000014e        0x1 ./Core/Src/bq76952.o
                0x2000014e                tossdelay
 *fill*         0x2000014f        0x1 
 .data.soccthreshold
                0x20000150        0x2 ./Core/Src/bq76952.o
                0x20000150                soccthreshold
 .data.soccdelay
                0x20000152        0x1 ./Core/Src/bq76952.o
                0x20000152                soccdelay
 *fill*         0x20000153        0x1 
 .data.socdthreshold
                0x20000154        0x2 ./Core/Src/bq76952.o
                0x20000154                socdthreshold
 .data.socddelay
                0x20000156        0x1 ./Core/Src/bq76952.o
                0x20000156                socddelay
 .data.sotthreshold
                0x20000157        0x1 ./Core/Src/bq76952.o
                0x20000157                sotthreshold
 .data.sotdelay
                0x20000158        0x1 ./Core/Src/bq76952.o
                0x20000158                sotdelay
 .data.sotfthreshold
                0x20000159        0x1 ./Core/Src/bq76952.o
                0x20000159                sotfthreshold
 .data.sotfdelay
                0x2000015a        0x1 ./Core/Src/bq76952.o
                0x2000015a                sotfdelay
 *fill*         0x2000015b        0x1 
 .data.vimrcheckvoltage
                0x2000015c        0x2 ./Core/Src/bq76952.o
                0x2000015c                vimrcheckvoltage
 .data.vimrmaxrelaxcurrent
                0x2000015e        0x2 ./Core/Src/bq76952.o
                0x2000015e                vimrmaxrelaxcurrent
 .data.vimrthreshold
                0x20000160        0x2 ./Core/Src/bq76952.o
                0x20000160                vimrthreshold
 .data.vimrdelay
                0x20000162        0x1 ./Core/Src/bq76952.o
                0x20000162                vimrdelay
 *fill*         0x20000163        0x1 
 .data.vimrrelaxminduration
                0x20000164        0x2 ./Core/Src/bq76952.o
                0x20000164                vimrrelaxminduration
 .data.vimacheckvoltage
                0x20000166        0x2 ./Core/Src/bq76952.o
                0x20000166                vimacheckvoltage
 .data.vimaminactivecurrent
                0x20000168        0x2 ./Core/Src/bq76952.o
                0x20000168                vimaminactivecurrent
 .data.vimathreshold
                0x2000016a        0x2 ./Core/Src/bq76952.o
                0x2000016a                vimathreshold
 .data.vimadelay
                0x2000016c        0x1 ./Core/Src/bq76952.o
                0x2000016c                vimadelay
 *fill*         0x2000016d        0x1 
 .data.cfetfoffthreshold
                0x2000016e        0x2 ./Core/Src/bq76952.o
                0x2000016e                cfetfoffthreshold
 .data.cfetfoffdelay
                0x20000170        0x1 ./Core/Src/bq76952.o
                0x20000170                cfetfoffdelay
 *fill*         0x20000171        0x1 
 .data.dfetfoffthreshold
                0x20000172        0x2 ./Core/Src/bq76952.o
                0x20000172                dfetfoffthreshold
 .data.dfetfoffdelay
                0x20000174        0x1 ./Core/Src/bq76952.o
                0x20000174                dfetfoffdelay
 *fill*         0x20000175        0x1 
 .data.vssffailthreshold
                0x20000176        0x2 ./Core/Src/bq76952.o
                0x20000176                vssffailthreshold
 .data.vssfdelay
                0x20000178        0x1 ./Core/Src/bq76952.o
                0x20000178                vssfdelay
 .data.pf2lvldelay
                0x20000179        0x1 ./Core/Src/bq76952.o
                0x20000179                pf2lvldelay
 .data.lfofdelay
                0x2000017a        0x1 ./Core/Src/bq76952.o
                0x2000017a                lfofdelay
 .data.hwmxdelay
                0x2000017b        0x1 ./Core/Src/bq76952.o
                0x2000017b                hwmxdelay
 .data.unsealkeystep1
                0x2000017c        0x2 ./Core/Src/bq76952.o
                0x2000017c                unsealkeystep1
 .data.unsealkeystep2
                0x2000017e        0x2 ./Core/Src/bq76952.o
                0x2000017e                unsealkeystep2
 .data.fullaccesskeystep1
                0x20000180        0x2 ./Core/Src/bq76952.o
                0x20000180                fullaccesskeystep1
 .data.fullaccesskeystep2
                0x20000182        0x2 ./Core/Src/bq76952.o
                0x20000182                fullaccesskeystep2
 .data.BATT_SOC
                0x20000184        0x4 ./Core/Src/main.o
                0x20000184                BATT_SOC
 .data.state    0x20000188        0x1 ./Core/Src/main.o
                0x20000188                state
 .data.current_state
                0x20000189        0x1 ./Core/Src/main.o
                0x20000189                current_state
 .data.required_current
                0x2000018a        0x1 ./Core/Src/main.o
                0x2000018a                required_current
 .data.voltage_high
                0x2000018b        0x1 ./Core/Src/main.o
                0x2000018b                voltage_high
 .data.voltage_low
                0x2000018c        0x1 ./Core/Src/main.o
                0x2000018c                voltage_low
 .data.charger_byte
                0x2000018d        0x1 ./Core/Src/main.o
                0x2000018d                charger_byte
 *fill*         0x2000018e        0x2 
 .data.a_value  0x20000190        0x4 ./Core/Src/main.o
                0x20000190                a_value
 .data.b_value  0x20000194        0x4 ./Core/Src/main.o
                0x20000194                b_value
 .data.SystemCoreClock
                0x20000198        0x4 ./Core/Src/system_stm32f0xx.o
                0x20000198                SystemCoreClock
 .data.uwTickPrio
                0x2000019c        0x4 ./Drivers/STM32F0xx_HAL_Driver/Src/stm32f0xx_hal.o
                0x2000019c                uwTickPrio
 .data.uwTickFreq
                0x200001a0        0x1 ./Drivers/STM32F0xx_HAL_Driver/Src/stm32f0xx_hal.o
                0x200001a0                uwTickFreq
 *(.RamFunc)
 *(.RamFunc*)
                0x200001a4                        . = ALIGN (0x4)
 *fill*         0x200001a1        0x3 
                0x200001a4                        _edata = .

.igot.plt       0x200001a4        0x0 load address 0x0800f6fc
 .igot.plt      0x200001a4        0x0 C:/ST/STM32CubeIDE_1.16.0/STM32CubeIDE/plugins/com.st.stm32cube.ide.mcu.externaltools.gnu-tools-for-stm32.12.3.rel1.win32_1.0.200.202406191623/tools/bin/../lib/gcc/arm-none-eabi/12.3.1/thumb/v6-m/nofp/crtbegin.o
                0x200001a4                        . = ALIGN (0x4)

.bss            0x200001a8      0xc40 load address 0x0800f6fc
                0x200001a8                        _sbss = .
                0x200001a8                        __bss_start__ = _sbss
 *(.bss)
 .bss           0x200001a8       0x1c C:/ST/STM32CubeIDE_1.16.0/STM32CubeIDE/plugins/com.st.stm32cube.ide.mcu.externaltools.gnu-tools-for-stm32.12.3.rel1.win32_1.0.200.202406191623/tools/bin/../lib/gcc/arm-none-eabi/12.3.1/thumb/v6-m/nofp/crtbegin.o
 *(.bss*)
 .bss.SoC_value
                0x200001c4        0x4 ./Core/Src/SOCtasks.o
                0x200001c4                SoC_value
 .bss.prev_SoC  0x200001c8        0x4 ./Core/Src/SOCtasks.o
                0x200001c8                prev_SoC
 .bss.P_val     0x200001cc        0x4 ./Core/Src/SOCtasks.o
                0x200001cc                P_val
 .bss.Q_val     0x200001d0        0x4 ./Core/Src/SOCtasks.o
                0x200001d0                Q_val
 .bss.R_val     0x200001d4        0x4 ./Core/Src/SOCtasks.o
                0x200001d4                R_val
 .bss.C_val     0x200001d8        0x4 ./Core/Src/SOCtasks.o
                0x200001d8                C_val
 .bss.K         0x200001dc        0x4 ./Core/Src/SOCtasks.o
                0x200001dc                K
 .bss.init_flag
                0x200001e0        0x1 ./Core/Src/SOCtasks.o
                0x200001e0                init_flag
 *fill*         0x200001e1        0x3 
 .bss.previous_voltage
                0x200001e4        0x4 ./Core/Src/SOCtasks.o
                0x200001e4                previous_voltage
 .bss.previous_current
                0x200001e8        0x4 ./Core/Src/SOCtasks.o
                0x200001e8                previous_current
 .bss.reset_acccharge_flag
                0x200001ec        0x1 ./Core/Src/SOCtasks.o
                0x200001ec                reset_acccharge_flag
 *fill*         0x200001ed        0x3 
 .bss.charge_acc
                0x200001f0        0x4 ./Core/Src/SOCtasks.o
                0x200001f0                charge_acc
 .bss.packgain  0x200001f4        0x2 ./Core/Src/bq76952.o
                0x200001f4                packgain
 .bss.tosgain   0x200001f6        0x2 ./Core/Src/bq76952.o
                0x200001f6                tosgain
 .bss.ldgain    0x200001f8        0x2 ./Core/Src/bq76952.o
                0x200001f8                ldgain
 .bss.adcgain   0x200001fa        0x2 ./Core/Src/bq76952.o
                0x200001fa                adcgain
 .bss.boardoffset
                0x200001fc        0x2 ./Core/Src/bq76952.o
                0x200001fc                boardoffset
 .bss.internaltempoffset
                0x200001fe        0x1 ./Core/Src/bq76952.o
                0x200001fe                internaltempoffset
 .bss.cfetofftempoffset
                0x200001ff        0x1 ./Core/Src/bq76952.o